******************************************************************************
             TMS320C2000 Linker PC v6.2.7                      
******************************************************************************
>> Linked Fri Nov 24 18:36:30 2017

OUTPUT FILE NAME:   <motorsBetaC2.out>
ENTRY POINT SYMBOL: "_c_int00"  address: 003f6b59


MEMORY CONFIGURATION

         name            origin    length      used     unused   attr    fill
----------------------  --------  ---------  --------  --------  ----  --------
PAGE 0:
  RAML0                 00008000   00000800  00000000  00000800  RWIX
  RAML1                 00008800   00000400  00000000  00000400  RWIX
  OTP                   003d7800   00000400  00000000  00000400  RWIX
  FLASHH                003d8000   00004000  00000000  00004000  RWIX
  FLASHG                003dc000   00004000  00000000  00004000  RWIX
  FLASHF                003e0000   00004000  00000000  00004000  RWIX
  FLASHE                003e4000   00004000  00000000  00004000  RWIX
  FLASHD                003e8000   00004000  00000000  00004000  RWIX
  FLASHC                003ec000   00004000  00000000  00004000  RWIX
  FLASHA                003f4000   00003f80  00002fba  00000fc6  RWIX
  CSM_RSVD              003f7f80   00000076  00000000  00000076  RWIX
  BEGIN                 003f7ff6   00000002  00000002  00000000  RWIX
  CSM_PWL_P0            003f7ff8   00000008  00000000  00000008  RWIX
  FPUTABLES             003fd860   000006a0  00000000  000006a0  RWIX
  IQTABLES              003fdf00   00000b50  00000000  00000b50  RWIX
  IQTABLES2             003fea50   0000008c  00000000  0000008c  RWIX
  IQTABLES3             003feadc   000000aa  00000000  000000aa  RWIX
  ROM                   003ff3b0   00000c10  00000000  00000c10  RWIX
  RESET                 003fffc0   00000002  00000000  00000002  RWIX
  VECTORS               003fffc2   0000003e  00000000  0000003e  RWIX

PAGE 1:
  BOOT_RSVD             00000000   00000050  00000000  00000050  RWIX
  RAMM0                 00000050   000003b0  00000300  000000b0  RWIX
  RAMM1                 00000400   00000400  00000000  00000400  RWIX
  RAML2                 00008c00   00000400  00000000  00000400  RWIX
  RAML3                 00009000   00001000  00000408  00000bf8  RWIX
  RAML4                 0000a000   00002000  00000000  00002000  RWIX
  RAML5                 0000c000   00002000  00000000  00002000  RWIX
  RAML6                 0000e000   00002000  00000000  00002000  RWIX
  RAML7                 00010000   00002000  00000000  00002000  RWIX
  RAML8                 00012000   00002000  00000000  00002000  RWIX
  USB_RAM               00040000   00000800  00000000  00000800  RWIX
  FLASHB                003f0000   00004000  00000000  00004000  RWIX


SECTION ALLOCATION MAP

 output                                  attributes/
section   page    origin      length       input sections
--------  ----  ----------  ----------   ----------------
.pinit     0    003f4000    00000000     UNINITIALIZED

ramfuncs   0    00008000    00000000     UNINITIALIZED

.text      0    003f4000    00002be2     
                  003f4000    00001774     main.obj (.text)
                  003f5774    00000e50     main.obj (.text:retain)
                  003f65c4    000002ca     clk.obj (.text)
                  003f688e    0000018a     gpio.obj (.text)
                  003f6a18    00000088     rts2800_fpu32.lib : fs_div.obj (.text)
                  003f6aa0    00000061                       : cos.obj (.text)
                  003f6b01    00000058                       : sin.obj (.text)
                  003f6b59    00000046                       : boot.obj (.text)
                  003f6b9f    00000019                       : args_main.obj (.text)
                  003f6bb8    00000019                       : exit.obj (.text)
                  003f6bd1    00000009                       : _lock.obj (.text)
                  003f6bda    00000008     F2806x_CodeStartBranch.obj (.text)

.econst    0    003f6be2    00000200     
                  003f6be2    00000100     main.obj (.econst:.string:_CRC_TABLE)
                  003f6ce2    00000100     main.obj (.econst)

.cinit     0    003f6de2    000001b8     
                  003f6de2    000001a2     main.obj (.cinit)
                  003f6f84    0000000a     rts2800_fpu32.lib : _lock.obj (.cinit)
                  003f6f8e    0000000a                       : exit.obj (.cinit)
                  003f6f98    00000002     --HOLE-- [fill = 0]

.switch    0    003f6f9a    00000020     
                  003f6f9a    00000020     main.obj (.switch:_adcRead)

codestart 
*          0    003f7ff6    00000002     
                  003f7ff6    00000002     F2806x_CodeStartBranch.obj (codestart)

.reset     0    003fffc0    00000002     DSECT
                  003fffc0    00000002     rts2800_fpu32.lib : boot.obj (.reset)

vectors    0    003fffc2    00000000     DSECT

.stack     1    00000050    00000300     UNINITIALIZED
                  00000050    00000300     --HOLE--

.ebss      1    00009000    00000408     UNINITIALIZED
                  00009000    00000400     main.obj (.ebss)
                  00009400    00000004     rts2800_fpu32.lib : _lock.obj (.ebss)
                  00009404    00000004                       : exit.obj (.ebss)


GLOBAL DATA SYMBOLS: SORTED BY DATA PAGE

address     data page           name
--------    ----------------    ----
00000050       1 (00000040)     __stack

00009000     240 (00009000)     _CTRLSUM
00009001     240 (00009000)     _SAAD_TESTS_BITS
00009002     240 (00009000)     _SAAD_TEST_RES_BITS
00009003     240 (00009000)     _SAAD_ST
00009004     240 (00009000)     _COMMAND_BYTE_BITS
00009005     240 (00009000)     _SAAD_TEST_RES
00009006     240 (00009000)     _VELOCITY
00009007     240 (00009000)     _COMMAND_BYTE
00009008     240 (00009000)     _VELOCITY_BITS
00009009     240 (00009000)     _DATA
0000900a     240 (00009000)     _CTRLSUM_BITS
0000900b     240 (00009000)     _POSITION
0000900c     240 (00009000)     _DATA_BITS
0000900d     240 (00009000)     _apsL
0000900e     240 (00009000)     _apsR
0000900f     240 (00009000)     _sendDubSCI
00009010     240 (00009000)     _testSciSend
00009011     240 (00009000)     _sendSCI
00009012     240 (00009000)     _moveMode
00009013     240 (00009000)     _lockDevStepCount
00009014     240 (00009000)     _mode
00009015     240 (00009000)     _lockDevEn
00009016     240 (00009000)     _lockDevSend
00009017     240 (00009000)     _delay
00009018     240 (00009000)     _counter
00009019     240 (00009000)     _xData
0000901a     240 (00009000)     _saadTestsPs
0000901b     240 (00009000)     _yData
0000901c     240 (00009000)     _saadTests
0000901d     240 (00009000)     _setSci
0000901e     240 (00009000)     _sciSendCnt
0000901f     240 (00009000)     _sciFramePart
00009020     240 (00009000)     _sciCounter
00009021     240 (00009000)     _POSITION_BITS
00009022     240 (00009000)     _SAAD_CTRL
00009023     240 (00009000)     _SAAD_ST_BITS
00009024     240 (00009000)     _SAAD_CTRL_BITS
00009026     240 (00009000)     _alpha1
00009028     240 (00009000)     _alpha
0000902a     240 (00009000)     _vel
0000902c     240 (00009000)     _speed
0000902e     240 (00009000)     _SAAD_CTRL_ALL
00009030     240 (00009000)     _sysCtrlRegs
00009032     240 (00009000)     _gpioS
00009034     240 (00009000)     _adcRegs
00009036     240 (00009000)     _clkS
00009038     240 (00009000)     _adcResRegs
0000903a     240 (00009000)     _mcbspData
0000903c     240 (00009000)     _time
0000903e     240 (00009000)     _jj

00009040     241 (00009040)     _i
00009042     241 (00009040)     _j
00009044     241 (00009040)     _mode1cnt
00009046     241 (00009040)     _mode3cnt
00009048     241 (00009040)     _acel
0000904a     241 (00009040)     _timer1cnt
0000904c     241 (00009040)     _timeUp
0000904e     241 (00009040)     _dt
00009050     241 (00009040)     _timer0cnt
00009052     241 (00009040)     _spiaRegs
00009054     241 (00009040)     _CpuTimer0Regs
00009056     241 (00009040)     _tempData2
00009058     241 (00009040)     _CpuTimer1Regs
0000905a     241 (00009040)     _interrupS
0000905c     241 (00009040)     _sciaRegs
0000905e     241 (00009040)     _xIntruptRegs
00009060     241 (00009040)     _spiData
00009062     241 (00009040)     _interrupSVectTable
00009064     241 (00009040)     _mcbspRegs
00009066     241 (00009040)     _flashRegs
00009068     241 (00009040)     _START_BIT
0000906a     241 (00009040)     _tempData1
0000906c     241 (00009040)     _START_BIT_BITS
0000906e     241 (00009040)     _CpuTimer2Regs
00009070     241 (00009040)     _refD
00009074     241 (00009040)     _iTot
00009078     241 (00009040)     _refQ
0000907c     241 (00009040)     _pwmValues

00009080     242 (00009080)     _dqP
00009088     242 (00009080)     _alBe
00009090     242 (00009080)     _dq
00009098     242 (00009080)     _saadFrameSend
000090a0     242 (00009080)     _alBeI
000090a8     242 (00009080)     _saadFrameResive
000090b0     242 (00009080)     _pwmRegS

000090c0     243 (000090c0)     _pwmHandle
000090cc     243 (000090c0)     _abcI
000090d8     243 (000090c0)     _abc

00009100     244 (00009100)     _adcRes

00009140     245 (00009140)     _motor1

00009180     246 (00009180)     _motor0

000091c0     247 (000091c0)     _spiModule

00009200     248 (00009200)     _pidD

00009280     24a (00009280)     _pidQ

00009300     24c (00009300)     _pidVel

00009380     24e (00009380)     _AMCconfArr

00009400     250 (00009400)     __unlock
00009402     250 (00009400)     __lock
00009404     250 (00009400)     ___TI_cleanup_ptr
00009406     250 (00009400)     ___TI_dtors_ptr

003f6ce2    fdb3 (003f6cc0)     _PieVectTableInit


GLOBAL SYMBOLS: SORTED ALPHABETICALLY BY Name 

address    name
--------   ----
003f4000   .text
003f6bb8   C$$EXIT
003f6a18   FS$$DIV
003f5832   _ADCINT1_ISR
003f583c   _ADCINT2_ISR
003f5a44   _ADCINT3_ISR
003f5a4e   _ADCINT4_ISR
003f5a58   _ADCINT5_ISR
003f5a62   _ADCINT6_ISR
003f5a6c   _ADCINT7_ISR
003f5a76   _ADCINT8_ISR
003f585a   _ADCINT9_ISR
003f4612   _ADC_config
003f49d5   _AMCconf
00009380   _AMCconfArr
003f5a80   _CLA1_INT1_ISR
003f5a8a   _CLA1_INT2_ISR
003f5a94   _CLA1_INT3_ISR
003f5a9e   _CLA1_INT4_ISR
003f5aa8   _CLA1_INT5_ISR
003f5ab2   _CLA1_INT6_ISR
003f5abc   _CLA1_INT7_ISR
003f5ac6   _CLA1_INT8_ISR
003f65c4   _CLK_disableAdcClock
003f65d1   _CLK_disableClaClock
003f65de   _CLK_disableClkIn
003f65ea   _CLK_disableCompClock
003f65f6   _CLK_disableCpuTimerClock
003f6605   _CLK_disableCrystalOsc
003f6611   _CLK_disableEcanaClock
003f661e   _CLK_disableEcap1Clock
003f662b   _CLK_disableEqep1Clock
003f6638   _CLK_disableGpioInputClock
003f6645   _CLK_disableHrPwmClock
003f6652   _CLK_disableI2cClock
003f665f   _CLK_disableLinAClock
003f666c   _CLK_disableOsc1
003f6678   _CLK_disableOsc1HaltMode
003f6684   _CLK_disableOsc2
003f6690   _CLK_disableOsc2HaltMode
003f669c   _CLK_disablePwmClock
003f66ad   _CLK_disableSciaClock
003f66ba   _CLK_disableSpiaClock
003f66c7   _CLK_disableSpibClock
003f66d1   _CLK_disableTbClockSync
003f66de   _CLK_disableWatchDogHaltMode
003f66ea   _CLK_enableAdcClock
003f66f7   _CLK_enableClaClock
003f6753   _CLK_enableClkIn
003f6704   _CLK_enableCompClock
003f6712   _CLK_enableCpuTimerClock
003f6720   _CLK_enableCrystalOsc
003f672c   _CLK_enableEcanaClock
003f6746   _CLK_enableEcap1Clock
003f6739   _CLK_enableEqep1Clock
003f675f   _CLK_enableGpioInputClock
003f676c   _CLK_enableHrPwmClock
003f6779   _CLK_enableI2cClock
003f6786   _CLK_enableLinAClock
003f6793   _CLK_enableOsc1
003f679f   _CLK_enableOsc1HaltMode
003f67ab   _CLK_enableOsc2
003f67b7   _CLK_enableOsc2HaltMode
003f67c3   _CLK_enablePwmClock
003f67d3   _CLK_enableSciaClock
003f67e0   _CLK_enableSpiaClock
003f67ed   _CLK_enableSpibClock
003f67fa   _CLK_enableTbClockSync
003f6807   _CLK_enableWatchDogHaltMode
003f6813   _CLK_init
003f6820   _CLK_setClkOutPreScaler
003f6830   _CLK_setLowSpdPreScaler
003f684e   _CLK_setOsc2Src
003f683e   _CLK_setOscSrc
003f685e   _CLK_setTimer2PreScale
003f686e   _CLK_setTimer2Src
003f687e   _CLK_setWatchDogSrc
00009007   _COMMAND_BYTE
00009004   _COMMAND_BYTE_BITS
00009000   _CTRLSUM
0000900a   _CTRLSUM_BITS
003f4c15   _ConfigCpuTimer0
003f4c3b   _ConfigCpuTimer1
003f4c60   _ConfigCpuTimer2
00009054   _CpuTimer0Regs
00009058   _CpuTimer1Regs
0000906e   _CpuTimer2Regs
00009009   _DATA
003f5788   _DATALOG_ISR
0000900c   _DATA_BITS
003f59b8   _DINTCH1_ISR
003f59c2   _DINTCH2_ISR
003f59cc   _DINTCH3_ISR
003f59d6   _DINTCH4_ISR
003f59e0   _DINTCH5_ISR
003f59ea   _DINTCH6_ISR
003f4495   _DisableDog
003f5a30   _ECAN0INTA_ISR
003f5a3a   _ECAN1INTA_ISR
003f5918   _ECAP1_INT_ISR
003f5922   _ECAP2_INT_ISR
003f592c   _ECAP3_INT_ISR
003f5aee   _EMPTY_ISR
003f579c   _EMUINT_ISR
003f58c8   _EPWM1_INT_ISR
003f5878   _EPWM1_TZINT_ISR
003f58d2   _EPWM2_INT_ISR
003f5882   _EPWM2_TZINT_ISR
003f58dc   _EPWM3_INT_ISR
003f588c   _EPWM3_TZINT_ISR
003f58e6   _EPWM4_INT_ISR
003f5896   _EPWM4_TZINT_ISR
003f58f0   _EPWM5_INT_ISR
003f58a0   _EPWM5_TZINT_ISR
003f58fa   _EPWM6_INT_ISR
003f58aa   _EPWM6_TZINT_ISR
003f5904   _EPWM7_INT_ISR
003f58b4   _EPWM7_TZINT_ISR
003f590e   _EPWM8_INT_ISR
003f58be   _EPWM8_TZINT_ISR
003f594a   _EQEP1_INT_ISR
003f5954   _EQEP2_INT_ISR
003f688e   _GPIO_init
003f6926   _GPIO_read
003f68d7   _GPIO_setDirection
003f6913   _GPIO_setExtInt
003f6953   _GPIO_setHigh
003f6971   _GPIO_setLow
003f698f   _GPIO_setMode
003f689b   _GPIO_setPullup
003f69fa   _GPIO_toggle
003f6597   _GYRO_X_isr
003f5936   _HRCAP1_INT_ISR
003f5940   _HRCAP2_INT_ISR
003f595e   _HRCAP3_INT_ISR
003f5968   _HRCAP4_INT_ISR
003f59f4   _I2CINT1A_ISR
003f59fe   _I2CINT2A_ISR
003f57b0   _ILLEGAL_ISR
003f5774   _INT13_ISR
003f577e   _INT14_ISR
003f449f   _InitPll
003f5ae4   _LUF_ISR
003f5ada   _LVF_ISR
003f59a4   _MRINTA_ISR
003f59ae   _MXINTA_ISR
003f57a6   _NMI_ISR
003f5afb   _PIE_RESERVED
0000900b   _POSITION
00009021   _POSITION_BITS
003f6ce2   _PieVectTableInit
003f5792   _RTOSINT_ISR
00008000   _RamfuncsLoadEnd
00000000   _RamfuncsLoadSize
00008000   _RamfuncsLoadStart
00008000   _RamfuncsRunStart
00009022   _SAAD_CTRL
0000902e   _SAAD_CTRL_ALL
00009024   _SAAD_CTRL_BITS
00009003   _SAAD_ST
00009023   _SAAD_ST_BITS
00009001   _SAAD_TESTS_BITS
00009005   _SAAD_TEST_RES
00009002   _SAAD_TEST_RES_BITS
003f5a08   _SCIRXINTA_ISR
003f5a1c   _SCIRXINTB_ISR
003f5a12   _SCITXINTA_ISR
003f5a26   _SCITXINTB_ISR
003f6583   _SCI_RX_isr
003f597c   _SPIRXINTA_ISR
003f5990   _SPIRXINTB_ISR
003f5986   _SPITXINTA_ISR
003f599a   _SPITXINTB_ISR
003f5541   _SPI_RX_isr
00009068   _START_BIT
0000906c   _START_BIT_BITS
003f4487   _ServiceDog
003f5864   _TINT0_ISR
003f5972   _USB0_INT_ISR
003f5814   _USER10_ISR
003f581e   _USER11_ISR
003f5828   _USER12_ISR
003f57ba   _USER1_ISR
003f57c4   _USER2_ISR
003f57ce   _USER3_ISR
003f57d8   _USER4_ISR
003f57e2   _USER5_ISR
003f57ec   _USER6_ISR
003f57f6   _USER7_ISR
003f5800   _USER8_ISR
003f580a   _USER9_ISR
00009006   _VELOCITY
00009008   _VELOCITY_BITS
003f586e   _WAKEINT_ISR
003f5846   _XINT1_ISR
003f5850   _XINT2_ISR
003f5ad0   _XINT3_ISR
00000350   __STACK_END
00000300   __STACK_SIZE
00000001   __TI_args_main
00009404   ___TI_cleanup_ptr
00009406   ___TI_dtors_ptr
ffffffff   ___binit__
ffffffff   ___c_args__
003f6de2   ___cinit__
003f6be2   ___etext__
ffffffff   ___pinit__
003f4000   ___text__
003f6b9f   __args_main
00009402   __lock
003f6bd9   __nop
003f6bd5   __register_lock
003f6bd1   __register_unlock
00000050   __stack
00009400   __unlock
000090d8   _abc
000090cc   _abcI
003f6bb8   _abort
00009048   _acel
003f4609   _adcInit
003f478c   _adcRead
00009034   _adcRegs
00009100   _adcRes
00009038   _adcResRegs
003f65ab   _adc_X_ISR
00009088   _alBe
000090a0   _alBeI
00009028   _alpha
00009026   _alpha1
003f51d2   _alphaF
0000900d   _apsL
0000900e   _apsR
003f6b59   _c_int00
003f4e9a   _calcPWM
003f5613   _calcSpeed
003f4fda   _clarke
003f5084   _clarkeInv
003f47f6   _clkInit
00009036   _clkS
003f48da   _clkg_delay_loop
003f6aa0   _cos
00009018   _counter
003f5b0f   _cpu_timer0_isr
003f5fe7   _cpu_timer1_isr
003f5f53   _cpu_timer2_isr
003f4e7a   _crc8DATA
003f4e3a   _crc8POS
003f4e5a   _crc8VEL
00009017   _delay
003f48c4   _delay_loop
003f4df8   _disablePWM
00009090   _dq
00009080   _dqP
0000904e   _dt
003f6bba   _exit
003f4439   _flashInit
00009066   _flashRegs
003f443f   _flashSetup
003f4e2c   _getMaxPWMVal
003f41f0   _gpioInit
00009032   _gpioS
003f4a99   _gyroVerifyL2G2IS
00009040   _i
00009074   _iTot
0000905a   _interrupS
003f4bcc   _interrupSDefVectTableInit
00009062   _interrupSVectTable
003f4bac   _interrupsCpuSetup
003f4b57   _interrupsCtrlInit
003f4b4b   _interrupsInit
003f4ba1   _interruptSEnable
00009042   _j
0000903e   _jj
00009015   _lockDevEn
00009016   _lockDevSend
003f559a   _lockDevStart
00009013   _lockDevStepCount
003f52e9   _main
003f512e   _makeTest
003f49d1   _mcbspAddr
0000903a   _mcbspData
00009064   _mcbspRegs
003f493d   _mcbspSetupSpi
003f49af   _mcbsp_read
003f4994   _mcbsp_write
003f48f0   _mcbspaInit
003f48f6   _mcbspaSetup
00009014   _mode
00009044   _mode1cnt
00009046   _mode3cnt
00009180   _motor0
00009140   _motor1
00009012   _moveMode
003f500e   _park
003f5049   _parkInv
003f4f14   _pidCalc
00009200   _pidD
00009280   _pidQ
00009300   _pidVel
003f4f15   _pid_reg3_calc
000090c0   _pwmHandle
000090b0   _pwmRegS
003f4c85   _pwmSInit
003f4c9a   _pwmSetupWTest
0000907c   _pwmValues
00009070   _refD
00009078   _refQ
003f5b05   _rsvd_ISR
000090a8   _saadFrameResive
00009098   _saadFrameSend
0000901c   _saadTests
0000901a   _saadTestsPs
00009020   _sciCounter
0000901f   _sciFramePart
0000901e   _sciSendCnt
003f4b01   _sciaInit
003f4b3c   _sciaRead
0000905c   _sciaRegs
003f4b07   _sciaSetup
003f4b41   _sciaWrite
0000900f   _sendDubSCI
00009011   _sendSCI
003f45eb   _setExtOsc
003f45a0   _setIntOsc1
003f45b5   _setIntOsc2
003f4dd6   _setPWMValues
003f4e0d   _setPWMValuesArr
0000901d   _setSci
003f44fe   _setUpPeripheralClocks
003f45d0   _setXTALOsc
003f47ff   _setupClks
003f41f9   _setupGPIOs
003f442a   _setupGPIOsInterrupt
003f4830   _setupPeripheralClks
003f6b01   _sin
0000902c   _speed
00009060   _spiData
003f4a8b   _spiDisableFF
003f4aec   _spiGyroConfL2G2IS
003f4abf   _spiGyroConfMAX
003f4a76   _spiInit
000091c0   _spiModule
003f4a7c   _spiSetupFF
00009052   _spiaRegs
003f4f0d   _stopMotor
00009030   _sysCtrlRegs
003f4463   _systemInit
003f4469   _systemSetup
0000906a   _tempData1
00009056   _tempData2
00009010   _testSciSend
0000903c   _time
0000904c   _timeUp
00009050   _timer0cnt
0000904a   _timer1cnt
003f4bf7   _timerInit
003f4c03   _timerSConfig
003f41df   _usDelay
0000902a   _vel
00009019   _xData
0000905e   _xIntruptRegs
0000901b   _yData
ffffffff   binit
003f6de2   cinit
003f7ff6   code_start
003f6be2   etext
ffffffff   pinit


GLOBAL SYMBOLS: SORTED BY Symbol Address 

address    name
--------   ----
00000000   _RamfuncsLoadSize
00000001   __TI_args_main
00000050   __stack
00000300   __STACK_SIZE
00000350   __STACK_END
00008000   _RamfuncsLoadEnd
00008000   _RamfuncsLoadStart
00008000   _RamfuncsRunStart
00009000   _CTRLSUM
00009001   _SAAD_TESTS_BITS
00009002   _SAAD_TEST_RES_BITS
00009003   _SAAD_ST
00009004   _COMMAND_BYTE_BITS
00009005   _SAAD_TEST_RES
00009006   _VELOCITY
00009007   _COMMAND_BYTE
00009008   _VELOCITY_BITS
00009009   _DATA
0000900a   _CTRLSUM_BITS
0000900b   _POSITION
0000900c   _DATA_BITS
0000900d   _apsL
0000900e   _apsR
0000900f   _sendDubSCI
00009010   _testSciSend
00009011   _sendSCI
00009012   _moveMode
00009013   _lockDevStepCount
00009014   _mode
00009015   _lockDevEn
00009016   _lockDevSend
00009017   _delay
00009018   _counter
00009019   _xData
0000901a   _saadTestsPs
0000901b   _yData
0000901c   _saadTests
0000901d   _setSci
0000901e   _sciSendCnt
0000901f   _sciFramePart
00009020   _sciCounter
00009021   _POSITION_BITS
00009022   _SAAD_CTRL
00009023   _SAAD_ST_BITS
00009024   _SAAD_CTRL_BITS
00009026   _alpha1
00009028   _alpha
0000902a   _vel
0000902c   _speed
0000902e   _SAAD_CTRL_ALL
00009030   _sysCtrlRegs
00009032   _gpioS
00009034   _adcRegs
00009036   _clkS
00009038   _adcResRegs
0000903a   _mcbspData
0000903c   _time
0000903e   _jj
00009040   _i
00009042   _j
00009044   _mode1cnt
00009046   _mode3cnt
00009048   _acel
0000904a   _timer1cnt
0000904c   _timeUp
0000904e   _dt
00009050   _timer0cnt
00009052   _spiaRegs
00009054   _CpuTimer0Regs
00009056   _tempData2
00009058   _CpuTimer1Regs
0000905a   _interrupS
0000905c   _sciaRegs
0000905e   _xIntruptRegs
00009060   _spiData
00009062   _interrupSVectTable
00009064   _mcbspRegs
00009066   _flashRegs
00009068   _START_BIT
0000906a   _tempData1
0000906c   _START_BIT_BITS
0000906e   _CpuTimer2Regs
00009070   _refD
00009074   _iTot
00009078   _refQ
0000907c   _pwmValues
00009080   _dqP
00009088   _alBe
00009090   _dq
00009098   _saadFrameSend
000090a0   _alBeI
000090a8   _saadFrameResive
000090b0   _pwmRegS
000090c0   _pwmHandle
000090cc   _abcI
000090d8   _abc
00009100   _adcRes
00009140   _motor1
00009180   _motor0
000091c0   _spiModule
00009200   _pidD
00009280   _pidQ
00009300   _pidVel
00009380   _AMCconfArr
00009400   __unlock
00009402   __lock
00009404   ___TI_cleanup_ptr
00009406   ___TI_dtors_ptr
003f4000   .text
003f4000   ___text__
003f41df   _usDelay
003f41f0   _gpioInit
003f41f9   _setupGPIOs
003f442a   _setupGPIOsInterrupt
003f4439   _flashInit
003f443f   _flashSetup
003f4463   _systemInit
003f4469   _systemSetup
003f4487   _ServiceDog
003f4495   _DisableDog
003f449f   _InitPll
003f44fe   _setUpPeripheralClocks
003f45a0   _setIntOsc1
003f45b5   _setIntOsc2
003f45d0   _setXTALOsc
003f45eb   _setExtOsc
003f4609   _adcInit
003f4612   _ADC_config
003f478c   _adcRead
003f47f6   _clkInit
003f47ff   _setupClks
003f4830   _setupPeripheralClks
003f48c4   _delay_loop
003f48da   _clkg_delay_loop
003f48f0   _mcbspaInit
003f48f6   _mcbspaSetup
003f493d   _mcbspSetupSpi
003f4994   _mcbsp_write
003f49af   _mcbsp_read
003f49d1   _mcbspAddr
003f49d5   _AMCconf
003f4a76   _spiInit
003f4a7c   _spiSetupFF
003f4a8b   _spiDisableFF
003f4a99   _gyroVerifyL2G2IS
003f4abf   _spiGyroConfMAX
003f4aec   _spiGyroConfL2G2IS
003f4b01   _sciaInit
003f4b07   _sciaSetup
003f4b3c   _sciaRead
003f4b41   _sciaWrite
003f4b4b   _interrupsInit
003f4b57   _interrupsCtrlInit
003f4ba1   _interruptSEnable
003f4bac   _interrupsCpuSetup
003f4bcc   _interrupSDefVectTableInit
003f4bf7   _timerInit
003f4c03   _timerSConfig
003f4c15   _ConfigCpuTimer0
003f4c3b   _ConfigCpuTimer1
003f4c60   _ConfigCpuTimer2
003f4c85   _pwmSInit
003f4c9a   _pwmSetupWTest
003f4dd6   _setPWMValues
003f4df8   _disablePWM
003f4e0d   _setPWMValuesArr
003f4e2c   _getMaxPWMVal
003f4e3a   _crc8POS
003f4e5a   _crc8VEL
003f4e7a   _crc8DATA
003f4e9a   _calcPWM
003f4f0d   _stopMotor
003f4f14   _pidCalc
003f4f15   _pid_reg3_calc
003f4fda   _clarke
003f500e   _park
003f5049   _parkInv
003f5084   _clarkeInv
003f512e   _makeTest
003f51d2   _alphaF
003f52e9   _main
003f5541   _SPI_RX_isr
003f559a   _lockDevStart
003f5613   _calcSpeed
003f5774   _INT13_ISR
003f577e   _INT14_ISR
003f5788   _DATALOG_ISR
003f5792   _RTOSINT_ISR
003f579c   _EMUINT_ISR
003f57a6   _NMI_ISR
003f57b0   _ILLEGAL_ISR
003f57ba   _USER1_ISR
003f57c4   _USER2_ISR
003f57ce   _USER3_ISR
003f57d8   _USER4_ISR
003f57e2   _USER5_ISR
003f57ec   _USER6_ISR
003f57f6   _USER7_ISR
003f5800   _USER8_ISR
003f580a   _USER9_ISR
003f5814   _USER10_ISR
003f581e   _USER11_ISR
003f5828   _USER12_ISR
003f5832   _ADCINT1_ISR
003f583c   _ADCINT2_ISR
003f5846   _XINT1_ISR
003f5850   _XINT2_ISR
003f585a   _ADCINT9_ISR
003f5864   _TINT0_ISR
003f586e   _WAKEINT_ISR
003f5878   _EPWM1_TZINT_ISR
003f5882   _EPWM2_TZINT_ISR
003f588c   _EPWM3_TZINT_ISR
003f5896   _EPWM4_TZINT_ISR
003f58a0   _EPWM5_TZINT_ISR
003f58aa   _EPWM6_TZINT_ISR
003f58b4   _EPWM7_TZINT_ISR
003f58be   _EPWM8_TZINT_ISR
003f58c8   _EPWM1_INT_ISR
003f58d2   _EPWM2_INT_ISR
003f58dc   _EPWM3_INT_ISR
003f58e6   _EPWM4_INT_ISR
003f58f0   _EPWM5_INT_ISR
003f58fa   _EPWM6_INT_ISR
003f5904   _EPWM7_INT_ISR
003f590e   _EPWM8_INT_ISR
003f5918   _ECAP1_INT_ISR
003f5922   _ECAP2_INT_ISR
003f592c   _ECAP3_INT_ISR
003f5936   _HRCAP1_INT_ISR
003f5940   _HRCAP2_INT_ISR
003f594a   _EQEP1_INT_ISR
003f5954   _EQEP2_INT_ISR
003f595e   _HRCAP3_INT_ISR
003f5968   _HRCAP4_INT_ISR
003f5972   _USB0_INT_ISR
003f597c   _SPIRXINTA_ISR
003f5986   _SPITXINTA_ISR
003f5990   _SPIRXINTB_ISR
003f599a   _SPITXINTB_ISR
003f59a4   _MRINTA_ISR
003f59ae   _MXINTA_ISR
003f59b8   _DINTCH1_ISR
003f59c2   _DINTCH2_ISR
003f59cc   _DINTCH3_ISR
003f59d6   _DINTCH4_ISR
003f59e0   _DINTCH5_ISR
003f59ea   _DINTCH6_ISR
003f59f4   _I2CINT1A_ISR
003f59fe   _I2CINT2A_ISR
003f5a08   _SCIRXINTA_ISR
003f5a12   _SCITXINTA_ISR
003f5a1c   _SCIRXINTB_ISR
003f5a26   _SCITXINTB_ISR
003f5a30   _ECAN0INTA_ISR
003f5a3a   _ECAN1INTA_ISR
003f5a44   _ADCINT3_ISR
003f5a4e   _ADCINT4_ISR
003f5a58   _ADCINT5_ISR
003f5a62   _ADCINT6_ISR
003f5a6c   _ADCINT7_ISR
003f5a76   _ADCINT8_ISR
003f5a80   _CLA1_INT1_ISR
003f5a8a   _CLA1_INT2_ISR
003f5a94   _CLA1_INT3_ISR
003f5a9e   _CLA1_INT4_ISR
003f5aa8   _CLA1_INT5_ISR
003f5ab2   _CLA1_INT6_ISR
003f5abc   _CLA1_INT7_ISR
003f5ac6   _CLA1_INT8_ISR
003f5ad0   _XINT3_ISR
003f5ada   _LVF_ISR
003f5ae4   _LUF_ISR
003f5aee   _EMPTY_ISR
003f5afb   _PIE_RESERVED
003f5b05   _rsvd_ISR
003f5b0f   _cpu_timer0_isr
003f5f53   _cpu_timer2_isr
003f5fe7   _cpu_timer1_isr
003f6583   _SCI_RX_isr
003f6597   _GYRO_X_isr
003f65ab   _adc_X_ISR
003f65c4   _CLK_disableAdcClock
003f65d1   _CLK_disableClaClock
003f65de   _CLK_disableClkIn
003f65ea   _CLK_disableCompClock
003f65f6   _CLK_disableCpuTimerClock
003f6605   _CLK_disableCrystalOsc
003f6611   _CLK_disableEcanaClock
003f661e   _CLK_disableEcap1Clock
003f662b   _CLK_disableEqep1Clock
003f6638   _CLK_disableGpioInputClock
003f6645   _CLK_disableHrPwmClock
003f6652   _CLK_disableI2cClock
003f665f   _CLK_disableLinAClock
003f666c   _CLK_disableOsc1
003f6678   _CLK_disableOsc1HaltMode
003f6684   _CLK_disableOsc2
003f6690   _CLK_disableOsc2HaltMode
003f669c   _CLK_disablePwmClock
003f66ad   _CLK_disableSciaClock
003f66ba   _CLK_disableSpiaClock
003f66c7   _CLK_disableSpibClock
003f66d1   _CLK_disableTbClockSync
003f66de   _CLK_disableWatchDogHaltMode
003f66ea   _CLK_enableAdcClock
003f66f7   _CLK_enableClaClock
003f6704   _CLK_enableCompClock
003f6712   _CLK_enableCpuTimerClock
003f6720   _CLK_enableCrystalOsc
003f672c   _CLK_enableEcanaClock
003f6739   _CLK_enableEqep1Clock
003f6746   _CLK_enableEcap1Clock
003f6753   _CLK_enableClkIn
003f675f   _CLK_enableGpioInputClock
003f676c   _CLK_enableHrPwmClock
003f6779   _CLK_enableI2cClock
003f6786   _CLK_enableLinAClock
003f6793   _CLK_enableOsc1
003f679f   _CLK_enableOsc1HaltMode
003f67ab   _CLK_enableOsc2
003f67b7   _CLK_enableOsc2HaltMode
003f67c3   _CLK_enablePwmClock
003f67d3   _CLK_enableSciaClock
003f67e0   _CLK_enableSpiaClock
003f67ed   _CLK_enableSpibClock
003f67fa   _CLK_enableTbClockSync
003f6807   _CLK_enableWatchDogHaltMode
003f6813   _CLK_init
003f6820   _CLK_setClkOutPreScaler
003f6830   _CLK_setLowSpdPreScaler
003f683e   _CLK_setOscSrc
003f684e   _CLK_setOsc2Src
003f685e   _CLK_setTimer2PreScale
003f686e   _CLK_setTimer2Src
003f687e   _CLK_setWatchDogSrc
003f688e   _GPIO_init
003f689b   _GPIO_setPullup
003f68d7   _GPIO_setDirection
003f6913   _GPIO_setExtInt
003f6926   _GPIO_read
003f6953   _GPIO_setHigh
003f6971   _GPIO_setLow
003f698f   _GPIO_setMode
003f69fa   _GPIO_toggle
003f6a18   FS$$DIV
003f6aa0   _cos
003f6b01   _sin
003f6b59   _c_int00
003f6b9f   __args_main
003f6bb8   C$$EXIT
003f6bb8   _abort
003f6bba   _exit
003f6bd1   __register_unlock
003f6bd5   __register_lock
003f6bd9   __nop
003f6be2   ___etext__
003f6be2   etext
003f6ce2   _PieVectTableInit
003f6de2   ___cinit__
003f6de2   cinit
003f7ff6   code_start
ffffffff   ___binit__
ffffffff   ___c_args__
ffffffff   ___pinit__
ffffffff   binit
ffffffff   pinit

[367 symbols]
