******************************************************************************
             TMS320C2000 Linker Unix v6.2.7                    
******************************************************************************
>> Linked Sat Mar 24 10:49:17 2018

OUTPUT FILE NAME:   <motorsBetaC2.out>
ENTRY POINT SYMBOL: "_c_int00"  address: 003f6a1e


MEMORY CONFIGURATION

         name            origin    length      used     unused   attr    fill
----------------------  --------  ---------  --------  --------  ----  --------
PAGE 0:
  RAML0                 00008000   00000800  00000000  00000800  RWIX
  RAML1                 00008800   00000400  00000000  00000400  RWIX
  OTP                   003d7800   00000400  00000000  00000400  RWIX
  FLASHH                003d8000   00004000  00000000  00004000  RWIX
  FLASHG                003dc000   00004000  00000000  00004000  RWIX
  FLASHF                003e0000   00004000  00000000  00004000  RWIX
  FLASHE                003e4000   00004000  00000000  00004000  RWIX
  FLASHD                003e8000   00004000  00000000  00004000  RWIX
  FLASHC                003ec000   00004000  00000000  00004000  RWIX
  FLASHA                003f4000   00003f80  00002e84  000010fc  RWIX
  CSM_RSVD              003f7f80   00000076  00000000  00000076  RWIX
  BEGIN                 003f7ff6   00000002  00000002  00000000  RWIX
  CSM_PWL_P0            003f7ff8   00000008  00000000  00000008  RWIX
  FPUTABLES             003fd860   000006a0  00000000  000006a0  RWIX
  IQTABLES              003fdf00   00000b50  00000000  00000b50  RWIX
  IQTABLES2             003fea50   0000008c  00000000  0000008c  RWIX
  IQTABLES3             003feadc   000000aa  00000000  000000aa  RWIX
  ROM                   003ff3b0   00000c10  00000000  00000c10  RWIX
  RESET                 003fffc0   00000002  00000000  00000002  RWIX
  VECTORS               003fffc2   0000003e  00000000  0000003e  RWIX

PAGE 1:
  BOOT_RSVD             00000000   00000050  00000000  00000050  RWIX
  RAMM0                 00000050   000003b0  00000300  000000b0  RWIX
  RAMM1                 00000400   00000400  00000000  00000400  RWIX
  RAML2                 00008c00   00000400  00000000  00000400  RWIX
  RAML3                 00009000   00001000  00000408  00000bf8  RWIX
  RAML4                 0000a000   00002000  00000000  00002000  RWIX
  RAML5                 0000c000   00002000  00000000  00002000  RWIX
  RAML6                 0000e000   00002000  00000000  00002000  RWIX
  RAML7                 00010000   00002000  00000000  00002000  RWIX
  RAML8                 00012000   00002000  00000000  00002000  RWIX
  USB_RAM               00040000   00000800  00000000  00000800  RWIX
  FLASHB                003f0000   00004000  00000000  00004000  RWIX


SECTION ALLOCATION MAP

 output                                  attributes/
section   page    origin      length       input sections
--------  ----  ----------  ----------   ----------------
.pinit     0    003f4000    00000000     UNINITIALIZED

ramfuncs   0    00008000    00000000     UNINITIALIZED

.text      0    003f4000    00002aa7     
                  003f4000    0000163d     main.obj (.text)
                  003f563d    00000e4c     main.obj (.text:retain)
                  003f6489    000002ca     clk.obj (.text)
                  003f6753    0000018a     gpio.obj (.text)
                  003f68dd    00000088     rts2800_fpu32.lib : fs_div.obj (.text)
                  003f6965    00000061                       : cos.obj (.text)
                  003f69c6    00000058                       : sin.obj (.text)
                  003f6a1e    00000046                       : boot.obj (.text)
                  003f6a64    00000019                       : args_main.obj (.text)
                  003f6a7d    00000019                       : exit.obj (.text)
                  003f6a96    00000009                       : _lock.obj (.text)
                  003f6a9f    00000008     F2806x_CodeStartBranch.obj (.text)

.econst    0    003f6aa8    00000200     
                  003f6aa8    00000100     main.obj (.econst:.string:_CRC_TABLE)
                  003f6ba8    00000100     main.obj (.econst)

.cinit     0    003f6ca8    000001bd     
                  003f6ca8    000001a7     main.obj (.cinit)
                  003f6e4f    0000000a     rts2800_fpu32.lib : _lock.obj (.cinit)
                  003f6e59    0000000a                       : exit.obj (.cinit)
                  003f6e63    00000002     --HOLE-- [fill = 0]

.switch    0    003f6e66    00000020     
                  003f6e66    00000020     main.obj (.switch:_adcRead)

codestart 
*          0    003f7ff6    00000002     
                  003f7ff6    00000002     F2806x_CodeStartBranch.obj (codestart)

.reset     0    003fffc0    00000002     DSECT
                  003fffc0    00000002     rts2800_fpu32.lib : boot.obj (.reset)

vectors    0    003fffc2    00000000     DSECT

.stack     1    00000050    00000300     UNINITIALIZED
                  00000050    00000300     --HOLE--

.ebss      1    00009000    00000408     UNINITIALIZED
                  00009000    00000400     main.obj (.ebss)
                  00009400    00000004     rts2800_fpu32.lib : _lock.obj (.ebss)
                  00009404    00000004                       : exit.obj (.ebss)


GLOBAL DATA SYMBOLS: SORTED BY DATA PAGE

address     data page           name
--------    ----------------    ----
00000050       1 (00000040)     __stack

00009000     240 (00009000)     _CTRLSUM
00009001     240 (00009000)     _SAAD_TESTS_BITS
00009002     240 (00009000)     _SAAD_TEST_RES_BITS
00009003     240 (00009000)     _SAAD_ST
00009004     240 (00009000)     _COMMAND_BYTE_BITS
00009005     240 (00009000)     _SAAD_TEST_RES
00009006     240 (00009000)     _VELOCITY
00009007     240 (00009000)     _COMMAND_BYTE
00009008     240 (00009000)     _VELOCITY_BITS
00009009     240 (00009000)     _DATA
0000900a     240 (00009000)     _CTRLSUM_BITS
0000900b     240 (00009000)     _POSITION
0000900c     240 (00009000)     _DATA_BITS
0000900d     240 (00009000)     _apsL
0000900e     240 (00009000)     _apsR
0000900f     240 (00009000)     _sendDubSCI
00009010     240 (00009000)     _testSciSend
00009011     240 (00009000)     _sendSCI
00009012     240 (00009000)     _moveMode
00009013     240 (00009000)     _lockDevStepCount
00009014     240 (00009000)     _mode
00009015     240 (00009000)     _lockDevEn
00009016     240 (00009000)     _lockDevSend
00009017     240 (00009000)     _delay
00009018     240 (00009000)     _counter
00009019     240 (00009000)     _xData
0000901a     240 (00009000)     _saadTestsPs
0000901b     240 (00009000)     _yData
0000901c     240 (00009000)     _saadTests
0000901d     240 (00009000)     _setSci
0000901e     240 (00009000)     _sciSendCnt
0000901f     240 (00009000)     _sciFramePart
00009020     240 (00009000)     _sciCounter
00009021     240 (00009000)     _POSITION_BITS
00009022     240 (00009000)     _SAAD_CTRL
00009023     240 (00009000)     _SAAD_ST_BITS
00009024     240 (00009000)     _SAAD_CTRL_BITS
00009026     240 (00009000)     _speed
00009028     240 (00009000)     _alpha1
0000902a     240 (00009000)     _alpha
0000902c     240 (00009000)     _vel
0000902e     240 (00009000)     _acel
00009030     240 (00009000)     _SAAD_CTRL_ALL
00009032     240 (00009000)     _adcRegs
00009034     240 (00009000)     _adcResRegs
00009036     240 (00009000)     _gpioS
00009038     240 (00009000)     _mcbspData
0000903a     240 (00009000)     _sysCtrlRegs
0000903c     240 (00009000)     _time
0000903e     240 (00009000)     _jj

00009040     241 (00009040)     _i
00009042     241 (00009040)     _velCoef
00009044     241 (00009040)     _mode1cnt
00009046     241 (00009040)     _mode3cnt
00009048     241 (00009040)     _clkS
0000904a     241 (00009040)     _dt
0000904c     241 (00009040)     _timeUp
0000904e     241 (00009040)     _j
00009050     241 (00009040)     _timer0cnt
00009052     241 (00009040)     _timer1cnt
00009054     241 (00009040)     _spiaRegs
00009056     241 (00009040)     _CpuTimer1Regs
00009058     241 (00009040)     _CpuTimer0Regs
0000905a     241 (00009040)     _CpuTimer2Regs
0000905c     241 (00009040)     _interrupS
0000905e     241 (00009040)     _sciaRegs
00009060     241 (00009040)     _spiData
00009062     241 (00009040)     _xIntruptRegs
00009064     241 (00009040)     _mcbspRegs
00009066     241 (00009040)     _flashRegs
00009068     241 (00009040)     _START_BIT
0000906a     241 (00009040)     _START_BIT_BITS
0000906c     241 (00009040)     _tempData2
0000906e     241 (00009040)     _interrupSVectTable
00009070     241 (00009040)     _tempData1
00009072     241 (00009040)     _refQ
00009076     241 (00009040)     _iTot
0000907a     241 (00009040)     _refD

00009080     242 (00009080)     _pwmValues
00009084     242 (00009080)     _dq
0000908c     242 (00009080)     _dqP
00009094     242 (00009080)     _saadFrameSend
0000909c     242 (00009080)     _saadFrameResive
000090a4     242 (00009080)     _alBe
000090ac     242 (00009080)     _alBeI
000090b4     242 (00009080)     _pwmRegS

000090c0     243 (000090c0)     _pwmHandle
000090cc     243 (000090c0)     _abcI
000090d8     243 (000090c0)     _abc

00009100     244 (00009100)     _adcRes

00009140     245 (00009140)     _motor1

00009180     246 (00009180)     _motor0

000091c0     247 (000091c0)     _spiModule

00009200     248 (00009200)     _pidVel

00009280     24a (00009280)     _pidD

00009300     24c (00009300)     _pidQ

00009380     24e (00009380)     _AMCconfArr

00009400     250 (00009400)     __unlock
00009402     250 (00009400)     __lock
00009404     250 (00009400)     ___TI_cleanup_ptr
00009406     250 (00009400)     ___TI_dtors_ptr

003f6ba8    fdae (003f6b80)     _PieVectTableInit


GLOBAL SYMBOLS: SORTED ALPHABETICALLY BY Name 

address    name
--------   ----
003f4000   .text
003f6a7d   C$$EXIT
003f68dd   FS$$DIV
003f56fb   _ADCINT1_ISR
003f5705   _ADCINT2_ISR
003f590d   _ADCINT3_ISR
003f5917   _ADCINT4_ISR
003f5921   _ADCINT5_ISR
003f592b   _ADCINT6_ISR
003f5935   _ADCINT7_ISR
003f593f   _ADCINT8_ISR
003f5723   _ADCINT9_ISR
003f460e   _ADC_config
003f49d3   _AMCconf
00009380   _AMCconfArr
003f5949   _CLA1_INT1_ISR
003f5953   _CLA1_INT2_ISR
003f595d   _CLA1_INT3_ISR
003f5967   _CLA1_INT4_ISR
003f5971   _CLA1_INT5_ISR
003f597b   _CLA1_INT6_ISR
003f5985   _CLA1_INT7_ISR
003f598f   _CLA1_INT8_ISR
003f6489   _CLK_disableAdcClock
003f6496   _CLK_disableClaClock
003f64a3   _CLK_disableClkIn
003f64af   _CLK_disableCompClock
003f64bb   _CLK_disableCpuTimerClock
003f64ca   _CLK_disableCrystalOsc
003f64d6   _CLK_disableEcanaClock
003f64e3   _CLK_disableEcap1Clock
003f64f0   _CLK_disableEqep1Clock
003f64fd   _CLK_disableGpioInputClock
003f650a   _CLK_disableHrPwmClock
003f6517   _CLK_disableI2cClock
003f6524   _CLK_disableLinAClock
003f6531   _CLK_disableOsc1
003f653d   _CLK_disableOsc1HaltMode
003f6549   _CLK_disableOsc2
003f6555   _CLK_disableOsc2HaltMode
003f6561   _CLK_disablePwmClock
003f6572   _CLK_disableSciaClock
003f657f   _CLK_disableSpiaClock
003f658c   _CLK_disableSpibClock
003f6596   _CLK_disableTbClockSync
003f65a3   _CLK_disableWatchDogHaltMode
003f65af   _CLK_enableAdcClock
003f65bc   _CLK_enableClaClock
003f6618   _CLK_enableClkIn
003f65c9   _CLK_enableCompClock
003f65d7   _CLK_enableCpuTimerClock
003f65e5   _CLK_enableCrystalOsc
003f65f1   _CLK_enableEcanaClock
003f660b   _CLK_enableEcap1Clock
003f65fe   _CLK_enableEqep1Clock
003f6624   _CLK_enableGpioInputClock
003f6631   _CLK_enableHrPwmClock
003f663e   _CLK_enableI2cClock
003f664b   _CLK_enableLinAClock
003f6658   _CLK_enableOsc1
003f6664   _CLK_enableOsc1HaltMode
003f6670   _CLK_enableOsc2
003f667c   _CLK_enableOsc2HaltMode
003f6688   _CLK_enablePwmClock
003f6698   _CLK_enableSciaClock
003f66a5   _CLK_enableSpiaClock
003f66b2   _CLK_enableSpibClock
003f66bf   _CLK_enableTbClockSync
003f66cc   _CLK_enableWatchDogHaltMode
003f66d8   _CLK_init
003f66e5   _CLK_setClkOutPreScaler
003f66f5   _CLK_setLowSpdPreScaler
003f6713   _CLK_setOsc2Src
003f6703   _CLK_setOscSrc
003f6723   _CLK_setTimer2PreScale
003f6733   _CLK_setTimer2Src
003f6743   _CLK_setWatchDogSrc
00009007   _COMMAND_BYTE
00009004   _COMMAND_BYTE_BITS
00009000   _CTRLSUM
0000900a   _CTRLSUM_BITS
003f4c13   _ConfigCpuTimer0
003f4c39   _ConfigCpuTimer1
003f4c5e   _ConfigCpuTimer2
00009058   _CpuTimer0Regs
00009056   _CpuTimer1Regs
0000905a   _CpuTimer2Regs
00009009   _DATA
003f5651   _DATALOG_ISR
0000900c   _DATA_BITS
003f5881   _DINTCH1_ISR
003f588b   _DINTCH2_ISR
003f5895   _DINTCH3_ISR
003f589f   _DINTCH4_ISR
003f58a9   _DINTCH5_ISR
003f58b3   _DINTCH6_ISR
003f4491   _DisableDog
003f58f9   _ECAN0INTA_ISR
003f5903   _ECAN1INTA_ISR
003f57e1   _ECAP1_INT_ISR
003f57eb   _ECAP2_INT_ISR
003f57f5   _ECAP3_INT_ISR
003f59b7   _EMPTY_ISR
003f5665   _EMUINT_ISR
003f5791   _EPWM1_INT_ISR
003f5741   _EPWM1_TZINT_ISR
003f579b   _EPWM2_INT_ISR
003f574b   _EPWM2_TZINT_ISR
003f57a5   _EPWM3_INT_ISR
003f5755   _EPWM3_TZINT_ISR
003f57af   _EPWM4_INT_ISR
003f575f   _EPWM4_TZINT_ISR
003f57b9   _EPWM5_INT_ISR
003f5769   _EPWM5_TZINT_ISR
003f57c3   _EPWM6_INT_ISR
003f5773   _EPWM6_TZINT_ISR
003f57cd   _EPWM7_INT_ISR
003f577d   _EPWM7_TZINT_ISR
003f57d7   _EPWM8_INT_ISR
003f5787   _EPWM8_TZINT_ISR
003f5813   _EQEP1_INT_ISR
003f581d   _EQEP2_INT_ISR
003f6753   _GPIO_init
003f67eb   _GPIO_read
003f679c   _GPIO_setDirection
003f67d8   _GPIO_setExtInt
003f6818   _GPIO_setHigh
003f6836   _GPIO_setLow
003f6854   _GPIO_setMode
003f6760   _GPIO_setPullup
003f68bf   _GPIO_toggle
003f645c   _GYRO_X_isr
003f57ff   _HRCAP1_INT_ISR
003f5809   _HRCAP2_INT_ISR
003f5827   _HRCAP3_INT_ISR
003f5831   _HRCAP4_INT_ISR
003f58bd   _I2CINT1A_ISR
003f58c7   _I2CINT2A_ISR
003f5679   _ILLEGAL_ISR
003f563d   _INT13_ISR
003f5647   _INT14_ISR
003f449b   _InitPll
003f59ad   _LUF_ISR
003f59a3   _LVF_ISR
003f586d   _MRINTA_ISR
003f5877   _MXINTA_ISR
003f566f   _NMI_ISR
003f59c4   _PIE_RESERVED
0000900b   _POSITION
00009021   _POSITION_BITS
003f6ba8   _PieVectTableInit
003f565b   _RTOSINT_ISR
00008000   _RamfuncsLoadEnd
00000000   _RamfuncsLoadSize
00008000   _RamfuncsLoadStart
00008000   _RamfuncsRunStart
00009022   _SAAD_CTRL
00009030   _SAAD_CTRL_ALL
00009024   _SAAD_CTRL_BITS
00009003   _SAAD_ST
00009023   _SAAD_ST_BITS
00009001   _SAAD_TESTS_BITS
00009005   _SAAD_TEST_RES
00009002   _SAAD_TEST_RES_BITS
003f58d1   _SCIRXINTA_ISR
003f58e5   _SCIRXINTB_ISR
003f58db   _SCITXINTA_ISR
003f58ef   _SCITXINTB_ISR
003f6448   _SCI_RX_isr
003f5845   _SPIRXINTA_ISR
003f5859   _SPIRXINTB_ISR
003f584f   _SPITXINTA_ISR
003f5863   _SPITXINTB_ISR
003f5535   _SPI_RX_isr
00009068   _START_BIT
0000906a   _START_BIT_BITS
003f4483   _ServiceDog
003f572d   _TINT0_ISR
003f583b   _USB0_INT_ISR
003f56dd   _USER10_ISR
003f56e7   _USER11_ISR
003f56f1   _USER12_ISR
003f5683   _USER1_ISR
003f568d   _USER2_ISR
003f5697   _USER3_ISR
003f56a1   _USER4_ISR
003f56ab   _USER5_ISR
003f56b5   _USER6_ISR
003f56bf   _USER7_ISR
003f56c9   _USER8_ISR
003f56d3   _USER9_ISR
00009006   _VELOCITY
00009008   _VELOCITY_BITS
003f5737   _WAKEINT_ISR
003f570f   _XINT1_ISR
003f5719   _XINT2_ISR
003f5999   _XINT3_ISR
00000350   __STACK_END
00000300   __STACK_SIZE
00000001   __TI_args_main
00009404   ___TI_cleanup_ptr
00009406   ___TI_dtors_ptr
ffffffff   ___binit__
ffffffff   ___c_args__
003f6ca8   ___cinit__
003f6aa7   ___etext__
ffffffff   ___pinit__
003f4000   ___text__
003f6a64   __args_main
00009402   __lock
003f6a9e   __nop
003f6a9a   __register_lock
003f6a96   __register_unlock
00000050   __stack
00009400   __unlock
000090d8   _abc
000090cc   _abcI
003f6a7d   _abort
0000902e   _acel
003f4605   _adcInit
003f4788   _adcRead
00009032   _adcRegs
00009100   _adcRes
00009034   _adcResRegs
003f6470   _adc_X_ISR
000090a4   _alBe
000090ac   _alBeI
0000902a   _alpha
00009028   _alpha1
003f51c6   _alphaF
0000900d   _apsL
0000900e   _apsR
003f6a1e   _c_int00
003f4e98   _calcPWM
003f5604   _calcSpeed
003f4fd8   _clarke
003f5082   _clarkeInv
003f47f2   _clkInit
00009048   _clkS
003f48d6   _clkg_delay_loop
003f6965   _cos
00009018   _counter
003f59d8   _cpu_timer0_isr
003f5eae   _cpu_timer1_isr
003f5e1a   _cpu_timer2_isr
003f4e78   _crc8DATA
003f4e38   _crc8POS
003f4e58   _crc8VEL
00009017   _delay
003f48c0   _delay_loop
003f4df6   _disablePWM
00009084   _dq
0000908c   _dqP
0000904a   _dt
003f6a7f   _exit
003f4435   _flashInit
00009066   _flashRegs
003f443b   _flashSetup
003f4e2a   _getMaxPWMVal
003f41ec   _gpioInit
00009036   _gpioS
003f4a97   _gyroVerifyL2G2IS
00009040   _i
00009076   _iTot
0000905c   _interrupS
003f4bca   _interrupSDefVectTableInit
0000906e   _interrupSVectTable
003f4baa   _interrupsCpuSetup
003f4b55   _interrupsCtrlInit
003f4b49   _interrupsInit
003f4b9f   _interruptSEnable
0000904e   _j
0000903e   _jj
00009015   _lockDevEn
00009016   _lockDevSend
003f558f   _lockDevStart
00009013   _lockDevStepCount
003f52dd   _main
003f512c   _makeTest
003f49cf   _mcbspAddr
00009038   _mcbspData
00009064   _mcbspRegs
003f4939   _mcbspSetupSpi
003f49ab   _mcbsp_read
003f4990   _mcbsp_write
003f48ec   _mcbspaInit
003f48f2   _mcbspaSetup
00009014   _mode
00009044   _mode1cnt
00009046   _mode3cnt
00009180   _motor0
00009140   _motor1
00009012   _moveMode
003f500c   _park
003f5047   _parkInv
003f4f12   _pidCalc
00009280   _pidD
00009300   _pidQ
00009200   _pidVel
003f4f13   _pid_reg3_calc
000090c0   _pwmHandle
000090b4   _pwmRegS
003f4c83   _pwmSInit
003f4c98   _pwmSetupWTest
00009080   _pwmValues
0000907a   _refD
00009072   _refQ
003f59ce   _rsvd_ISR
0000909c   _saadFrameResive
00009094   _saadFrameSend
0000901c   _saadTests
0000901a   _saadTestsPs
00009020   _sciCounter
0000901f   _sciFramePart
0000901e   _sciSendCnt
003f4aff   _sciaInit
003f4b3a   _sciaRead
0000905e   _sciaRegs
003f4b05   _sciaSetup
003f4b3f   _sciaWrite
0000900f   _sendDubSCI
00009011   _sendSCI
003f45e7   _setExtOsc
003f459c   _setIntOsc1
003f45b1   _setIntOsc2
003f4dd4   _setPWMValues
003f4e0b   _setPWMValuesArr
0000901d   _setSci
003f44fa   _setUpPeripheralClocks
003f45cc   _setXTALOsc
003f47fb   _setupClks
003f41f5   _setupGPIOs
003f4426   _setupGPIOsInterrupt
003f482c   _setupPeripheralClks
003f69c6   _sin
00009026   _speed
00009060   _spiData
003f4a89   _spiDisableFF
003f4aea   _spiGyroConfL2G2IS
003f4abd   _spiGyroConfMAX
003f4a74   _spiInit
000091c0   _spiModule
003f4a7a   _spiSetupFF
00009054   _spiaRegs
003f4f0b   _stopMotor
0000903a   _sysCtrlRegs
003f445f   _systemInit
003f4465   _systemSetup
00009070   _tempData1
0000906c   _tempData2
00009010   _testSciSend
0000903c   _time
0000904c   _timeUp
00009050   _timer0cnt
00009052   _timer1cnt
003f4bf5   _timerInit
003f4c01   _timerSConfig
003f41db   _usDelay
0000902c   _vel
00009042   _velCoef
00009019   _xData
00009062   _xIntruptRegs
0000901b   _yData
ffffffff   binit
003f6ca8   cinit
003f7ff6   code_start
003f6aa7   etext
ffffffff   pinit


GLOBAL SYMBOLS: SORTED BY Symbol Address 

address    name
--------   ----
00000000   _RamfuncsLoadSize
00000001   __TI_args_main
00000050   __stack
00000300   __STACK_SIZE
00000350   __STACK_END
00008000   _RamfuncsLoadEnd
00008000   _RamfuncsLoadStart
00008000   _RamfuncsRunStart
00009000   _CTRLSUM
00009001   _SAAD_TESTS_BITS
00009002   _SAAD_TEST_RES_BITS
00009003   _SAAD_ST
00009004   _COMMAND_BYTE_BITS
00009005   _SAAD_TEST_RES
00009006   _VELOCITY
00009007   _COMMAND_BYTE
00009008   _VELOCITY_BITS
00009009   _DATA
0000900a   _CTRLSUM_BITS
0000900b   _POSITION
0000900c   _DATA_BITS
0000900d   _apsL
0000900e   _apsR
0000900f   _sendDubSCI
00009010   _testSciSend
00009011   _sendSCI
00009012   _moveMode
00009013   _lockDevStepCount
00009014   _mode
00009015   _lockDevEn
00009016   _lockDevSend
00009017   _delay
00009018   _counter
00009019   _xData
0000901a   _saadTestsPs
0000901b   _yData
0000901c   _saadTests
0000901d   _setSci
0000901e   _sciSendCnt
0000901f   _sciFramePart
00009020   _sciCounter
00009021   _POSITION_BITS
00009022   _SAAD_CTRL
00009023   _SAAD_ST_BITS
00009024   _SAAD_CTRL_BITS
00009026   _speed
00009028   _alpha1
0000902a   _alpha
0000902c   _vel
0000902e   _acel
00009030   _SAAD_CTRL_ALL
00009032   _adcRegs
00009034   _adcResRegs
00009036   _gpioS
00009038   _mcbspData
0000903a   _sysCtrlRegs
0000903c   _time
0000903e   _jj
00009040   _i
00009042   _velCoef
00009044   _mode1cnt
00009046   _mode3cnt
00009048   _clkS
0000904a   _dt
0000904c   _timeUp
0000904e   _j
00009050   _timer0cnt
00009052   _timer1cnt
00009054   _spiaRegs
00009056   _CpuTimer1Regs
00009058   _CpuTimer0Regs
0000905a   _CpuTimer2Regs
0000905c   _interrupS
0000905e   _sciaRegs
00009060   _spiData
00009062   _xIntruptRegs
00009064   _mcbspRegs
00009066   _flashRegs
00009068   _START_BIT
0000906a   _START_BIT_BITS
0000906c   _tempData2
0000906e   _interrupSVectTable
00009070   _tempData1
00009072   _refQ
00009076   _iTot
0000907a   _refD
00009080   _pwmValues
00009084   _dq
0000908c   _dqP
00009094   _saadFrameSend
0000909c   _saadFrameResive
000090a4   _alBe
000090ac   _alBeI
000090b4   _pwmRegS
000090c0   _pwmHandle
000090cc   _abcI
000090d8   _abc
00009100   _adcRes
00009140   _motor1
00009180   _motor0
000091c0   _spiModule
00009200   _pidVel
00009280   _pidD
00009300   _pidQ
00009380   _AMCconfArr
00009400   __unlock
00009402   __lock
00009404   ___TI_cleanup_ptr
00009406   ___TI_dtors_ptr
003f4000   .text
003f4000   ___text__
003f41db   _usDelay
003f41ec   _gpioInit
003f41f5   _setupGPIOs
003f4426   _setupGPIOsInterrupt
003f4435   _flashInit
003f443b   _flashSetup
003f445f   _systemInit
003f4465   _systemSetup
003f4483   _ServiceDog
003f4491   _DisableDog
003f449b   _InitPll
003f44fa   _setUpPeripheralClocks
003f459c   _setIntOsc1
003f45b1   _setIntOsc2
003f45cc   _setXTALOsc
003f45e7   _setExtOsc
003f4605   _adcInit
003f460e   _ADC_config
003f4788   _adcRead
003f47f2   _clkInit
003f47fb   _setupClks
003f482c   _setupPeripheralClks
003f48c0   _delay_loop
003f48d6   _clkg_delay_loop
003f48ec   _mcbspaInit
003f48f2   _mcbspaSetup
003f4939   _mcbspSetupSpi
003f4990   _mcbsp_write
003f49ab   _mcbsp_read
003f49cf   _mcbspAddr
003f49d3   _AMCconf
003f4a74   _spiInit
003f4a7a   _spiSetupFF
003f4a89   _spiDisableFF
003f4a97   _gyroVerifyL2G2IS
003f4abd   _spiGyroConfMAX
003f4aea   _spiGyroConfL2G2IS
003f4aff   _sciaInit
003f4b05   _sciaSetup
003f4b3a   _sciaRead
003f4b3f   _sciaWrite
003f4b49   _interrupsInit
003f4b55   _interrupsCtrlInit
003f4b9f   _interruptSEnable
003f4baa   _interrupsCpuSetup
003f4bca   _interrupSDefVectTableInit
003f4bf5   _timerInit
003f4c01   _timerSConfig
003f4c13   _ConfigCpuTimer0
003f4c39   _ConfigCpuTimer1
003f4c5e   _ConfigCpuTimer2
003f4c83   _pwmSInit
003f4c98   _pwmSetupWTest
003f4dd4   _setPWMValues
003f4df6   _disablePWM
003f4e0b   _setPWMValuesArr
003f4e2a   _getMaxPWMVal
003f4e38   _crc8POS
003f4e58   _crc8VEL
003f4e78   _crc8DATA
003f4e98   _calcPWM
003f4f0b   _stopMotor
003f4f12   _pidCalc
003f4f13   _pid_reg3_calc
003f4fd8   _clarke
003f500c   _park
003f5047   _parkInv
003f5082   _clarkeInv
003f512c   _makeTest
003f51c6   _alphaF
003f52dd   _main
003f5535   _SPI_RX_isr
003f558f   _lockDevStart
003f5604   _calcSpeed
003f563d   _INT13_ISR
003f5647   _INT14_ISR
003f5651   _DATALOG_ISR
003f565b   _RTOSINT_ISR
003f5665   _EMUINT_ISR
003f566f   _NMI_ISR
003f5679   _ILLEGAL_ISR
003f5683   _USER1_ISR
003f568d   _USER2_ISR
003f5697   _USER3_ISR
003f56a1   _USER4_ISR
003f56ab   _USER5_ISR
003f56b5   _USER6_ISR
003f56bf   _USER7_ISR
003f56c9   _USER8_ISR
003f56d3   _USER9_ISR
003f56dd   _USER10_ISR
003f56e7   _USER11_ISR
003f56f1   _USER12_ISR
003f56fb   _ADCINT1_ISR
003f5705   _ADCINT2_ISR
003f570f   _XINT1_ISR
003f5719   _XINT2_ISR
003f5723   _ADCINT9_ISR
003f572d   _TINT0_ISR
003f5737   _WAKEINT_ISR
003f5741   _EPWM1_TZINT_ISR
003f574b   _EPWM2_TZINT_ISR
003f5755   _EPWM3_TZINT_ISR
003f575f   _EPWM4_TZINT_ISR
003f5769   _EPWM5_TZINT_ISR
003f5773   _EPWM6_TZINT_ISR
003f577d   _EPWM7_TZINT_ISR
003f5787   _EPWM8_TZINT_ISR
003f5791   _EPWM1_INT_ISR
003f579b   _EPWM2_INT_ISR
003f57a5   _EPWM3_INT_ISR
003f57af   _EPWM4_INT_ISR
003f57b9   _EPWM5_INT_ISR
003f57c3   _EPWM6_INT_ISR
003f57cd   _EPWM7_INT_ISR
003f57d7   _EPWM8_INT_ISR
003f57e1   _ECAP1_INT_ISR
003f57eb   _ECAP2_INT_ISR
003f57f5   _ECAP3_INT_ISR
003f57ff   _HRCAP1_INT_ISR
003f5809   _HRCAP2_INT_ISR
003f5813   _EQEP1_INT_ISR
003f581d   _EQEP2_INT_ISR
003f5827   _HRCAP3_INT_ISR
003f5831   _HRCAP4_INT_ISR
003f583b   _USB0_INT_ISR
003f5845   _SPIRXINTA_ISR
003f584f   _SPITXINTA_ISR
003f5859   _SPIRXINTB_ISR
003f5863   _SPITXINTB_ISR
003f586d   _MRINTA_ISR
003f5877   _MXINTA_ISR
003f5881   _DINTCH1_ISR
003f588b   _DINTCH2_ISR
003f5895   _DINTCH3_ISR
003f589f   _DINTCH4_ISR
003f58a9   _DINTCH5_ISR
003f58b3   _DINTCH6_ISR
003f58bd   _I2CINT1A_ISR
003f58c7   _I2CINT2A_ISR
003f58d1   _SCIRXINTA_ISR
003f58db   _SCITXINTA_ISR
003f58e5   _SCIRXINTB_ISR
003f58ef   _SCITXINTB_ISR
003f58f9   _ECAN0INTA_ISR
003f5903   _ECAN1INTA_ISR
003f590d   _ADCINT3_ISR
003f5917   _ADCINT4_ISR
003f5921   _ADCINT5_ISR
003f592b   _ADCINT6_ISR
003f5935   _ADCINT7_ISR
003f593f   _ADCINT8_ISR
003f5949   _CLA1_INT1_ISR
003f5953   _CLA1_INT2_ISR
003f595d   _CLA1_INT3_ISR
003f5967   _CLA1_INT4_ISR
003f5971   _CLA1_INT5_ISR
003f597b   _CLA1_INT6_ISR
003f5985   _CLA1_INT7_ISR
003f598f   _CLA1_INT8_ISR
003f5999   _XINT3_ISR
003f59a3   _LVF_ISR
003f59ad   _LUF_ISR
003f59b7   _EMPTY_ISR
003f59c4   _PIE_RESERVED
003f59ce   _rsvd_ISR
003f59d8   _cpu_timer0_isr
003f5e1a   _cpu_timer2_isr
003f5eae   _cpu_timer1_isr
003f6448   _SCI_RX_isr
003f645c   _GYRO_X_isr
003f6470   _adc_X_ISR
003f6489   _CLK_disableAdcClock
003f6496   _CLK_disableClaClock
003f64a3   _CLK_disableClkIn
003f64af   _CLK_disableCompClock
003f64bb   _CLK_disableCpuTimerClock
003f64ca   _CLK_disableCrystalOsc
003f64d6   _CLK_disableEcanaClock
003f64e3   _CLK_disableEcap1Clock
003f64f0   _CLK_disableEqep1Clock
003f64fd   _CLK_disableGpioInputClock
003f650a   _CLK_disableHrPwmClock
003f6517   _CLK_disableI2cClock
003f6524   _CLK_disableLinAClock
003f6531   _CLK_disableOsc1
003f653d   _CLK_disableOsc1HaltMode
003f6549   _CLK_disableOsc2
003f6555   _CLK_disableOsc2HaltMode
003f6561   _CLK_disablePwmClock
003f6572   _CLK_disableSciaClock
003f657f   _CLK_disableSpiaClock
003f658c   _CLK_disableSpibClock
003f6596   _CLK_disableTbClockSync
003f65a3   _CLK_disableWatchDogHaltMode
003f65af   _CLK_enableAdcClock
003f65bc   _CLK_enableClaClock
003f65c9   _CLK_enableCompClock
003f65d7   _CLK_enableCpuTimerClock
003f65e5   _CLK_enableCrystalOsc
003f65f1   _CLK_enableEcanaClock
003f65fe   _CLK_enableEqep1Clock
003f660b   _CLK_enableEcap1Clock
003f6618   _CLK_enableClkIn
003f6624   _CLK_enableGpioInputClock
003f6631   _CLK_enableHrPwmClock
003f663e   _CLK_enableI2cClock
003f664b   _CLK_enableLinAClock
003f6658   _CLK_enableOsc1
003f6664   _CLK_enableOsc1HaltMode
003f6670   _CLK_enableOsc2
003f667c   _CLK_enableOsc2HaltMode
003f6688   _CLK_enablePwmClock
003f6698   _CLK_enableSciaClock
003f66a5   _CLK_enableSpiaClock
003f66b2   _CLK_enableSpibClock
003f66bf   _CLK_enableTbClockSync
003f66cc   _CLK_enableWatchDogHaltMode
003f66d8   _CLK_init
003f66e5   _CLK_setClkOutPreScaler
003f66f5   _CLK_setLowSpdPreScaler
003f6703   _CLK_setOscSrc
003f6713   _CLK_setOsc2Src
003f6723   _CLK_setTimer2PreScale
003f6733   _CLK_setTimer2Src
003f6743   _CLK_setWatchDogSrc
003f6753   _GPIO_init
003f6760   _GPIO_setPullup
003f679c   _GPIO_setDirection
003f67d8   _GPIO_setExtInt
003f67eb   _GPIO_read
003f6818   _GPIO_setHigh
003f6836   _GPIO_setLow
003f6854   _GPIO_setMode
003f68bf   _GPIO_toggle
003f68dd   FS$$DIV
003f6965   _cos
003f69c6   _sin
003f6a1e   _c_int00
003f6a64   __args_main
003f6a7d   C$$EXIT
003f6a7d   _abort
003f6a7f   _exit
003f6a96   __register_unlock
003f6a9a   __register_lock
003f6a9e   __nop
003f6aa7   ___etext__
003f6aa7   etext
003f6ba8   _PieVectTableInit
003f6ca8   ___cinit__
003f6ca8   cinit
003f7ff6   code_start
ffffffff   ___binit__
ffffffff   ___c_args__
ffffffff   ___pinit__
ffffffff   binit
ffffffff   pinit

[368 symbols]
