******************************************************************************
             TMS320C2000 Linker PC v6.2.7                      
******************************************************************************
>> Linked Fri Nov 24 18:28:47 2017

OUTPUT FILE NAME:   <motorsBetaC2.out>
ENTRY POINT SYMBOL: "_c_int00"  address: 003f6a2e


MEMORY CONFIGURATION

         name            origin    length      used     unused   attr    fill
----------------------  --------  ---------  --------  --------  ----  --------
PAGE 0:
  RAML0                 00008000   00000800  00000000  00000800  RWIX
  RAML1                 00008800   00000400  00000000  00000400  RWIX
  OTP                   003d7800   00000400  00000000  00000400  RWIX
  FLASHH                003d8000   00004000  00000000  00004000  RWIX
  FLASHG                003dc000   00004000  00000000  00004000  RWIX
  FLASHF                003e0000   00004000  00000000  00004000  RWIX
  FLASHE                003e4000   00004000  00000000  00004000  RWIX
  FLASHD                003e8000   00004000  00000000  00004000  RWIX
  FLASHC                003ec000   00004000  00000000  00004000  RWIX
  FLASHA                003f4000   00003f80  00002e8f  000010f1  RWIX
  CSM_RSVD              003f7f80   00000076  00000000  00000076  RWIX
  BEGIN                 003f7ff6   00000002  00000002  00000000  RWIX
  CSM_PWL_P0            003f7ff8   00000008  00000000  00000008  RWIX
  FPUTABLES             003fd860   000006a0  00000000  000006a0  RWIX
  IQTABLES              003fdf00   00000b50  00000000  00000b50  RWIX
  IQTABLES2             003fea50   0000008c  00000000  0000008c  RWIX
  IQTABLES3             003feadc   000000aa  00000000  000000aa  RWIX
  ROM                   003ff3b0   00000c10  00000000  00000c10  RWIX
  RESET                 003fffc0   00000002  00000000  00000002  RWIX
  VECTORS               003fffc2   0000003e  00000000  0000003e  RWIX

PAGE 1:
  BOOT_RSVD             00000000   00000050  00000000  00000050  RWIX
  RAMM0                 00000050   000003b0  00000300  000000b0  RWIX
  RAMM1                 00000400   00000400  00000000  00000400  RWIX
  RAML2                 00008c00   00000400  00000000  00000400  RWIX
  RAML3                 00009000   00001000  00000408  00000bf8  RWIX
  RAML4                 0000a000   00002000  00000000  00002000  RWIX
  RAML5                 0000c000   00002000  00000000  00002000  RWIX
  RAML6                 0000e000   00002000  00000000  00002000  RWIX
  RAML7                 00010000   00002000  00000000  00002000  RWIX
  RAML8                 00012000   00002000  00000000  00002000  RWIX
  USB_RAM               00040000   00000800  00000000  00000800  RWIX
  FLASHB                003f0000   00004000  00000000  00004000  RWIX


SECTION ALLOCATION MAP

 output                                  attributes/
section   page    origin      length       input sections
--------  ----  ----------  ----------   ----------------
.pinit     0    003f4000    00000000     UNINITIALIZED

ramfuncs   0    00008000    00000000     UNINITIALIZED

.text      0    003f4000    00002ab7     
                  003f4000    00001760     main.obj (.text)
                  003f5760    00000ed0     main.obj (.text:retain)
                  003f6630    0000016a     clk.obj (.text)
                  003f679a    00000153     gpio.obj (.text)
                  003f68ed    00000088     rts2800_fpu32.lib : fs_div.obj (.text)
                  003f6975    00000061                       : cos.obj (.text)
                  003f69d6    00000058                       : sin.obj (.text)
                  003f6a2e    00000046                       : boot.obj (.text)
                  003f6a74    00000019                       : args_main.obj (.text)
                  003f6a8d    00000019                       : exit.obj (.text)
                  003f6aa6    00000009                       : _lock.obj (.text)
                  003f6aaf    00000008     F2806x_CodeStartBranch.obj (.text)

.econst    0    003f6ab8    00000200     
                  003f6ab8    00000100     main.obj (.econst:.string:_CRC_TABLE)
                  003f6bb8    00000100     main.obj (.econst)

.cinit     0    003f6cb8    000001b8     
                  003f6cb8    000001a2     main.obj (.cinit)
                  003f6e5a    0000000a     rts2800_fpu32.lib : _lock.obj (.cinit)
                  003f6e64    0000000a                       : exit.obj (.cinit)
                  003f6e6e    00000002     --HOLE-- [fill = 0]

.switch    0    003f6e70    00000020     
                  003f6e70    00000020     main.obj (.switch:_adcRead)

codestart 
*          0    003f7ff6    00000002     
                  003f7ff6    00000002     F2806x_CodeStartBranch.obj (codestart)

.reset     0    003fffc0    00000002     DSECT
                  003fffc0    00000002     rts2800_fpu32.lib : boot.obj (.reset)

vectors    0    003fffc2    00000000     DSECT

.stack     1    00000050    00000300     UNINITIALIZED
                  00000050    00000300     --HOLE--

.ebss      1    00009000    00000408     UNINITIALIZED
                  00009000    00000400     main.obj (.ebss)
                  00009400    00000004     rts2800_fpu32.lib : _lock.obj (.ebss)
                  00009404    00000004                       : exit.obj (.ebss)


GLOBAL DATA SYMBOLS: SORTED BY DATA PAGE

address     data page           name
--------    ----------------    ----
00000050       1 (00000040)     __stack

00009000     240 (00009000)     _CTRLSUM
00009001     240 (00009000)     _SAAD_TESTS_BITS
00009002     240 (00009000)     _SAAD_TEST_RES_BITS
00009003     240 (00009000)     _SAAD_ST
00009004     240 (00009000)     _COMMAND_BYTE_BITS
00009005     240 (00009000)     _SAAD_TEST_RES
00009006     240 (00009000)     _VELOCITY
00009007     240 (00009000)     _COMMAND_BYTE
00009008     240 (00009000)     _VELOCITY_BITS
00009009     240 (00009000)     _DATA
0000900a     240 (00009000)     _CTRLSUM_BITS
0000900b     240 (00009000)     _POSITION
0000900c     240 (00009000)     _DATA_BITS
0000900d     240 (00009000)     _apsL
0000900e     240 (00009000)     _apsR
0000900f     240 (00009000)     _sendDubSCI
00009010     240 (00009000)     _testSciSend
00009011     240 (00009000)     _sendSCI
00009012     240 (00009000)     _moveMode
00009013     240 (00009000)     _lockDevStepCount
00009014     240 (00009000)     _mode
00009015     240 (00009000)     _lockDevEn
00009016     240 (00009000)     _lockDevSend
00009017     240 (00009000)     _delay
00009018     240 (00009000)     _counter
00009019     240 (00009000)     _xData
0000901a     240 (00009000)     _saadTestsPs
0000901b     240 (00009000)     _yData
0000901c     240 (00009000)     _saadTests
0000901d     240 (00009000)     _setSci
0000901e     240 (00009000)     _sciSendCnt
0000901f     240 (00009000)     _sciFramePart
00009020     240 (00009000)     _sciCounter
00009021     240 (00009000)     _POSITION_BITS
00009022     240 (00009000)     _SAAD_CTRL
00009023     240 (00009000)     _SAAD_ST_BITS
00009024     240 (00009000)     _SAAD_CTRL_BITS
00009026     240 (00009000)     _alpha1
00009028     240 (00009000)     _alpha
0000902a     240 (00009000)     _vel
0000902c     240 (00009000)     _speed
0000902e     240 (00009000)     _SAAD_CTRL_ALL
00009030     240 (00009000)     _sysCtrlRegs
00009032     240 (00009000)     _gpioS
00009034     240 (00009000)     _adcRegs
00009036     240 (00009000)     _clkS
00009038     240 (00009000)     _adcResRegs
0000903a     240 (00009000)     _mcbspData
0000903c     240 (00009000)     _time
0000903e     240 (00009000)     _jj

00009040     241 (00009040)     _i
00009042     241 (00009040)     _j
00009044     241 (00009040)     _mode1cnt
00009046     241 (00009040)     _mode3cnt
00009048     241 (00009040)     _acel
0000904a     241 (00009040)     _timer1cnt
0000904c     241 (00009040)     _timeUp
0000904e     241 (00009040)     _dt
00009050     241 (00009040)     _timer0cnt
00009052     241 (00009040)     _spiaRegs
00009054     241 (00009040)     _CpuTimer0Regs
00009056     241 (00009040)     _tempData2
00009058     241 (00009040)     _CpuTimer1Regs
0000905a     241 (00009040)     _interrupS
0000905c     241 (00009040)     _sciaRegs
0000905e     241 (00009040)     _xIntruptRegs
00009060     241 (00009040)     _spiData
00009062     241 (00009040)     _interrupSVectTable
00009064     241 (00009040)     _mcbspRegs
00009066     241 (00009040)     _flashRegs
00009068     241 (00009040)     _START_BIT
0000906a     241 (00009040)     _tempData1
0000906c     241 (00009040)     _START_BIT_BITS
0000906e     241 (00009040)     _CpuTimer2Regs
00009070     241 (00009040)     _refD
00009074     241 (00009040)     _iTot
00009078     241 (00009040)     _refQ
0000907c     241 (00009040)     _pwmValues

00009080     242 (00009080)     _dqP
00009088     242 (00009080)     _alBe
00009090     242 (00009080)     _dq
00009098     242 (00009080)     _saadFrameSend
000090a0     242 (00009080)     _alBeI
000090a8     242 (00009080)     _saadFrameResive
000090b0     242 (00009080)     _pwmRegS

000090c0     243 (000090c0)     _pwmHandle
000090cc     243 (000090c0)     _abcI
000090d8     243 (000090c0)     _abc

00009100     244 (00009100)     _adcRes

00009140     245 (00009140)     _motor1

00009180     246 (00009180)     _motor0

000091c0     247 (000091c0)     _spiModule

00009200     248 (00009200)     _pidD

00009280     24a (00009280)     _pidQ

00009300     24c (00009300)     _pidVel

00009380     24e (00009380)     _AMCconfArr

00009400     250 (00009400)     __unlock
00009402     250 (00009400)     __lock
00009404     250 (00009400)     ___TI_cleanup_ptr
00009406     250 (00009400)     ___TI_dtors_ptr

003f6bb8    fdae (003f6b80)     _PieVectTableInit


GLOBAL SYMBOLS: SORTED ALPHABETICALLY BY Name 

address    name
--------   ----
003f4000   .text
003f6a8d   C$$EXIT
003f68ed   FS$$DIV
003f5831   _ADCINT1_ISR
003f583c   _ADCINT2_ISR
003f5a78   _ADCINT3_ISR
003f5a83   _ADCINT4_ISR
003f5a8e   _ADCINT5_ISR
003f5a99   _ADCINT6_ISR
003f5aa4   _ADCINT7_ISR
003f5aaf   _ADCINT8_ISR
003f585d   _ADCINT9_ISR
003f4425   _ADC_config
003f47f0   _AMCconf
00009380   _AMCconfArr
003f5aba   _CLA1_INT1_ISR
003f5ac5   _CLA1_INT2_ISR
003f5ad0   _CLA1_INT3_ISR
003f5adb   _CLA1_INT4_ISR
003f5ae6   _CLA1_INT5_ISR
003f5af1   _CLA1_INT6_ISR
003f5afc   _CLA1_INT7_ISR
003f5b07   _CLA1_INT8_ISR
003f6630   _CLK_disableAdcClock
003f6637   _CLK_disableClaClock
003f663e   _CLK_disableClkIn
003f6644   _CLK_disableCompClock
003f6648   _CLK_disableCpuTimerClock
003f664f   _CLK_disableCrystalOsc
003f6655   _CLK_disableEcanaClock
003f665c   _CLK_disableEcap1Clock
003f6663   _CLK_disableEqep1Clock
003f666a   _CLK_disableGpioInputClock
003f6671   _CLK_disableHrPwmClock
003f6678   _CLK_disableI2cClock
003f667f   _CLK_disableLinAClock
003f6686   _CLK_disableOsc1
003f668c   _CLK_disableOsc1HaltMode
003f6692   _CLK_disableOsc2
003f6698   _CLK_disableOsc2HaltMode
003f669e   _CLK_disablePwmClock
003f66a8   _CLK_disableSciaClock
003f66af   _CLK_disableSpiaClock
003f66b6   _CLK_disableSpibClock
003f66ba   _CLK_disableTbClockSync
003f66c1   _CLK_disableWatchDogHaltMode
003f66c7   _CLK_enableAdcClock
003f66ce   _CLK_enableClaClock
003f66fc   _CLK_enableClkIn
003f66d5   _CLK_enableCompClock
003f66db   _CLK_enableCpuTimerClock
003f66e1   _CLK_enableCrystalOsc
003f66e7   _CLK_enableEcanaClock
003f66f5   _CLK_enableEcap1Clock
003f66ee   _CLK_enableEqep1Clock
003f6702   _CLK_enableGpioInputClock
003f6709   _CLK_enableHrPwmClock
003f6710   _CLK_enableI2cClock
003f6717   _CLK_enableLinAClock
003f671e   _CLK_enableOsc1
003f6724   _CLK_enableOsc1HaltMode
003f672a   _CLK_enableOsc2
003f6730   _CLK_enableOsc2HaltMode
003f6736   _CLK_enablePwmClock
003f673f   _CLK_enableSciaClock
003f6746   _CLK_enableSpiaClock
003f674d   _CLK_enableSpibClock
003f6754   _CLK_enableTbClockSync
003f675b   _CLK_enableWatchDogHaltMode
003f6761   _CLK_init
003f676a   _CLK_setClkOutPreScaler
003f6771   _CLK_setLowSpdPreScaler
003f677e   _CLK_setOsc2Src
003f6777   _CLK_setOscSrc
003f6785   _CLK_setTimer2PreScale
003f678c   _CLK_setTimer2Src
003f6793   _CLK_setWatchDogSrc
00009007   _COMMAND_BYTE
00009004   _COMMAND_BYTE_BITS
00009000   _CTRLSUM
0000900a   _CTRLSUM_BITS
003f4b72   _ConfigCpuTimer0
003f4b93   _ConfigCpuTimer1
003f4bb3   _ConfigCpuTimer2
00009054   _CpuTimer0Regs
00009058   _CpuTimer1Regs
0000906e   _CpuTimer2Regs
00009009   _DATA
003f5776   _DATALOG_ISR
0000900c   _DATA_BITS
003f59de   _DINTCH1_ISR
003f59e9   _DINTCH2_ISR
003f59f4   _DINTCH3_ISR
003f59ff   _DINTCH4_ISR
003f5a0a   _DINTCH5_ISR
003f5a15   _DINTCH6_ISR
003f42b0   _DisableDog
003f5a62   _ECAN0INTA_ISR
003f5a6d   _ECAN1INTA_ISR
003f592e   _ECAP1_INT_ISR
003f5939   _ECAP2_INT_ISR
003f5944   _ECAP3_INT_ISR
003f5b33   _EMPTY_ISR
003f578c   _EMUINT_ISR
003f58d6   _EPWM1_INT_ISR
003f587e   _EPWM1_TZINT_ISR
003f58e1   _EPWM2_INT_ISR
003f5889   _EPWM2_TZINT_ISR
003f58ec   _EPWM3_INT_ISR
003f5894   _EPWM3_TZINT_ISR
003f58f7   _EPWM4_INT_ISR
003f589f   _EPWM4_TZINT_ISR
003f5902   _EPWM5_INT_ISR
003f58aa   _EPWM5_TZINT_ISR
003f590d   _EPWM6_INT_ISR
003f58b5   _EPWM6_TZINT_ISR
003f5918   _EPWM7_INT_ISR
003f58c0   _EPWM7_TZINT_ISR
003f5923   _EPWM8_INT_ISR
003f58cb   _EPWM8_TZINT_ISR
003f5965   _EQEP1_INT_ISR
003f5970   _EQEP2_INT_ISR
003f679a   _GPIO_init
003f6818   _GPIO_read
003f67d8   _GPIO_setDirection
003f680d   _GPIO_setExtInt
003f6840   _GPIO_setHigh
003f6857   _GPIO_setLow
003f686e   _GPIO_setMode
003f67a3   _GPIO_setPullup
003f68d6   _GPIO_toggle
003f6603   _GYRO_X_isr
003f594f   _HRCAP1_INT_ISR
003f595a   _HRCAP2_INT_ISR
003f597b   _HRCAP3_INT_ISR
003f5986   _HRCAP4_INT_ISR
003f5a20   _I2CINT1A_ISR
003f5a2b   _I2CINT2A_ISR
003f57a2   _ILLEGAL_ISR
003f5760   _INT13_ISR
003f576b   _INT14_ISR
003f42ba   _InitPll
003f5b28   _LUF_ISR
003f5b1d   _LVF_ISR
003f59c8   _MRINTA_ISR
003f59d3   _MXINTA_ISR
003f5797   _NMI_ISR
003f5b40   _PIE_RESERVED
0000900b   _POSITION
00009021   _POSITION_BITS
003f6bb8   _PieVectTableInit
003f5781   _RTOSINT_ISR
00008000   _RamfuncsLoadEnd
00000000   _RamfuncsLoadSize
00008000   _RamfuncsLoadStart
00008000   _RamfuncsRunStart
00009022   _SAAD_CTRL
0000902e   _SAAD_CTRL_ALL
00009024   _SAAD_CTRL_BITS
00009003   _SAAD_ST
00009023   _SAAD_ST_BITS
00009001   _SAAD_TESTS_BITS
00009005   _SAAD_TEST_RES
00009002   _SAAD_TEST_RES_BITS
003f5a36   _SCIRXINTA_ISR
003f5a4c   _SCIRXINTB_ISR
003f5a41   _SCITXINTA_ISR
003f5a57   _SCITXINTB_ISR
003f65ef   _SCI_RX_isr
003f599c   _SPIRXINTA_ISR
003f59b2   _SPIRXINTB_ISR
003f59a7   _SPITXINTA_ISR
003f59bd   _SPITXINTB_ISR
003f550f   _SPI_RX_isr
00009068   _START_BIT
0000906c   _START_BIT_BITS
003f42a2   _ServiceDog
003f5868   _TINT0_ISR
003f5991   _USB0_INT_ISR
003f5810   _USER10_ISR
003f581b   _USER11_ISR
003f5826   _USER12_ISR
003f57ad   _USER1_ISR
003f57b8   _USER2_ISR
003f57c3   _USER3_ISR
003f57ce   _USER4_ISR
003f57d9   _USER5_ISR
003f57e4   _USER6_ISR
003f57ef   _USER7_ISR
003f57fa   _USER8_ISR
003f5805   _USER9_ISR
00009006   _VELOCITY
00009008   _VELOCITY_BITS
003f5873   _WAKEINT_ISR
003f5847   _XINT1_ISR
003f5852   _XINT2_ISR
003f5b12   _XINT3_ISR
00000350   __STACK_END
00000300   __STACK_SIZE
00000001   __TI_args_main
00009404   ___TI_cleanup_ptr
00009406   ___TI_dtors_ptr
ffffffff   ___binit__
ffffffff   ___c_args__
003f6cb8   ___cinit__
003f6ab7   ___etext__
ffffffff   ___pinit__
003f4000   ___text__
003f6a74   __args_main
00009402   __lock
003f6aae   __nop
003f6aaa   __register_lock
003f6aa6   __register_unlock
00000050   __stack
00009400   __unlock
000090d8   _abc
000090cc   _abcI
003f6a8d   _abort
00009048   _acel
003f441c   _adcInit
003f459f   _adcRead
00009034   _adcRegs
00009100   _adcRes
00009038   _adcResRegs
003f6617   _adc_X_ISR
00009088   _alBe
000090a0   _alBeI
00009028   _alpha
00009026   _alpha1
003f50b4   _alphaF
0000900d   _apsL
0000900e   _apsR
003f6a2e   _c_int00
003f4dd3   _calcPWM
003f55ed   _calcSpeed
003f4eda   _clarke
003f4f7d   _clarkeInv
003f4616   _clkInit
00009036   _clkS
003f46fd   _clkg_delay_loop
003f6975   _cos
00009018   _counter
003f5b56   _cpu_timer0_isr
003f6044   _cpu_timer1_isr
003f5faa   _cpu_timer2_isr
003f4db9   _crc8DATA
003f4d85   _crc8POS
003f4d9f   _crc8VEL
00009017   _delay
003f46dc   _delay_loop
003f4d43   _disablePWM
00009090   _dq
00009080   _dqP
0000904e   _dt
003f6a8f   _exit
003f4254   _flashInit
00009066   _flashRegs
003f425a   _flashSetup
003f4d7a   _getMaxPWMVal
003f400b   _gpioInit
00009032   _gpioS
003f48b9   _gyroVerifyL2G2IS
00009040   _i
00009074   _iTot
0000905a   _interrupS
003f4b37   _interrupSDefVectTableInit
00009062   _interrupSVectTable
003f4b17   _interrupsCpuSetup
003f4ac2   _interrupsCtrlInit
003f4ab6   _interrupsInit
003f4b0c   _interruptSEnable
00009042   _j
0000903e   _jj
00009015   _lockDevEn
00009016   _lockDevSend
003f556a   _lockDevStart
00009013   _lockDevStepCount
003f5139   _main
003f500e   _makeTest
003f47ec   _mcbspAddr
0000903a   _mcbspData
00009064   _mcbspRegs
003f4766   _mcbspSetupSpi
003f47cd   _mcbsp_read
003f47bb   _mcbsp_write
003f471e   _mcbspaInit
003f4724   _mcbspaSetup
00009014   _mode
00009044   _mode1cnt
00009046   _mode3cnt
00009180   _motor0
00009140   _motor1
00009012   _moveMode
003f4f0d   _park
003f4f45   _parkInv
003f4e43   _pidCalc
00009200   _pidD
00009280   _pidQ
00009300   _pidVel
003f4e44   _pid_reg3_calc
000090c0   _pwmHandle
000090b0   _pwmRegS
003f4bd3   _pwmSInit
003f4be8   _pwmSetupWTest
0000907c   _pwmValues
00009070   _refD
00009078   _refQ
003f5b4b   _rsvd_ISR
000090a8   _saadFrameResive
00009098   _saadFrameSend
0000901c   _saadTests
0000901a   _saadTestsPs
00009020   _sciCounter
0000901f   _sciFramePart
0000901e   _sciSendCnt
003f4a70   _sciaInit
003f4aab   _sciaRead
0000905c   _sciaRegs
003f4a76   _sciaSetup
003f4ab0   _sciaWrite
0000900f   _sendDubSCI
00009011   _sendSCI
003f43fe   _setExtOsc
003f43b3   _setIntOsc1
003f43c8   _setIntOsc2
003f4d24   _setPWMValues
003f4d58   _setPWMValuesArr
0000901d   _setSci
003f4311   _setUpPeripheralClocks
003f43e3   _setXTALOsc
003f461f   _setupClks
003f4014   _setupGPIOs
003f4245   _setupGPIOsInterrupt
003f464c   _setupPeripheralClks
003f69d6   _sin
0000902c   _speed
00009060   _spiData
003f48ab   _spiDisableFF
003f4a0b   _spiGyroConfL2G2IS
003f4931   _spiGyroConfMAX
003f4896   _spiInit
000091c0   _spiModule
003f489c   _spiSetupFF
00009052   _spiaRegs
003f4e40   _stopMotor
00009030   _sysCtrlRegs
003f427e   _systemInit
003f4284   _systemSetup
0000906a   _tempData1
00009056   _tempData2
00009010   _testSciSend
0000903c   _time
0000904c   _timeUp
00009050   _timer0cnt
0000904a   _timer1cnt
003f4b54   _timerInit
003f4b60   _timerSConfig
003f4000   _usDelay
0000902a   _vel
00009019   _xData
0000905e   _xIntruptRegs
0000901b   _yData
ffffffff   binit
003f6cb8   cinit
003f7ff6   code_start
003f6ab7   etext
ffffffff   pinit


GLOBAL SYMBOLS: SORTED BY Symbol Address 

address    name
--------   ----
00000000   _RamfuncsLoadSize
00000001   __TI_args_main
00000050   __stack
00000300   __STACK_SIZE
00000350   __STACK_END
00008000   _RamfuncsLoadEnd
00008000   _RamfuncsLoadStart
00008000   _RamfuncsRunStart
00009000   _CTRLSUM
00009001   _SAAD_TESTS_BITS
00009002   _SAAD_TEST_RES_BITS
00009003   _SAAD_ST
00009004   _COMMAND_BYTE_BITS
00009005   _SAAD_TEST_RES
00009006   _VELOCITY
00009007   _COMMAND_BYTE
00009008   _VELOCITY_BITS
00009009   _DATA
0000900a   _CTRLSUM_BITS
0000900b   _POSITION
0000900c   _DATA_BITS
0000900d   _apsL
0000900e   _apsR
0000900f   _sendDubSCI
00009010   _testSciSend
00009011   _sendSCI
00009012   _moveMode
00009013   _lockDevStepCount
00009014   _mode
00009015   _lockDevEn
00009016   _lockDevSend
00009017   _delay
00009018   _counter
00009019   _xData
0000901a   _saadTestsPs
0000901b   _yData
0000901c   _saadTests
0000901d   _setSci
0000901e   _sciSendCnt
0000901f   _sciFramePart
00009020   _sciCounter
00009021   _POSITION_BITS
00009022   _SAAD_CTRL
00009023   _SAAD_ST_BITS
00009024   _SAAD_CTRL_BITS
00009026   _alpha1
00009028   _alpha
0000902a   _vel
0000902c   _speed
0000902e   _SAAD_CTRL_ALL
00009030   _sysCtrlRegs
00009032   _gpioS
00009034   _adcRegs
00009036   _clkS
00009038   _adcResRegs
0000903a   _mcbspData
0000903c   _time
0000903e   _jj
00009040   _i
00009042   _j
00009044   _mode1cnt
00009046   _mode3cnt
00009048   _acel
0000904a   _timer1cnt
0000904c   _timeUp
0000904e   _dt
00009050   _timer0cnt
00009052   _spiaRegs
00009054   _CpuTimer0Regs
00009056   _tempData2
00009058   _CpuTimer1Regs
0000905a   _interrupS
0000905c   _sciaRegs
0000905e   _xIntruptRegs
00009060   _spiData
00009062   _interrupSVectTable
00009064   _mcbspRegs
00009066   _flashRegs
00009068   _START_BIT
0000906a   _tempData1
0000906c   _START_BIT_BITS
0000906e   _CpuTimer2Regs
00009070   _refD
00009074   _iTot
00009078   _refQ
0000907c   _pwmValues
00009080   _dqP
00009088   _alBe
00009090   _dq
00009098   _saadFrameSend
000090a0   _alBeI
000090a8   _saadFrameResive
000090b0   _pwmRegS
000090c0   _pwmHandle
000090cc   _abcI
000090d8   _abc
00009100   _adcRes
00009140   _motor1
00009180   _motor0
000091c0   _spiModule
00009200   _pidD
00009280   _pidQ
00009300   _pidVel
00009380   _AMCconfArr
00009400   __unlock
00009402   __lock
00009404   ___TI_cleanup_ptr
00009406   ___TI_dtors_ptr
003f4000   .text
003f4000   ___text__
003f4000   _usDelay
003f400b   _gpioInit
003f4014   _setupGPIOs
003f4245   _setupGPIOsInterrupt
003f4254   _flashInit
003f425a   _flashSetup
003f427e   _systemInit
003f4284   _systemSetup
003f42a2   _ServiceDog
003f42b0   _DisableDog
003f42ba   _InitPll
003f4311   _setUpPeripheralClocks
003f43b3   _setIntOsc1
003f43c8   _setIntOsc2
003f43e3   _setXTALOsc
003f43fe   _setExtOsc
003f441c   _adcInit
003f4425   _ADC_config
003f459f   _adcRead
003f4616   _clkInit
003f461f   _setupClks
003f464c   _setupPeripheralClks
003f46dc   _delay_loop
003f46fd   _clkg_delay_loop
003f471e   _mcbspaInit
003f4724   _mcbspaSetup
003f4766   _mcbspSetupSpi
003f47bb   _mcbsp_write
003f47cd   _mcbsp_read
003f47ec   _mcbspAddr
003f47f0   _AMCconf
003f4896   _spiInit
003f489c   _spiSetupFF
003f48ab   _spiDisableFF
003f48b9   _gyroVerifyL2G2IS
003f4931   _spiGyroConfMAX
003f4a0b   _spiGyroConfL2G2IS
003f4a70   _sciaInit
003f4a76   _sciaSetup
003f4aab   _sciaRead
003f4ab0   _sciaWrite
003f4ab6   _interrupsInit
003f4ac2   _interrupsCtrlInit
003f4b0c   _interruptSEnable
003f4b17   _interrupsCpuSetup
003f4b37   _interrupSDefVectTableInit
003f4b54   _timerInit
003f4b60   _timerSConfig
003f4b72   _ConfigCpuTimer0
003f4b93   _ConfigCpuTimer1
003f4bb3   _ConfigCpuTimer2
003f4bd3   _pwmSInit
003f4be8   _pwmSetupWTest
003f4d24   _setPWMValues
003f4d43   _disablePWM
003f4d58   _setPWMValuesArr
003f4d7a   _getMaxPWMVal
003f4d85   _crc8POS
003f4d9f   _crc8VEL
003f4db9   _crc8DATA
003f4dd3   _calcPWM
003f4e40   _stopMotor
003f4e43   _pidCalc
003f4e44   _pid_reg3_calc
003f4eda   _clarke
003f4f0d   _park
003f4f45   _parkInv
003f4f7d   _clarkeInv
003f500e   _makeTest
003f50b4   _alphaF
003f5139   _main
003f550f   _SPI_RX_isr
003f556a   _lockDevStart
003f55ed   _calcSpeed
003f5760   _INT13_ISR
003f576b   _INT14_ISR
003f5776   _DATALOG_ISR
003f5781   _RTOSINT_ISR
003f578c   _EMUINT_ISR
003f5797   _NMI_ISR
003f57a2   _ILLEGAL_ISR
003f57ad   _USER1_ISR
003f57b8   _USER2_ISR
003f57c3   _USER3_ISR
003f57ce   _USER4_ISR
003f57d9   _USER5_ISR
003f57e4   _USER6_ISR
003f57ef   _USER7_ISR
003f57fa   _USER8_ISR
003f5805   _USER9_ISR
003f5810   _USER10_ISR
003f581b   _USER11_ISR
003f5826   _USER12_ISR
003f5831   _ADCINT1_ISR
003f583c   _ADCINT2_ISR
003f5847   _XINT1_ISR
003f5852   _XINT2_ISR
003f585d   _ADCINT9_ISR
003f5868   _TINT0_ISR
003f5873   _WAKEINT_ISR
003f587e   _EPWM1_TZINT_ISR
003f5889   _EPWM2_TZINT_ISR
003f5894   _EPWM3_TZINT_ISR
003f589f   _EPWM4_TZINT_ISR
003f58aa   _EPWM5_TZINT_ISR
003f58b5   _EPWM6_TZINT_ISR
003f58c0   _EPWM7_TZINT_ISR
003f58cb   _EPWM8_TZINT_ISR
003f58d6   _EPWM1_INT_ISR
003f58e1   _EPWM2_INT_ISR
003f58ec   _EPWM3_INT_ISR
003f58f7   _EPWM4_INT_ISR
003f5902   _EPWM5_INT_ISR
003f590d   _EPWM6_INT_ISR
003f5918   _EPWM7_INT_ISR
003f5923   _EPWM8_INT_ISR
003f592e   _ECAP1_INT_ISR
003f5939   _ECAP2_INT_ISR
003f5944   _ECAP3_INT_ISR
003f594f   _HRCAP1_INT_ISR
003f595a   _HRCAP2_INT_ISR
003f5965   _EQEP1_INT_ISR
003f5970   _EQEP2_INT_ISR
003f597b   _HRCAP3_INT_ISR
003f5986   _HRCAP4_INT_ISR
003f5991   _USB0_INT_ISR
003f599c   _SPIRXINTA_ISR
003f59a7   _SPITXINTA_ISR
003f59b2   _SPIRXINTB_ISR
003f59bd   _SPITXINTB_ISR
003f59c8   _MRINTA_ISR
003f59d3   _MXINTA_ISR
003f59de   _DINTCH1_ISR
003f59e9   _DINTCH2_ISR
003f59f4   _DINTCH3_ISR
003f59ff   _DINTCH4_ISR
003f5a0a   _DINTCH5_ISR
003f5a15   _DINTCH6_ISR
003f5a20   _I2CINT1A_ISR
003f5a2b   _I2CINT2A_ISR
003f5a36   _SCIRXINTA_ISR
003f5a41   _SCITXINTA_ISR
003f5a4c   _SCIRXINTB_ISR
003f5a57   _SCITXINTB_ISR
003f5a62   _ECAN0INTA_ISR
003f5a6d   _ECAN1INTA_ISR
003f5a78   _ADCINT3_ISR
003f5a83   _ADCINT4_ISR
003f5a8e   _ADCINT5_ISR
003f5a99   _ADCINT6_ISR
003f5aa4   _ADCINT7_ISR
003f5aaf   _ADCINT8_ISR
003f5aba   _CLA1_INT1_ISR
003f5ac5   _CLA1_INT2_ISR
003f5ad0   _CLA1_INT3_ISR
003f5adb   _CLA1_INT4_ISR
003f5ae6   _CLA1_INT5_ISR
003f5af1   _CLA1_INT6_ISR
003f5afc   _CLA1_INT7_ISR
003f5b07   _CLA1_INT8_ISR
003f5b12   _XINT3_ISR
003f5b1d   _LVF_ISR
003f5b28   _LUF_ISR
003f5b33   _EMPTY_ISR
003f5b40   _PIE_RESERVED
003f5b4b   _rsvd_ISR
003f5b56   _cpu_timer0_isr
003f5faa   _cpu_timer2_isr
003f6044   _cpu_timer1_isr
003f65ef   _SCI_RX_isr
003f6603   _GYRO_X_isr
003f6617   _adc_X_ISR
003f6630   _CLK_disableAdcClock
003f6637   _CLK_disableClaClock
003f663e   _CLK_disableClkIn
003f6644   _CLK_disableCompClock
003f6648   _CLK_disableCpuTimerClock
003f664f   _CLK_disableCrystalOsc
003f6655   _CLK_disableEcanaClock
003f665c   _CLK_disableEcap1Clock
003f6663   _CLK_disableEqep1Clock
003f666a   _CLK_disableGpioInputClock
003f6671   _CLK_disableHrPwmClock
003f6678   _CLK_disableI2cClock
003f667f   _CLK_disableLinAClock
003f6686   _CLK_disableOsc1
003f668c   _CLK_disableOsc1HaltMode
003f6692   _CLK_disableOsc2
003f6698   _CLK_disableOsc2HaltMode
003f669e   _CLK_disablePwmClock
003f66a8   _CLK_disableSciaClock
003f66af   _CLK_disableSpiaClock
003f66b6   _CLK_disableSpibClock
003f66ba   _CLK_disableTbClockSync
003f66c1   _CLK_disableWatchDogHaltMode
003f66c7   _CLK_enableAdcClock
003f66ce   _CLK_enableClaClock
003f66d5   _CLK_enableCompClock
003f66db   _CLK_enableCpuTimerClock
003f66e1   _CLK_enableCrystalOsc
003f66e7   _CLK_enableEcanaClock
003f66ee   _CLK_enableEqep1Clock
003f66f5   _CLK_enableEcap1Clock
003f66fc   _CLK_enableClkIn
003f6702   _CLK_enableGpioInputClock
003f6709   _CLK_enableHrPwmClock
003f6710   _CLK_enableI2cClock
003f6717   _CLK_enableLinAClock
003f671e   _CLK_enableOsc1
003f6724   _CLK_enableOsc1HaltMode
003f672a   _CLK_enableOsc2
003f6730   _CLK_enableOsc2HaltMode
003f6736   _CLK_enablePwmClock
003f673f   _CLK_enableSciaClock
003f6746   _CLK_enableSpiaClock
003f674d   _CLK_enableSpibClock
003f6754   _CLK_enableTbClockSync
003f675b   _CLK_enableWatchDogHaltMode
003f6761   _CLK_init
003f676a   _CLK_setClkOutPreScaler
003f6771   _CLK_setLowSpdPreScaler
003f6777   _CLK_setOscSrc
003f677e   _CLK_setOsc2Src
003f6785   _CLK_setTimer2PreScale
003f678c   _CLK_setTimer2Src
003f6793   _CLK_setWatchDogSrc
003f679a   _GPIO_init
003f67a3   _GPIO_setPullup
003f67d8   _GPIO_setDirection
003f680d   _GPIO_setExtInt
003f6818   _GPIO_read
003f6840   _GPIO_setHigh
003f6857   _GPIO_setLow
003f686e   _GPIO_setMode
003f68d6   _GPIO_toggle
003f68ed   FS$$DIV
003f6975   _cos
003f69d6   _sin
003f6a2e   _c_int00
003f6a74   __args_main
003f6a8d   C$$EXIT
003f6a8d   _abort
003f6a8f   _exit
003f6aa6   __register_unlock
003f6aaa   __register_lock
003f6aae   __nop
003f6ab7   ___etext__
003f6ab7   etext
003f6bb8   _PieVectTableInit
003f6cb8   ___cinit__
003f6cb8   cinit
003f7ff6   code_start
ffffffff   ___binit__
ffffffff   ___c_args__
ffffffff   ___pinit__
ffffffff   binit
ffffffff   pinit

[367 symbols]
