******************************************************************************
             TMS320C2000 Linker Unix v6.2.7                    
******************************************************************************
>> Linked Sat Jul 14 10:45:59 2018

OUTPUT FILE NAME:   <motorsBetaC2.out>
ENTRY POINT SYMBOL: "_c_int00"  address: 003f67b9


MEMORY CONFIGURATION

         name            origin    length      used     unused   attr    fill
----------------------  --------  ---------  --------  --------  ----  --------
PAGE 0:
  RAML0                 00008000   00000800  00000000  00000800  RWIX
  RAML1                 00008800   00000400  00000000  00000400  RWIX
  OTP                   003d7800   00000400  00000000  00000400  RWIX
  FLASHH                003d8000   00004000  00000000  00004000  RWIX
  FLASHG                003dc000   00004000  00000000  00004000  RWIX
  FLASHF                003e0000   00004000  00000000  00004000  RWIX
  FLASHE                003e4000   00004000  00000000  00004000  RWIX
  FLASHD                003e8000   00004000  00000000  00004000  RWIX
  FLASHC                003ec000   00004000  00000000  00004000  RWIX
  FLASHA                003f4000   00003f80  00002c1f  00001361  RWIX
  CSM_RSVD              003f7f80   00000076  00000000  00000076  RWIX
  BEGIN                 003f7ff6   00000002  00000002  00000000  RWIX
  CSM_PWL_P0            003f7ff8   00000008  00000000  00000008  RWIX
  FPUTABLES             003fd860   000006a0  00000000  000006a0  RWIX
  IQTABLES              003fdf00   00000b50  00000000  00000b50  RWIX
  IQTABLES2             003fea50   0000008c  00000000  0000008c  RWIX
  IQTABLES3             003feadc   000000aa  00000000  000000aa  RWIX
  ROM                   003ff3b0   00000c10  00000000  00000c10  RWIX
  RESET                 003fffc0   00000002  00000000  00000002  RWIX
  VECTORS               003fffc2   0000003e  00000000  0000003e  RWIX

PAGE 1:
  BOOT_RSVD             00000000   00000050  00000000  00000050  RWIX
  RAMM0                 00000050   000003b0  00000300  000000b0  RWIX
  RAMM1                 00000400   00000400  00000000  00000400  RWIX
  RAML2                 00008c00   00000400  00000000  00000400  RWIX
  RAML3                 00009000   00001000  00000408  00000bf8  RWIX
  RAML4                 0000a000   00002000  00000000  00002000  RWIX
  RAML5                 0000c000   00002000  00000000  00002000  RWIX
  RAML6                 0000e000   00002000  00000000  00002000  RWIX
  RAML7                 00010000   00002000  00000000  00002000  RWIX
  RAML8                 00012000   00002000  00000000  00002000  RWIX
  USB_RAM               00040000   00000800  00000000  00000800  RWIX
  FLASHB                003f0000   00004000  00000000  00004000  RWIX


SECTION ALLOCATION MAP

 output                                  attributes/
section   page    origin      length       input sections
--------  ----  ----------  ----------   ----------------
.pinit     0    003f4000    00000000     UNINITIALIZED

ramfuncs   0    00008000    00000000     UNINITIALIZED

.text      0    003f4000    00002842     
                  003f4000    00001560     main.obj (.text)
                  003f5560    00000e71     main.obj (.text:retain)
                  003f63d1    00000168     clk.obj (.text)
                  003f6539    0000013f     gpio.obj (.text)
                  003f6678    00000088     rts2800_fpu32.lib : fs_div.obj (.text)
                  003f6700    00000061                       : cos.obj (.text)
                  003f6761    00000058                       : sin.obj (.text)
                  003f67b9    00000046                       : boot.obj (.text)
                  003f67ff    00000019                       : args_main.obj (.text)
                  003f6818    00000019                       : exit.obj (.text)
                  003f6831    00000009                       : _lock.obj (.text)
                  003f683a    00000008     F2806x_CodeStartBranch.obj (.text)

.econst    0    003f6842    00000200     
                  003f6842    00000100     main.obj (.econst:.string:_CRC_TABLE)
                  003f6942    00000100     main.obj (.econst)

.cinit     0    003f6a42    000001bd     
                  003f6a42    000001a7     main.obj (.cinit)
                  003f6be9    0000000a     rts2800_fpu32.lib : _lock.obj (.cinit)
                  003f6bf3    0000000a                       : exit.obj (.cinit)
                  003f6bfd    00000002     --HOLE-- [fill = 0]

.switch    0    003f6c00    00000020     
                  003f6c00    00000020     main.obj (.switch:_adcRead)

codestart 
*          0    003f7ff6    00000002     
                  003f7ff6    00000002     F2806x_CodeStartBranch.obj (codestart)

.reset     0    003fffc0    00000002     DSECT
                  003fffc0    00000002     rts2800_fpu32.lib : boot.obj (.reset)

vectors    0    003fffc2    00000000     DSECT

.stack     1    00000050    00000300     UNINITIALIZED
                  00000050    00000300     --HOLE--

.ebss      1    00009000    00000408     UNINITIALIZED
                  00009000    00000400     main.obj (.ebss)
                  00009400    00000004     rts2800_fpu32.lib : _lock.obj (.ebss)
                  00009404    00000004                       : exit.obj (.ebss)


GLOBAL DATA SYMBOLS: SORTED BY DATA PAGE

address     data page           name
--------    ----------------    ----
00000050       1 (00000040)     __stack

00009000     240 (00009000)     _SAAD_ST
00009001     240 (00009000)     _saadTestsPs
00009002     240 (00009000)     _SAAD_TEST_RES_BITS
00009003     240 (00009000)     _SAAD_TESTS_BITS
00009004     240 (00009000)     _SAAD_TEST_RES
00009005     240 (00009000)     _POSITION_BITS
00009006     240 (00009000)     _COMMAND_BYTE_BITS
00009007     240 (00009000)     _VELOCITY
00009008     240 (00009000)     _COMMAND_BYTE
00009009     240 (00009000)     _CTRLSUM_BITS
0000900a     240 (00009000)     _CTRLSUM
0000900b     240 (00009000)     _DATA
0000900c     240 (00009000)     _POSITION
0000900d     240 (00009000)     _DATA_BITS
0000900e     240 (00009000)     _VELOCITY_BITS
0000900f     240 (00009000)     _apsR
00009010     240 (00009000)     _lockDevEn
00009011     240 (00009000)     _sendDubSCI
00009012     240 (00009000)     _apsL
00009013     240 (00009000)     _sendSCI
00009014     240 (00009000)     _lockDevStepCount
00009015     240 (00009000)     _angArrCnt
00009016     240 (00009000)     _mode
00009017     240 (00009000)     _moveMode
00009018     240 (00009000)     _lockDevSend
00009019     240 (00009000)     _counter
0000901a     240 (00009000)     _sciFramePart
0000901b     240 (00009000)     _xData
0000901c     240 (00009000)     _delay
0000901d     240 (00009000)     _yData
0000901e     240 (00009000)     _setSci
0000901f     240 (00009000)     _testSciSend
00009020     240 (00009000)     _sciSendCnt
00009021     240 (00009000)     _saadTests
00009022     240 (00009000)     _SAAD_CTRL
00009023     240 (00009000)     _SAAD_CTRL_BITS
00009024     240 (00009000)     _sciCounter
00009025     240 (00009000)     _SAAD_ST_BITS
00009026     240 (00009000)     _alpha1
00009028     240 (00009000)     _alpha
0000902a     240 (00009000)     _speed
0000902c     240 (00009000)     _vel
0000902e     240 (00009000)     _acel
00009030     240 (00009000)     _SAAD_CTRL_ALL
00009032     240 (00009000)     _adcRegs
00009034     240 (00009000)     _adcResRegs
00009036     240 (00009000)     _mcbspData
00009038     240 (00009000)     _START_BIT_BITS
0000903a     240 (00009000)     _sysCtrlRegs
0000903c     240 (00009000)     _velCoef
0000903e     240 (00009000)     _time

00009040     241 (00009040)     _i
00009042     241 (00009040)     _j
00009044     241 (00009040)     _mode1cnt
00009046     241 (00009040)     _mode3cnt
00009048     241 (00009040)     _clkS
0000904a     241 (00009040)     _dt
0000904c     241 (00009040)     _timeUp
0000904e     241 (00009040)     _jj
00009050     241 (00009040)     _timer0cnt
00009052     241 (00009040)     _spiaRegs
00009054     241 (00009040)     _spiData
00009056     241 (00009040)     _CpuTimer2Regs
00009058     241 (00009040)     _xIntruptRegs
0000905a     241 (00009040)     _interrupSVectTable
0000905c     241 (00009040)     _CpuTimer1Regs
0000905e     241 (00009040)     _CpuTimer0Regs
00009060     241 (00009040)     _interrupS
00009062     241 (00009040)     _tempData1
00009064     241 (00009040)     _START_BIT
00009066     241 (00009040)     _mcbspRegs
00009068     241 (00009040)     _gpioS
0000906a     241 (00009040)     _sciaRegs
0000906c     241 (00009040)     _tempData2
0000906e     241 (00009040)     _flashRegs
00009070     241 (00009040)     _timer1cnt
00009072     241 (00009040)     _refD
00009076     241 (00009040)     _refQ
0000907a     241 (00009040)     _iTot

00009080     242 (00009080)     _pwmValues
00009084     242 (00009080)     _dq
0000908c     242 (00009080)     _alBe
00009094     242 (00009080)     _alBeI
0000909c     242 (00009080)     _dqP
000090a4     242 (00009080)     _saadFrameResive
000090ac     242 (00009080)     _saadFrameSend
000090b4     242 (00009080)     _angArr

000090c0     243 (000090c0)     _pwmHandle
000090cc     243 (000090c0)     _pwmRegS
000090d8     243 (000090c0)     _abcI
000090e4     243 (000090c0)     _abc

00009100     244 (00009100)     _adcRes

00009140     245 (00009140)     _motor1

00009180     246 (00009180)     _motor0

000091c0     247 (000091c0)     _spiModule

00009200     248 (00009200)     _pidVel

00009280     24a (00009280)     _pidD

00009300     24c (00009300)     _pidQ

00009380     24e (00009380)     _AMCconfArr

00009400     250 (00009400)     __unlock
00009402     250 (00009400)     __lock
00009404     250 (00009400)     ___TI_cleanup_ptr
00009406     250 (00009400)     ___TI_dtors_ptr

003f6942    fda5 (003f6940)     _PieVectTableInit


GLOBAL SYMBOLS: SORTED ALPHABETICALLY BY Name 

address    name
--------   ----
003f4000   .text
003f6818   C$$EXIT
003f6678   FS$$DIV
003f561e   _ADCINT1_ISR
003f5628   _ADCINT2_ISR
003f5830   _ADCINT3_ISR
003f583a   _ADCINT4_ISR
003f5844   _ADCINT5_ISR
003f584e   _ADCINT6_ISR
003f5858   _ADCINT7_ISR
003f5862   _ADCINT8_ISR
003f5646   _ADCINT9_ISR
003f4425   _ADC_config
003f47d7   _AMCconf
00009380   _AMCconfArr
003f586c   _CLA1_INT1_ISR
003f5876   _CLA1_INT2_ISR
003f5880   _CLA1_INT3_ISR
003f588a   _CLA1_INT4_ISR
003f5894   _CLA1_INT5_ISR
003f589e   _CLA1_INT6_ISR
003f58a8   _CLA1_INT7_ISR
003f58b2   _CLA1_INT8_ISR
003f63d1   _CLK_disableAdcClock
003f63d8   _CLK_disableClaClock
003f63df   _CLK_disableClkIn
003f63e5   _CLK_disableCompClock
003f63e9   _CLK_disableCpuTimerClock
003f63f0   _CLK_disableCrystalOsc
003f63f6   _CLK_disableEcanaClock
003f63fd   _CLK_disableEcap1Clock
003f6404   _CLK_disableEqep1Clock
003f640b   _CLK_disableGpioInputClock
003f6412   _CLK_disableHrPwmClock
003f6419   _CLK_disableI2cClock
003f6420   _CLK_disableLinAClock
003f6427   _CLK_disableOsc1
003f642d   _CLK_disableOsc1HaltMode
003f6433   _CLK_disableOsc2
003f6439   _CLK_disableOsc2HaltMode
003f643f   _CLK_disablePwmClock
003f6449   _CLK_disableSciaClock
003f6450   _CLK_disableSpiaClock
003f6457   _CLK_disableSpibClock
003f645b   _CLK_disableTbClockSync
003f6462   _CLK_disableWatchDogHaltMode
003f6468   _CLK_enableAdcClock
003f646f   _CLK_enableClaClock
003f649d   _CLK_enableClkIn
003f6476   _CLK_enableCompClock
003f647c   _CLK_enableCpuTimerClock
003f6482   _CLK_enableCrystalOsc
003f6488   _CLK_enableEcanaClock
003f6496   _CLK_enableEcap1Clock
003f648f   _CLK_enableEqep1Clock
003f64a3   _CLK_enableGpioInputClock
003f64aa   _CLK_enableHrPwmClock
003f64b1   _CLK_enableI2cClock
003f64b8   _CLK_enableLinAClock
003f64bf   _CLK_enableOsc1
003f64c5   _CLK_enableOsc1HaltMode
003f64cb   _CLK_enableOsc2
003f64d1   _CLK_enableOsc2HaltMode
003f64d7   _CLK_enablePwmClock
003f64e0   _CLK_enableSciaClock
003f64e7   _CLK_enableSpiaClock
003f64ee   _CLK_enableSpibClock
003f64f5   _CLK_enableTbClockSync
003f64fc   _CLK_enableWatchDogHaltMode
003f6502   _CLK_init
003f6509   _CLK_setClkOutPreScaler
003f6510   _CLK_setLowSpdPreScaler
003f651d   _CLK_setOsc2Src
003f6516   _CLK_setOscSrc
003f6524   _CLK_setTimer2PreScale
003f652b   _CLK_setTimer2Src
003f6532   _CLK_setWatchDogSrc
00009008   _COMMAND_BYTE
00009006   _COMMAND_BYTE_BITS
0000900a   _CTRLSUM
00009009   _CTRLSUM_BITS
003f4b23   _ConfigCpuTimer0
003f4b44   _ConfigCpuTimer1
003f4b64   _ConfigCpuTimer2
0000905e   _CpuTimer0Regs
0000905c   _CpuTimer1Regs
00009056   _CpuTimer2Regs
0000900b   _DATA
003f5574   _DATALOG_ISR
0000900d   _DATA_BITS
003f57a4   _DINTCH1_ISR
003f57ae   _DINTCH2_ISR
003f57b8   _DINTCH3_ISR
003f57c2   _DINTCH4_ISR
003f57cc   _DINTCH5_ISR
003f57d6   _DINTCH6_ISR
003f42b0   _DisableDog
003f581c   _ECAN0INTA_ISR
003f5826   _ECAN1INTA_ISR
003f5704   _ECAP1_INT_ISR
003f570e   _ECAP2_INT_ISR
003f5718   _ECAP3_INT_ISR
003f58da   _EMPTY_ISR
003f5588   _EMUINT_ISR
003f56b4   _EPWM1_INT_ISR
003f5664   _EPWM1_TZINT_ISR
003f56be   _EPWM2_INT_ISR
003f566e   _EPWM2_TZINT_ISR
003f56c8   _EPWM3_INT_ISR
003f5678   _EPWM3_TZINT_ISR
003f56d2   _EPWM4_INT_ISR
003f5682   _EPWM4_TZINT_ISR
003f56dc   _EPWM5_INT_ISR
003f568c   _EPWM5_TZINT_ISR
003f56e6   _EPWM6_INT_ISR
003f5696   _EPWM6_TZINT_ISR
003f56f0   _EPWM7_INT_ISR
003f56a0   _EPWM7_TZINT_ISR
003f56fa   _EPWM8_INT_ISR
003f56aa   _EPWM8_TZINT_ISR
003f5736   _EQEP1_INT_ISR
003f5740   _EQEP2_INT_ISR
003f6539   _GPIO_init
003f65b1   _GPIO_read
003f6573   _GPIO_setDirection
003f65a6   _GPIO_setExtInt
003f65d7   _GPIO_setHigh
003f65ec   _GPIO_setLow
003f6601   _GPIO_setMode
003f6540   _GPIO_setPullup
003f6663   _GPIO_toggle
003f63a4   _GYRO_X_isr
003f5722   _HRCAP1_INT_ISR
003f572c   _HRCAP2_INT_ISR
003f574a   _HRCAP3_INT_ISR
003f5754   _HRCAP4_INT_ISR
003f57e0   _I2CINT1A_ISR
003f57ea   _I2CINT2A_ISR
003f559c   _ILLEGAL_ISR
003f5560   _INT13_ISR
003f556a   _INT14_ISR
003f42ba   _InitPll
003f58d0   _LUF_ISR
003f58c6   _LVF_ISR
003f5790   _MRINTA_ISR
003f579a   _MXINTA_ISR
003f5592   _NMI_ISR
003f58e7   _PIE_RESERVED
0000900c   _POSITION
00009005   _POSITION_BITS
003f6942   _PieVectTableInit
003f557e   _RTOSINT_ISR
00008000   _RamfuncsLoadEnd
00000000   _RamfuncsLoadSize
00008000   _RamfuncsLoadStart
00008000   _RamfuncsRunStart
00009022   _SAAD_CTRL
00009030   _SAAD_CTRL_ALL
00009023   _SAAD_CTRL_BITS
00009000   _SAAD_ST
00009025   _SAAD_ST_BITS
00009003   _SAAD_TESTS_BITS
00009004   _SAAD_TEST_RES
00009002   _SAAD_TEST_RES_BITS
003f57f4   _SCIRXINTA_ISR
003f5808   _SCIRXINTB_ISR
003f57fe   _SCITXINTA_ISR
003f5812   _SCITXINTB_ISR
003f6390   _SCI_RX_isr
003f5768   _SPIRXINTA_ISR
003f577c   _SPIRXINTB_ISR
003f5772   _SPITXINTA_ISR
003f5786   _SPITXINTB_ISR
003f545d   _SPI_RX_isr
00009064   _START_BIT
00009038   _START_BIT_BITS
003f42a2   _ServiceDog
003f5650   _TINT0_ISR
003f575e   _USB0_INT_ISR
003f5600   _USER10_ISR
003f560a   _USER11_ISR
003f5614   _USER12_ISR
003f55a6   _USER1_ISR
003f55b0   _USER2_ISR
003f55ba   _USER3_ISR
003f55c4   _USER4_ISR
003f55ce   _USER5_ISR
003f55d8   _USER6_ISR
003f55e2   _USER7_ISR
003f55ec   _USER8_ISR
003f55f6   _USER9_ISR
00009007   _VELOCITY
0000900e   _VELOCITY_BITS
003f565a   _WAKEINT_ISR
003f5632   _XINT1_ISR
003f563c   _XINT2_ISR
003f58bc   _XINT3_ISR
00000350   __STACK_END
00000300   __STACK_SIZE
00000001   __TI_args_main
00009404   ___TI_cleanup_ptr
00009406   ___TI_dtors_ptr
ffffffff   ___binit__
ffffffff   ___c_args__
003f6a42   ___cinit__
003f6842   ___etext__
ffffffff   ___pinit__
003f4000   ___text__
003f67ff   __args_main
00009402   __lock
003f6839   __nop
003f6835   __register_lock
003f6831   __register_unlock
00000050   __stack
00009400   __unlock
000090e4   _abc
000090d8   _abcI
003f6818   _abort
0000902e   _acel
003f441c   _adcInit
003f459d   _adcRead
00009032   _adcRegs
00009100   _adcRes
00009034   _adcResRegs
003f63b8   _adc_X_ISR
0000908c   _alBe
00009094   _alBeI
00009028   _alpha
00009026   _alpha1
003f504d   _alphaF
000090b4   _angArr
00009015   _angArrCnt
00009012   _apsL
0000900f   _apsR
003f67b9   _c_int00
003f4d82   _calcPWM
003f5527   _calcSpeed
003f4e84   _clarke
003f4f27   _clarkeInv
003f4603   _clkInit
00009048   _clkS
003f46e8   _clkg_delay_loop
003f6700   _cos
00009019   _counter
003f58fb   _cpu_timer0_isr
003f5dda   _cpu_timer1_isr
003f5d40   _cpu_timer2_isr
003f4d68   _crc8DATA
003f4d34   _crc8POS
003f4d4e   _crc8VEL
0000901c   _delay
003f46c9   _delay_loop
003f4cf4   _disablePWM
00009084   _dq
0000909c   _dqP
0000904a   _dt
003f681a   _exit
003f4254   _flashInit
0000906e   _flashRegs
003f425a   _flashSetup
003f4d29   _getMaxPWMVal
003f400b   _gpioInit
00009068   _gpioS
003f4896   _gyroVerifyL2G2IS
00009040   _i
0000907a   _iTot
00009060   _interrupS
003f4aea   _interrupSDefVectTableInit
0000905a   _interrupSVectTable
003f4aca   _interrupsCpuSetup
003f4a75   _interrupsCtrlInit
003f4a69   _interrupsInit
003f4abf   _interruptSEnable
00009042   _j
0000904e   _jj
00009010   _lockDevEn
00009018   _lockDevSend
003f54b7   _lockDevStart
00009014   _lockDevStepCount
003f5094   _main
003f4fb3   _makeTest
003f47d3   _mcbspAddr
00009036   _mcbspData
00009066   _mcbspRegs
003f474f   _mcbspSetupSpi
003f47b4   _mcbsp_read
003f47a4   _mcbsp_write
003f4707   _mcbspaInit
003f470d   _mcbspaSetup
00009016   _mode
00009044   _mode1cnt
00009046   _mode3cnt
00009180   _motor0
00009140   _motor1
00009017   _moveMode
003f4eb7   _park
003f4eef   _parkInv
003f4df2   _pidCalc
00009280   _pidD
00009300   _pidQ
00009200   _pidVel
003f4df3   _pid_reg3_calc
000090c0   _pwmHandle
000090cc   _pwmRegS
003f4b84   _pwmSInit
003f4b99   _pwmSetupWTest
00009080   _pwmValues
00009072   _refD
00009076   _refQ
003f58f1   _rsvd_ISR
000090a4   _saadFrameResive
000090ac   _saadFrameSend
00009021   _saadTests
00009001   _saadTestsPs
00009024   _sciCounter
0000901a   _sciFramePart
00009020   _sciSendCnt
003f4a23   _sciaInit
003f4a5e   _sciaRead
0000906a   _sciaRegs
003f4a29   _sciaSetup
003f4a63   _sciaWrite
00009011   _sendDubSCI
00009013   _sendSCI
003f43fe   _setExtOsc
003f43b3   _setIntOsc1
003f43c8   _setIntOsc2
003f4cd5   _setPWMValues
003f4d09   _setPWMValuesArr
0000901e   _setSci
003f4311   _setUpPeripheralClocks
003f43e3   _setXTALOsc
003f460c   _setupClks
003f4014   _setupGPIOs
003f4245   _setupGPIOsInterrupt
003f4639   _setupPeripheralClks
003f6761   _sin
0000902a   _speed
00009054   _spiData
003f4888   _spiDisableFF
003f49c8   _spiGyroConfL2G2IS
003f4904   _spiGyroConfMAX
003f4873   _spiInit
000091c0   _spiModule
003f4879   _spiSetupFF
00009052   _spiaRegs
003f4def   _stopMotor
0000903a   _sysCtrlRegs
003f427e   _systemInit
003f4284   _systemSetup
00009062   _tempData1
0000906c   _tempData2
0000901f   _testSciSend
0000903e   _time
0000904c   _timeUp
00009050   _timer0cnt
00009070   _timer1cnt
003f4b05   _timerInit
003f4b11   _timerSConfig
003f4000   _usDelay
0000902c   _vel
0000903c   _velCoef
0000901b   _xData
00009058   _xIntruptRegs
0000901d   _yData
ffffffff   binit
003f6a42   cinit
003f7ff6   code_start
003f6842   etext
ffffffff   pinit


GLOBAL SYMBOLS: SORTED BY Symbol Address 

address    name
--------   ----
00000000   _RamfuncsLoadSize
00000001   __TI_args_main
00000050   __stack
00000300   __STACK_SIZE
00000350   __STACK_END
00008000   _RamfuncsLoadEnd
00008000   _RamfuncsLoadStart
00008000   _RamfuncsRunStart
00009000   _SAAD_ST
00009001   _saadTestsPs
00009002   _SAAD_TEST_RES_BITS
00009003   _SAAD_TESTS_BITS
00009004   _SAAD_TEST_RES
00009005   _POSITION_BITS
00009006   _COMMAND_BYTE_BITS
00009007   _VELOCITY
00009008   _COMMAND_BYTE
00009009   _CTRLSUM_BITS
0000900a   _CTRLSUM
0000900b   _DATA
0000900c   _POSITION
0000900d   _DATA_BITS
0000900e   _VELOCITY_BITS
0000900f   _apsR
00009010   _lockDevEn
00009011   _sendDubSCI
00009012   _apsL
00009013   _sendSCI
00009014   _lockDevStepCount
00009015   _angArrCnt
00009016   _mode
00009017   _moveMode
00009018   _lockDevSend
00009019   _counter
0000901a   _sciFramePart
0000901b   _xData
0000901c   _delay
0000901d   _yData
0000901e   _setSci
0000901f   _testSciSend
00009020   _sciSendCnt
00009021   _saadTests
00009022   _SAAD_CTRL
00009023   _SAAD_CTRL_BITS
00009024   _sciCounter
00009025   _SAAD_ST_BITS
00009026   _alpha1
00009028   _alpha
0000902a   _speed
0000902c   _vel
0000902e   _acel
00009030   _SAAD_CTRL_ALL
00009032   _adcRegs
00009034   _adcResRegs
00009036   _mcbspData
00009038   _START_BIT_BITS
0000903a   _sysCtrlRegs
0000903c   _velCoef
0000903e   _time
00009040   _i
00009042   _j
00009044   _mode1cnt
00009046   _mode3cnt
00009048   _clkS
0000904a   _dt
0000904c   _timeUp
0000904e   _jj
00009050   _timer0cnt
00009052   _spiaRegs
00009054   _spiData
00009056   _CpuTimer2Regs
00009058   _xIntruptRegs
0000905a   _interrupSVectTable
0000905c   _CpuTimer1Regs
0000905e   _CpuTimer0Regs
00009060   _interrupS
00009062   _tempData1
00009064   _START_BIT
00009066   _mcbspRegs
00009068   _gpioS
0000906a   _sciaRegs
0000906c   _tempData2
0000906e   _flashRegs
00009070   _timer1cnt
00009072   _refD
00009076   _refQ
0000907a   _iTot
00009080   _pwmValues
00009084   _dq
0000908c   _alBe
00009094   _alBeI
0000909c   _dqP
000090a4   _saadFrameResive
000090ac   _saadFrameSend
000090b4   _angArr
000090c0   _pwmHandle
000090cc   _pwmRegS
000090d8   _abcI
000090e4   _abc
00009100   _adcRes
00009140   _motor1
00009180   _motor0
000091c0   _spiModule
00009200   _pidVel
00009280   _pidD
00009300   _pidQ
00009380   _AMCconfArr
00009400   __unlock
00009402   __lock
00009404   ___TI_cleanup_ptr
00009406   ___TI_dtors_ptr
003f4000   .text
003f4000   ___text__
003f4000   _usDelay
003f400b   _gpioInit
003f4014   _setupGPIOs
003f4245   _setupGPIOsInterrupt
003f4254   _flashInit
003f425a   _flashSetup
003f427e   _systemInit
003f4284   _systemSetup
003f42a2   _ServiceDog
003f42b0   _DisableDog
003f42ba   _InitPll
003f4311   _setUpPeripheralClocks
003f43b3   _setIntOsc1
003f43c8   _setIntOsc2
003f43e3   _setXTALOsc
003f43fe   _setExtOsc
003f441c   _adcInit
003f4425   _ADC_config
003f459d   _adcRead
003f4603   _clkInit
003f460c   _setupClks
003f4639   _setupPeripheralClks
003f46c9   _delay_loop
003f46e8   _clkg_delay_loop
003f4707   _mcbspaInit
003f470d   _mcbspaSetup
003f474f   _mcbspSetupSpi
003f47a4   _mcbsp_write
003f47b4   _mcbsp_read
003f47d3   _mcbspAddr
003f47d7   _AMCconf
003f4873   _spiInit
003f4879   _spiSetupFF
003f4888   _spiDisableFF
003f4896   _gyroVerifyL2G2IS
003f4904   _spiGyroConfMAX
003f49c8   _spiGyroConfL2G2IS
003f4a23   _sciaInit
003f4a29   _sciaSetup
003f4a5e   _sciaRead
003f4a63   _sciaWrite
003f4a69   _interrupsInit
003f4a75   _interrupsCtrlInit
003f4abf   _interruptSEnable
003f4aca   _interrupsCpuSetup
003f4aea   _interrupSDefVectTableInit
003f4b05   _timerInit
003f4b11   _timerSConfig
003f4b23   _ConfigCpuTimer0
003f4b44   _ConfigCpuTimer1
003f4b64   _ConfigCpuTimer2
003f4b84   _pwmSInit
003f4b99   _pwmSetupWTest
003f4cd5   _setPWMValues
003f4cf4   _disablePWM
003f4d09   _setPWMValuesArr
003f4d29   _getMaxPWMVal
003f4d34   _crc8POS
003f4d4e   _crc8VEL
003f4d68   _crc8DATA
003f4d82   _calcPWM
003f4def   _stopMotor
003f4df2   _pidCalc
003f4df3   _pid_reg3_calc
003f4e84   _clarke
003f4eb7   _park
003f4eef   _parkInv
003f4f27   _clarkeInv
003f4fb3   _makeTest
003f504d   _alphaF
003f5094   _main
003f545d   _SPI_RX_isr
003f54b7   _lockDevStart
003f5527   _calcSpeed
003f5560   _INT13_ISR
003f556a   _INT14_ISR
003f5574   _DATALOG_ISR
003f557e   _RTOSINT_ISR
003f5588   _EMUINT_ISR
003f5592   _NMI_ISR
003f559c   _ILLEGAL_ISR
003f55a6   _USER1_ISR
003f55b0   _USER2_ISR
003f55ba   _USER3_ISR
003f55c4   _USER4_ISR
003f55ce   _USER5_ISR
003f55d8   _USER6_ISR
003f55e2   _USER7_ISR
003f55ec   _USER8_ISR
003f55f6   _USER9_ISR
003f5600   _USER10_ISR
003f560a   _USER11_ISR
003f5614   _USER12_ISR
003f561e   _ADCINT1_ISR
003f5628   _ADCINT2_ISR
003f5632   _XINT1_ISR
003f563c   _XINT2_ISR
003f5646   _ADCINT9_ISR
003f5650   _TINT0_ISR
003f565a   _WAKEINT_ISR
003f5664   _EPWM1_TZINT_ISR
003f566e   _EPWM2_TZINT_ISR
003f5678   _EPWM3_TZINT_ISR
003f5682   _EPWM4_TZINT_ISR
003f568c   _EPWM5_TZINT_ISR
003f5696   _EPWM6_TZINT_ISR
003f56a0   _EPWM7_TZINT_ISR
003f56aa   _EPWM8_TZINT_ISR
003f56b4   _EPWM1_INT_ISR
003f56be   _EPWM2_INT_ISR
003f56c8   _EPWM3_INT_ISR
003f56d2   _EPWM4_INT_ISR
003f56dc   _EPWM5_INT_ISR
003f56e6   _EPWM6_INT_ISR
003f56f0   _EPWM7_INT_ISR
003f56fa   _EPWM8_INT_ISR
003f5704   _ECAP1_INT_ISR
003f570e   _ECAP2_INT_ISR
003f5718   _ECAP3_INT_ISR
003f5722   _HRCAP1_INT_ISR
003f572c   _HRCAP2_INT_ISR
003f5736   _EQEP1_INT_ISR
003f5740   _EQEP2_INT_ISR
003f574a   _HRCAP3_INT_ISR
003f5754   _HRCAP4_INT_ISR
003f575e   _USB0_INT_ISR
003f5768   _SPIRXINTA_ISR
003f5772   _SPITXINTA_ISR
003f577c   _SPIRXINTB_ISR
003f5786   _SPITXINTB_ISR
003f5790   _MRINTA_ISR
003f579a   _MXINTA_ISR
003f57a4   _DINTCH1_ISR
003f57ae   _DINTCH2_ISR
003f57b8   _DINTCH3_ISR
003f57c2   _DINTCH4_ISR
003f57cc   _DINTCH5_ISR
003f57d6   _DINTCH6_ISR
003f57e0   _I2CINT1A_ISR
003f57ea   _I2CINT2A_ISR
003f57f4   _SCIRXINTA_ISR
003f57fe   _SCITXINTA_ISR
003f5808   _SCIRXINTB_ISR
003f5812   _SCITXINTB_ISR
003f581c   _ECAN0INTA_ISR
003f5826   _ECAN1INTA_ISR
003f5830   _ADCINT3_ISR
003f583a   _ADCINT4_ISR
003f5844   _ADCINT5_ISR
003f584e   _ADCINT6_ISR
003f5858   _ADCINT7_ISR
003f5862   _ADCINT8_ISR
003f586c   _CLA1_INT1_ISR
003f5876   _CLA1_INT2_ISR
003f5880   _CLA1_INT3_ISR
003f588a   _CLA1_INT4_ISR
003f5894   _CLA1_INT5_ISR
003f589e   _CLA1_INT6_ISR
003f58a8   _CLA1_INT7_ISR
003f58b2   _CLA1_INT8_ISR
003f58bc   _XINT3_ISR
003f58c6   _LVF_ISR
003f58d0   _LUF_ISR
003f58da   _EMPTY_ISR
003f58e7   _PIE_RESERVED
003f58f1   _rsvd_ISR
003f58fb   _cpu_timer0_isr
003f5d40   _cpu_timer2_isr
003f5dda   _cpu_timer1_isr
003f6390   _SCI_RX_isr
003f63a4   _GYRO_X_isr
003f63b8   _adc_X_ISR
003f63d1   _CLK_disableAdcClock
003f63d8   _CLK_disableClaClock
003f63df   _CLK_disableClkIn
003f63e5   _CLK_disableCompClock
003f63e9   _CLK_disableCpuTimerClock
003f63f0   _CLK_disableCrystalOsc
003f63f6   _CLK_disableEcanaClock
003f63fd   _CLK_disableEcap1Clock
003f6404   _CLK_disableEqep1Clock
003f640b   _CLK_disableGpioInputClock
003f6412   _CLK_disableHrPwmClock
003f6419   _CLK_disableI2cClock
003f6420   _CLK_disableLinAClock
003f6427   _CLK_disableOsc1
003f642d   _CLK_disableOsc1HaltMode
003f6433   _CLK_disableOsc2
003f6439   _CLK_disableOsc2HaltMode
003f643f   _CLK_disablePwmClock
003f6449   _CLK_disableSciaClock
003f6450   _CLK_disableSpiaClock
003f6457   _CLK_disableSpibClock
003f645b   _CLK_disableTbClockSync
003f6462   _CLK_disableWatchDogHaltMode
003f6468   _CLK_enableAdcClock
003f646f   _CLK_enableClaClock
003f6476   _CLK_enableCompClock
003f647c   _CLK_enableCpuTimerClock
003f6482   _CLK_enableCrystalOsc
003f6488   _CLK_enableEcanaClock
003f648f   _CLK_enableEqep1Clock
003f6496   _CLK_enableEcap1Clock
003f649d   _CLK_enableClkIn
003f64a3   _CLK_enableGpioInputClock
003f64aa   _CLK_enableHrPwmClock
003f64b1   _CLK_enableI2cClock
003f64b8   _CLK_enableLinAClock
003f64bf   _CLK_enableOsc1
003f64c5   _CLK_enableOsc1HaltMode
003f64cb   _CLK_enableOsc2
003f64d1   _CLK_enableOsc2HaltMode
003f64d7   _CLK_enablePwmClock
003f64e0   _CLK_enableSciaClock
003f64e7   _CLK_enableSpiaClock
003f64ee   _CLK_enableSpibClock
003f64f5   _CLK_enableTbClockSync
003f64fc   _CLK_enableWatchDogHaltMode
003f6502   _CLK_init
003f6509   _CLK_setClkOutPreScaler
003f6510   _CLK_setLowSpdPreScaler
003f6516   _CLK_setOscSrc
003f651d   _CLK_setOsc2Src
003f6524   _CLK_setTimer2PreScale
003f652b   _CLK_setTimer2Src
003f6532   _CLK_setWatchDogSrc
003f6539   _GPIO_init
003f6540   _GPIO_setPullup
003f6573   _GPIO_setDirection
003f65a6   _GPIO_setExtInt
003f65b1   _GPIO_read
003f65d7   _GPIO_setHigh
003f65ec   _GPIO_setLow
003f6601   _GPIO_setMode
003f6663   _GPIO_toggle
003f6678   FS$$DIV
003f6700   _cos
003f6761   _sin
003f67b9   _c_int00
003f67ff   __args_main
003f6818   C$$EXIT
003f6818   _abort
003f681a   _exit
003f6831   __register_unlock
003f6835   __register_lock
003f6839   __nop
003f6842   ___etext__
003f6842   etext
003f6942   _PieVectTableInit
003f6a42   ___cinit__
003f6a42   cinit
003f7ff6   code_start
ffffffff   ___binit__
ffffffff   ___c_args__
ffffffff   ___pinit__
ffffffff   binit
ffffffff   pinit

[370 symbols]
