******************************************************************************
             TMS320C2000 Linker PC v6.2.7                      
******************************************************************************
>> Linked Fri Nov 24 18:29:07 2017

OUTPUT FILE NAME:   <motorsBetaC2.out>
ENTRY POINT SYMBOL: "_c_int00"  address: 003f656c


MEMORY CONFIGURATION

         name            origin    length      used     unused   attr    fill
----------------------  --------  ---------  --------  --------  ----  --------
PAGE 0:
  RAML0                 00008000   00000800  00000000  00000800  RWIX
  RAML1                 00008800   00000400  00000000  00000400  RWIX
  OTP                   003d7800   00000400  00000000  00000400  RWIX
  FLASHH                003d8000   00004000  00000000  00004000  RWIX
  FLASHG                003dc000   00004000  00000000  00004000  RWIX
  FLASHF                003e0000   00004000  00000000  00004000  RWIX
  FLASHE                003e4000   00004000  00000000  00004000  RWIX
  FLASHD                003e8000   00004000  00000000  00004000  RWIX
  FLASHC                003ec000   00004000  00000000  00004000  RWIX
  FLASHA                003f4000   00003f80  000029cd  000015b3  RWIX
  CSM_RSVD              003f7f80   00000076  00000000  00000076  RWIX
  BEGIN                 003f7ff6   00000002  00000002  00000000  RWIX
  CSM_PWL_P0            003f7ff8   00000008  00000000  00000008  RWIX
  FPUTABLES             003fd860   000006a0  00000000  000006a0  RWIX
  IQTABLES              003fdf00   00000b50  00000000  00000b50  RWIX
  IQTABLES2             003fea50   0000008c  00000000  0000008c  RWIX
  IQTABLES3             003feadc   000000aa  00000000  000000aa  RWIX
  ROM                   003ff3b0   00000c10  00000000  00000c10  RWIX
  RESET                 003fffc0   00000002  00000000  00000002  RWIX
  VECTORS               003fffc2   0000003e  00000000  0000003e  RWIX

PAGE 1:
  BOOT_RSVD             00000000   00000050  00000000  00000050  RWIX
  RAMM0                 00000050   000003b0  00000300  000000b0  RWIX
  RAMM1                 00000400   00000400  00000000  00000400  RWIX
  RAML2                 00008c00   00000400  00000000  00000400  RWIX
  RAML3                 00009000   00001000  00000408  00000bf8  RWIX
  RAML4                 0000a000   00002000  00000000  00002000  RWIX
  RAML5                 0000c000   00002000  00000000  00002000  RWIX
  RAML6                 0000e000   00002000  00000000  00002000  RWIX
  RAML7                 00010000   00002000  00000000  00002000  RWIX
  RAML8                 00012000   00002000  00000000  00002000  RWIX
  USB_RAM               00040000   00000800  00000000  00000800  RWIX
  FLASHB                003f0000   00004000  00000000  00004000  RWIX


SECTION ALLOCATION MAP

 output                                  attributes/
section   page    origin      length       input sections
--------  ----  ----------  ----------   ----------------
.pinit     0    003f4000    00000000     UNINITIALIZED

ramfuncs   0    00008000    00000000     UNINITIALIZED

.text      0    003f4000    000025f5     
                  003f4000    00001462     main.obj (.text)
                  003f5462    00000d6f     main.obj (.text:retain)
                  003f61d1    00000168     clk.obj (.text)
                  003f6339    000000f2     gpio.obj (.text)
                  003f642b    00000088     rts2800_fpu32.lib : fs_div.obj (.text)
                  003f64b3    00000061                       : cos.obj (.text)
                  003f6514    00000058                       : sin.obj (.text)
                  003f656c    00000046                       : boot.obj (.text)
                  003f65b2    00000019                       : args_main.obj (.text)
                  003f65cb    00000019                       : exit.obj (.text)
                  003f65e4    00000009                       : _lock.obj (.text)
                  003f65ed    00000008     F2806x_CodeStartBranch.obj (.text)

.econst    0    003f65f6    00000200     
                  003f65f6    00000100     main.obj (.econst:.string:_CRC_TABLE)
                  003f66f6    00000100     main.obj (.econst)

.cinit     0    003f67f6    000001b8     
                  003f67f6    000001a2     main.obj (.cinit)
                  003f6998    0000000a     rts2800_fpu32.lib : _lock.obj (.cinit)
                  003f69a2    0000000a                       : exit.obj (.cinit)
                  003f69ac    00000002     --HOLE-- [fill = 0]

.switch    0    003f69ae    00000020     
                  003f69ae    00000020     main.obj (.switch:_adcRead)

codestart 
*          0    003f7ff6    00000002     
                  003f7ff6    00000002     F2806x_CodeStartBranch.obj (codestart)

.reset     0    003fffc0    00000002     DSECT
                  003fffc0    00000002     rts2800_fpu32.lib : boot.obj (.reset)

vectors    0    003fffc2    00000000     DSECT

.stack     1    00000050    00000300     UNINITIALIZED
                  00000050    00000300     --HOLE--

.ebss      1    00009000    00000408     UNINITIALIZED
                  00009000    00000400     main.obj (.ebss)
                  00009400    00000004     rts2800_fpu32.lib : _lock.obj (.ebss)
                  00009404    00000004                       : exit.obj (.ebss)


GLOBAL DATA SYMBOLS: SORTED BY DATA PAGE

address     data page           name
--------    ----------------    ----
00000050       1 (00000040)     __stack

00009000     240 (00009000)     _CTRLSUM
00009001     240 (00009000)     _SAAD_TESTS_BITS
00009002     240 (00009000)     _SAAD_TEST_RES_BITS
00009003     240 (00009000)     _SAAD_ST
00009004     240 (00009000)     _COMMAND_BYTE_BITS
00009005     240 (00009000)     _SAAD_TEST_RES
00009006     240 (00009000)     _VELOCITY
00009007     240 (00009000)     _COMMAND_BYTE
00009008     240 (00009000)     _VELOCITY_BITS
00009009     240 (00009000)     _DATA
0000900a     240 (00009000)     _CTRLSUM_BITS
0000900b     240 (00009000)     _POSITION
0000900c     240 (00009000)     _DATA_BITS
0000900d     240 (00009000)     _apsL
0000900e     240 (00009000)     _apsR
0000900f     240 (00009000)     _sendDubSCI
00009010     240 (00009000)     _testSciSend
00009011     240 (00009000)     _sendSCI
00009012     240 (00009000)     _moveMode
00009013     240 (00009000)     _lockDevStepCount
00009014     240 (00009000)     _mode
00009015     240 (00009000)     _lockDevEn
00009016     240 (00009000)     _lockDevSend
00009017     240 (00009000)     _delay
00009018     240 (00009000)     _counter
00009019     240 (00009000)     _xData
0000901a     240 (00009000)     _saadTestsPs
0000901b     240 (00009000)     _yData
0000901c     240 (00009000)     _saadTests
0000901d     240 (00009000)     _setSci
0000901e     240 (00009000)     _sciSendCnt
0000901f     240 (00009000)     _sciFramePart
00009020     240 (00009000)     _sciCounter
00009021     240 (00009000)     _POSITION_BITS
00009022     240 (00009000)     _SAAD_CTRL
00009023     240 (00009000)     _SAAD_ST_BITS
00009024     240 (00009000)     _SAAD_CTRL_BITS
00009026     240 (00009000)     _alpha1
00009028     240 (00009000)     _alpha
0000902a     240 (00009000)     _vel
0000902c     240 (00009000)     _speed
0000902e     240 (00009000)     _SAAD_CTRL_ALL
00009030     240 (00009000)     _sysCtrlRegs
00009032     240 (00009000)     _gpioS
00009034     240 (00009000)     _adcRegs
00009036     240 (00009000)     _clkS
00009038     240 (00009000)     _adcResRegs
0000903a     240 (00009000)     _mcbspData
0000903c     240 (00009000)     _time
0000903e     240 (00009000)     _jj

00009040     241 (00009040)     _i
00009042     241 (00009040)     _j
00009044     241 (00009040)     _mode1cnt
00009046     241 (00009040)     _mode3cnt
00009048     241 (00009040)     _acel
0000904a     241 (00009040)     _timer1cnt
0000904c     241 (00009040)     _timeUp
0000904e     241 (00009040)     _dt
00009050     241 (00009040)     _timer0cnt
00009052     241 (00009040)     _spiaRegs
00009054     241 (00009040)     _CpuTimer0Regs
00009056     241 (00009040)     _tempData2
00009058     241 (00009040)     _CpuTimer1Regs
0000905a     241 (00009040)     _interrupS
0000905c     241 (00009040)     _sciaRegs
0000905e     241 (00009040)     _xIntruptRegs
00009060     241 (00009040)     _spiData
00009062     241 (00009040)     _interrupSVectTable
00009064     241 (00009040)     _mcbspRegs
00009066     241 (00009040)     _flashRegs
00009068     241 (00009040)     _START_BIT
0000906a     241 (00009040)     _tempData1
0000906c     241 (00009040)     _START_BIT_BITS
0000906e     241 (00009040)     _CpuTimer2Regs
00009070     241 (00009040)     _refD
00009074     241 (00009040)     _iTot
00009078     241 (00009040)     _refQ
0000907c     241 (00009040)     _pwmValues

00009080     242 (00009080)     _dqP
00009088     242 (00009080)     _alBe
00009090     242 (00009080)     _dq
00009098     242 (00009080)     _saadFrameSend
000090a0     242 (00009080)     _alBeI
000090a8     242 (00009080)     _saadFrameResive
000090b0     242 (00009080)     _pwmRegS

000090c0     243 (000090c0)     _pwmHandle
000090cc     243 (000090c0)     _abcI
000090d8     243 (000090c0)     _abc

00009100     244 (00009100)     _adcRes

00009140     245 (00009140)     _motor1

00009180     246 (00009180)     _motor0

000091c0     247 (000091c0)     _spiModule

00009200     248 (00009200)     _pidD

00009280     24a (00009280)     _pidQ

00009300     24c (00009300)     _pidVel

00009380     24e (00009380)     _AMCconfArr

00009400     250 (00009400)     __unlock
00009402     250 (00009400)     __lock
00009404     250 (00009400)     ___TI_cleanup_ptr
00009406     250 (00009400)     ___TI_dtors_ptr

003f66f6    fd9b (003f66c0)     _PieVectTableInit


GLOBAL SYMBOLS: SORTED ALPHABETICALLY BY Name 

address    name
--------   ----
003f4000   .text
003f65cb   C$$EXIT
003f642b   FS$$DIV
003f61c6   _ADCINT1_ISR
003f61bb   _ADCINT2_ISR
003f61b0   _ADCINT3_ISR
003f61a5   _ADCINT4_ISR
003f619a   _ADCINT5_ISR
003f618f   _ADCINT6_ISR
003f6184   _ADCINT7_ISR
003f6179   _ADCINT8_ISR
003f616e   _ADCINT9_ISR
003f4b20   _ADC_config
003f4a38   _AMCconf
00009380   _AMCconfArr
003f6163   _CLA1_INT1_ISR
003f6158   _CLA1_INT2_ISR
003f614d   _CLA1_INT3_ISR
003f6142   _CLA1_INT4_ISR
003f6137   _CLA1_INT5_ISR
003f612c   _CLA1_INT6_ISR
003f6121   _CLA1_INT7_ISR
003f6116   _CLA1_INT8_ISR
003f6332   _CLK_disableAdcClock
003f632b   _CLK_disableClaClock
003f6325   _CLK_disableClkIn
003f6321   _CLK_disableCompClock
003f631a   _CLK_disableCpuTimerClock
003f6314   _CLK_disableCrystalOsc
003f630d   _CLK_disableEcanaClock
003f6306   _CLK_disableEcap1Clock
003f62ff   _CLK_disableEqep1Clock
003f62f8   _CLK_disableGpioInputClock
003f62f1   _CLK_disableHrPwmClock
003f62ea   _CLK_disableI2cClock
003f62e3   _CLK_disableLinAClock
003f62dd   _CLK_disableOsc1
003f62d7   _CLK_disableOsc1HaltMode
003f62d1   _CLK_disableOsc2
003f62cb   _CLK_disableOsc2HaltMode
003f62c1   _CLK_disablePwmClock
003f62ba   _CLK_disableSciaClock
003f62b3   _CLK_disableSpiaClock
003f62af   _CLK_disableSpibClock
003f62a8   _CLK_disableTbClockSync
003f62a2   _CLK_disableWatchDogHaltMode
003f629b   _CLK_enableAdcClock
003f6294   _CLK_enableClaClock
003f628e   _CLK_enableClkIn
003f6288   _CLK_enableCompClock
003f6282   _CLK_enableCpuTimerClock
003f627c   _CLK_enableCrystalOsc
003f6275   _CLK_enableEcanaClock
003f626e   _CLK_enableEcap1Clock
003f6267   _CLK_enableEqep1Clock
003f6260   _CLK_enableGpioInputClock
003f6259   _CLK_enableHrPwmClock
003f6252   _CLK_enableI2cClock
003f624b   _CLK_enableLinAClock
003f6245   _CLK_enableOsc1
003f623f   _CLK_enableOsc1HaltMode
003f6239   _CLK_enableOsc2
003f6233   _CLK_enableOsc2HaltMode
003f622a   _CLK_enablePwmClock
003f6223   _CLK_enableSciaClock
003f621c   _CLK_enableSpiaClock
003f6215   _CLK_enableSpibClock
003f620e   _CLK_enableTbClockSync
003f6208   _CLK_enableWatchDogHaltMode
003f6201   _CLK_init
003f61fa   _CLK_setClkOutPreScaler
003f61f4   _CLK_setLowSpdPreScaler
003f61ed   _CLK_setOsc2Src
003f61e6   _CLK_setOscSrc
003f61df   _CLK_setTimer2PreScale
003f61d8   _CLK_setTimer2Src
003f61d1   _CLK_setWatchDogSrc
00009007   _COMMAND_BYTE
00009004   _COMMAND_BYTE_BITS
00009000   _CTRLSUM
0000900a   _CTRLSUM_BITS
003f4001   _ConfigCpuTimer0
003f4010   _ConfigCpuTimer1
003f401f   _ConfigCpuTimer2
00009054   _CpuTimer0Regs
00009058   _CpuTimer1Regs
0000906e   _CpuTimer2Regs
00009009   _DATA
003f610b   _DATALOG_ISR
0000900c   _DATA_BITS
003f6100   _DINTCH1_ISR
003f60f5   _DINTCH2_ISR
003f60ea   _DINTCH3_ISR
003f60df   _DINTCH4_ISR
003f60d4   _DINTCH5_ISR
003f60c9   _DINTCH6_ISR
003f404a   _DisableDog
003f60be   _ECAN0INTA_ISR
003f60b3   _ECAN1INTA_ISR
003f60a8   _ECAP1_INT_ISR
003f609d   _ECAP2_INT_ISR
003f6092   _ECAP3_INT_ISR
003f6085   _EMPTY_ISR
003f607a   _EMUINT_ISR
003f606f   _EPWM1_INT_ISR
003f6064   _EPWM1_TZINT_ISR
003f6059   _EPWM2_INT_ISR
003f604e   _EPWM2_TZINT_ISR
003f6043   _EPWM3_INT_ISR
003f6038   _EPWM3_TZINT_ISR
003f602d   _EPWM4_INT_ISR
003f6022   _EPWM4_TZINT_ISR
003f6017   _EPWM5_INT_ISR
003f600c   _EPWM5_TZINT_ISR
003f6001   _EPWM6_INT_ISR
003f5ff6   _EPWM6_TZINT_ISR
003f5feb   _EPWM7_INT_ISR
003f5fe0   _EPWM7_TZINT_ISR
003f5fd5   _EPWM8_INT_ISR
003f5fca   _EPWM8_TZINT_ISR
003f5fbf   _EQEP1_INT_ISR
003f5fb4   _EQEP2_INT_ISR
003f6424   _GPIO_init
003f63fc   _GPIO_read
003f63df   _GPIO_setDirection
003f63d3   _GPIO_setExtInt
003f63be   _GPIO_setHigh
003f63a9   _GPIO_setLow
003f636b   _GPIO_setMode
003f634e   _GPIO_setPullup
003f6339   _GPIO_toggle
003f5fa0   _GYRO_X_isr
003f5f95   _HRCAP1_INT_ISR
003f5f8a   _HRCAP2_INT_ISR
003f5f7f   _HRCAP3_INT_ISR
003f5f74   _HRCAP4_INT_ISR
003f5f69   _I2CINT1A_ISR
003f5f5e   _I2CINT2A_ISR
003f5f53   _ILLEGAL_ISR
003f5f48   _INT13_ISR
003f5f3d   _INT14_ISR
003f4063   _InitPll
003f5f32   _LUF_ISR
003f5f27   _LVF_ISR
003f5f1c   _MRINTA_ISR
003f5f11   _MXINTA_ISR
003f5f06   _NMI_ISR
003f5efb   _PIE_RESERVED
0000900b   _POSITION
00009021   _POSITION_BITS
003f66f6   _PieVectTableInit
003f5ef0   _RTOSINT_ISR
00008000   _RamfuncsLoadEnd
00000000   _RamfuncsLoadSize
00008000   _RamfuncsLoadStart
00008000   _RamfuncsRunStart
00009022   _SAAD_CTRL
0000902e   _SAAD_CTRL_ALL
00009024   _SAAD_CTRL_BITS
00009003   _SAAD_ST
00009023   _SAAD_ST_BITS
00009001   _SAAD_TESTS_BITS
00009005   _SAAD_TEST_RES
00009002   _SAAD_TEST_RES_BITS
003f5ee5   _SCIRXINTA_ISR
003f5eda   _SCIRXINTB_ISR
003f5ecf   _SCITXINTA_ISR
003f5ec4   _SCITXINTB_ISR
003f5eb0   _SCI_RX_isr
003f5ea5   _SPIRXINTA_ISR
003f5e9a   _SPIRXINTB_ISR
003f5e8f   _SPITXINTA_ISR
003f5e84   _SPITXINTB_ISR
003f51a1   _SPI_RX_isr
00009068   _START_BIT
0000906c   _START_BIT_BITS
003f5458   _ServiceDog
003f5e79   _TINT0_ISR
003f5e6e   _USB0_INT_ISR
003f5e63   _USER10_ISR
003f5e58   _USER11_ISR
003f5e4d   _USER12_ISR
003f5e42   _USER1_ISR
003f5e37   _USER2_ISR
003f5e2c   _USER3_ISR
003f5e21   _USER4_ISR
003f5e16   _USER5_ISR
003f5e0b   _USER6_ISR
003f5e00   _USER7_ISR
003f5df5   _USER8_ISR
003f5dea   _USER9_ISR
00009006   _VELOCITY
00009008   _VELOCITY_BITS
003f5ddf   _WAKEINT_ISR
003f5dd4   _XINT1_ISR
003f5dc9   _XINT2_ISR
003f5dbe   _XINT3_ISR
00000350   __STACK_END
00000300   __STACK_SIZE
00000001   __TI_args_main
00009404   ___TI_cleanup_ptr
00009406   ___TI_dtors_ptr
ffffffff   ___binit__
ffffffff   ___c_args__
003f67f6   ___cinit__
003f65f5   ___etext__
ffffffff   ___pinit__
003f4000   ___text__
003f65b2   __args_main
00009402   __lock
003f65ec   __nop
003f65e8   __register_lock
003f65e4   __register_unlock
00000050   __stack
00009400   __unlock
000090d8   _abc
000090cc   _abcI
003f65cb   _abort
00009048   _acel
003f4b17   _adcInit
003f48e3   _adcRead
00009034   _adcRegs
00009100   _adcRes
00009038   _adcResRegs
003f5d8d   _adc_X_ISR
00009088   _alBe
000090a0   _alBeI
00009028   _alpha
00009026   _alpha1
003f5122   _alphaF
0000900d   _apsL
0000900e   _apsR
003f656c   _c_int00
003f53f4   _calcPWM
003f51e6   _calcSpeed
003f532a   _clarke
003f5357   _clarkeInv
003f53eb   _clkInit
00009036   _clkS
003f53d8   _clkg_delay_loop
003f64b3   _cos
00009018   _counter
003f5979   _cpu_timer0_isr
003f54fa   _cpu_timer1_isr
003f546d   _cpu_timer2_isr
003f510a   _crc8DATA
003f50f2   _crc8POS
003f50da   _crc8VEL
00009017   _delay
003f50c7   _delay_loop
003f50aa   _disablePWM
00009090   _dq
00009080   _dqP
0000904e   _dt
003f65cd   _exit
003f4a11   _flashInit
00009066   _flashRegs
003f4a17   _flashSetup
003f4c85   _getMaxPWMVal
003f4a2f   _gpioInit
00009032   _gpioS
003f4ab6   _gyroVerifyL2G2IS
00009040   _i
00009074   _iTot
0000905a   _interrupS
003f5092   _interrupSDefVectTableInit
00009062   _interrupSVectTable
003f4c9a   _interrupsCpuSetup
003f49dd   _interrupsCtrlInit
003f49d1   _interrupsInit
003f4c90   _interruptSEnable
00009042   _j
0000903e   _jj
00009015   _lockDevEn
00009016   _lockDevSend
003f4cb2   _lockDevStart
00009013   _lockDevStepCount
003f4cfe   _main
003f4935   _makeTest
003f486f   _mcbspAddr
0000903a   _mcbspData
00009064   _mcbspRegs
003f4873   _mcbspSetupSpi
003f4856   _mcbsp_read
003f484d   _mcbsp_write
003f4847   _mcbspaInit
003f481d   _mcbspaSetup
00009014   _mode
00009044   _mode1cnt
00009046   _mode3cnt
00009180   _motor0
00009140   _motor1
00009012   _moveMode
003f47e7   _park
003f47b1   _parkInv
003f47b0   _pidCalc
00009200   _pidD
00009280   _pidQ
00009300   _pidVel
003f40e7   _pid_reg3_calc
000090c0   _pwmHandle
000090b0   _pwmRegS
003f4793   _pwmSInit
003f4605   _pwmSetupWTest
0000907c   _pwmValues
00009070   _refD
00009078   _refQ
003f5462   _rsvd_ISR
000090a8   _saadFrameResive
00009098   _saadFrameSend
0000901c   _saadTests
0000901a   _saadTestsPs
00009020   _sciCounter
0000901f   _sciFramePart
0000901e   _sciSendCnt
003f45ff   _sciaInit
003f45fa   _sciaRead
0000905c   _sciaRegs
003f45d4   _sciaSetup
003f45ce   _sciaWrite
0000900f   _sendDubSCI
00009011   _sendSCI
003f4054   _setExtOsc
003f45c2   _setIntOsc1
003f45b6   _setIntOsc2
003f458c   _setPWMValues
003f459c   _setPWMValuesArr
0000901d   _setSci
003f40b0   _setUpPeripheralClocks
003f4580   _setXTALOsc
003f4554   _setupClks
003f4323   _setupGPIOs
003f4314   _setupGPIOsInterrupt
003f4284   _setupPeripheralClks
003f6514   _sin
0000902c   _speed
00009060   _spiData
003f4276   _spiDisableFF
003f4228   _spiGyroConfL2G2IS
003f4186   _spiGyroConfMAX
003f4180   _spiInit
000091c0   _spiModule
003f4171   _spiSetupFF
00009052   _spiaRegs
003f416e   _stopMotor
00009030   _sysCtrlRegs
003f4168   _systemInit
003f414c   _systemSetup
0000906a   _tempData1
00009056   _tempData2
00009010   _testSciSend
0000903c   _time
0000904c   _timeUp
00009050   _timer0cnt
0000904a   _timer1cnt
003f403e   _timerInit
003f402e   _timerSConfig
003f4000   _usDelay
0000902a   _vel
00009019   _xData
0000905e   _xIntruptRegs
0000901b   _yData
ffffffff   binit
003f67f6   cinit
003f7ff6   code_start
003f65f5   etext
ffffffff   pinit


GLOBAL SYMBOLS: SORTED BY Symbol Address 

address    name
--------   ----
00000000   _RamfuncsLoadSize
00000001   __TI_args_main
00000050   __stack
00000300   __STACK_SIZE
00000350   __STACK_END
00008000   _RamfuncsLoadEnd
00008000   _RamfuncsLoadStart
00008000   _RamfuncsRunStart
00009000   _CTRLSUM
00009001   _SAAD_TESTS_BITS
00009002   _SAAD_TEST_RES_BITS
00009003   _SAAD_ST
00009004   _COMMAND_BYTE_BITS
00009005   _SAAD_TEST_RES
00009006   _VELOCITY
00009007   _COMMAND_BYTE
00009008   _VELOCITY_BITS
00009009   _DATA
0000900a   _CTRLSUM_BITS
0000900b   _POSITION
0000900c   _DATA_BITS
0000900d   _apsL
0000900e   _apsR
0000900f   _sendDubSCI
00009010   _testSciSend
00009011   _sendSCI
00009012   _moveMode
00009013   _lockDevStepCount
00009014   _mode
00009015   _lockDevEn
00009016   _lockDevSend
00009017   _delay
00009018   _counter
00009019   _xData
0000901a   _saadTestsPs
0000901b   _yData
0000901c   _saadTests
0000901d   _setSci
0000901e   _sciSendCnt
0000901f   _sciFramePart
00009020   _sciCounter
00009021   _POSITION_BITS
00009022   _SAAD_CTRL
00009023   _SAAD_ST_BITS
00009024   _SAAD_CTRL_BITS
00009026   _alpha1
00009028   _alpha
0000902a   _vel
0000902c   _speed
0000902e   _SAAD_CTRL_ALL
00009030   _sysCtrlRegs
00009032   _gpioS
00009034   _adcRegs
00009036   _clkS
00009038   _adcResRegs
0000903a   _mcbspData
0000903c   _time
0000903e   _jj
00009040   _i
00009042   _j
00009044   _mode1cnt
00009046   _mode3cnt
00009048   _acel
0000904a   _timer1cnt
0000904c   _timeUp
0000904e   _dt
00009050   _timer0cnt
00009052   _spiaRegs
00009054   _CpuTimer0Regs
00009056   _tempData2
00009058   _CpuTimer1Regs
0000905a   _interrupS
0000905c   _sciaRegs
0000905e   _xIntruptRegs
00009060   _spiData
00009062   _interrupSVectTable
00009064   _mcbspRegs
00009066   _flashRegs
00009068   _START_BIT
0000906a   _tempData1
0000906c   _START_BIT_BITS
0000906e   _CpuTimer2Regs
00009070   _refD
00009074   _iTot
00009078   _refQ
0000907c   _pwmValues
00009080   _dqP
00009088   _alBe
00009090   _dq
00009098   _saadFrameSend
000090a0   _alBeI
000090a8   _saadFrameResive
000090b0   _pwmRegS
000090c0   _pwmHandle
000090cc   _abcI
000090d8   _abc
00009100   _adcRes
00009140   _motor1
00009180   _motor0
000091c0   _spiModule
00009200   _pidD
00009280   _pidQ
00009300   _pidVel
00009380   _AMCconfArr
00009400   __unlock
00009402   __lock
00009404   ___TI_cleanup_ptr
00009406   ___TI_dtors_ptr
003f4000   .text
003f4000   ___text__
003f4000   _usDelay
003f4001   _ConfigCpuTimer0
003f4010   _ConfigCpuTimer1
003f401f   _ConfigCpuTimer2
003f402e   _timerSConfig
003f403e   _timerInit
003f404a   _DisableDog
003f4054   _setExtOsc
003f4063   _InitPll
003f40b0   _setUpPeripheralClocks
003f40e7   _pid_reg3_calc
003f414c   _systemSetup
003f4168   _systemInit
003f416e   _stopMotor
003f4171   _spiSetupFF
003f4180   _spiInit
003f4186   _spiGyroConfMAX
003f4228   _spiGyroConfL2G2IS
003f4276   _spiDisableFF
003f4284   _setupPeripheralClks
003f4314   _setupGPIOsInterrupt
003f4323   _setupGPIOs
003f4554   _setupClks
003f4580   _setXTALOsc
003f458c   _setPWMValues
003f459c   _setPWMValuesArr
003f45b6   _setIntOsc2
003f45c2   _setIntOsc1
003f45ce   _sciaWrite
003f45d4   _sciaSetup
003f45fa   _sciaRead
003f45ff   _sciaInit
003f4605   _pwmSetupWTest
003f4793   _pwmSInit
003f47b0   _pidCalc
003f47b1   _parkInv
003f47e7   _park
003f481d   _mcbspaSetup
003f4847   _mcbspaInit
003f484d   _mcbsp_write
003f4856   _mcbsp_read
003f486f   _mcbspAddr
003f4873   _mcbspSetupSpi
003f48e3   _adcRead
003f4935   _makeTest
003f49d1   _interrupsInit
003f49dd   _interrupsCtrlInit
003f4a11   _flashInit
003f4a17   _flashSetup
003f4a2f   _gpioInit
003f4a38   _AMCconf
003f4ab6   _gyroVerifyL2G2IS
003f4b17   _adcInit
003f4b20   _ADC_config
003f4c85   _getMaxPWMVal
003f4c90   _interruptSEnable
003f4c9a   _interrupsCpuSetup
003f4cb2   _lockDevStart
003f4cfe   _main
003f5092   _interrupSDefVectTableInit
003f50aa   _disablePWM
003f50c7   _delay_loop
003f50da   _crc8VEL
003f50f2   _crc8POS
003f510a   _crc8DATA
003f5122   _alphaF
003f51a1   _SPI_RX_isr
003f51e6   _calcSpeed
003f532a   _clarke
003f5357   _clarkeInv
003f53d8   _clkg_delay_loop
003f53eb   _clkInit
003f53f4   _calcPWM
003f5458   _ServiceDog
003f5462   _rsvd_ISR
003f546d   _cpu_timer2_isr
003f54fa   _cpu_timer1_isr
003f5979   _cpu_timer0_isr
003f5d8d   _adc_X_ISR
003f5dbe   _XINT3_ISR
003f5dc9   _XINT2_ISR
003f5dd4   _XINT1_ISR
003f5ddf   _WAKEINT_ISR
003f5dea   _USER9_ISR
003f5df5   _USER8_ISR
003f5e00   _USER7_ISR
003f5e0b   _USER6_ISR
003f5e16   _USER5_ISR
003f5e21   _USER4_ISR
003f5e2c   _USER3_ISR
003f5e37   _USER2_ISR
003f5e42   _USER1_ISR
003f5e4d   _USER12_ISR
003f5e58   _USER11_ISR
003f5e63   _USER10_ISR
003f5e6e   _USB0_INT_ISR
003f5e79   _TINT0_ISR
003f5e84   _SPITXINTB_ISR
003f5e8f   _SPITXINTA_ISR
003f5e9a   _SPIRXINTB_ISR
003f5ea5   _SPIRXINTA_ISR
003f5eb0   _SCI_RX_isr
003f5ec4   _SCITXINTB_ISR
003f5ecf   _SCITXINTA_ISR
003f5eda   _SCIRXINTB_ISR
003f5ee5   _SCIRXINTA_ISR
003f5ef0   _RTOSINT_ISR
003f5efb   _PIE_RESERVED
003f5f06   _NMI_ISR
003f5f11   _MXINTA_ISR
003f5f1c   _MRINTA_ISR
003f5f27   _LVF_ISR
003f5f32   _LUF_ISR
003f5f3d   _INT14_ISR
003f5f48   _INT13_ISR
003f5f53   _ILLEGAL_ISR
003f5f5e   _I2CINT2A_ISR
003f5f69   _I2CINT1A_ISR
003f5f74   _HRCAP4_INT_ISR
003f5f7f   _HRCAP3_INT_ISR
003f5f8a   _HRCAP2_INT_ISR
003f5f95   _HRCAP1_INT_ISR
003f5fa0   _GYRO_X_isr
003f5fb4   _EQEP2_INT_ISR
003f5fbf   _EQEP1_INT_ISR
003f5fca   _EPWM8_TZINT_ISR
003f5fd5   _EPWM8_INT_ISR
003f5fe0   _EPWM7_TZINT_ISR
003f5feb   _EPWM7_INT_ISR
003f5ff6   _EPWM6_TZINT_ISR
003f6001   _EPWM6_INT_ISR
003f600c   _EPWM5_TZINT_ISR
003f6017   _EPWM5_INT_ISR
003f6022   _EPWM4_TZINT_ISR
003f602d   _EPWM4_INT_ISR
003f6038   _EPWM3_TZINT_ISR
003f6043   _EPWM3_INT_ISR
003f604e   _EPWM2_TZINT_ISR
003f6059   _EPWM2_INT_ISR
003f6064   _EPWM1_TZINT_ISR
003f606f   _EPWM1_INT_ISR
003f607a   _EMUINT_ISR
003f6085   _EMPTY_ISR
003f6092   _ECAP3_INT_ISR
003f609d   _ECAP2_INT_ISR
003f60a8   _ECAP1_INT_ISR
003f60b3   _ECAN1INTA_ISR
003f60be   _ECAN0INTA_ISR
003f60c9   _DINTCH6_ISR
003f60d4   _DINTCH5_ISR
003f60df   _DINTCH4_ISR
003f60ea   _DINTCH3_ISR
003f60f5   _DINTCH2_ISR
003f6100   _DINTCH1_ISR
003f610b   _DATALOG_ISR
003f6116   _CLA1_INT8_ISR
003f6121   _CLA1_INT7_ISR
003f612c   _CLA1_INT6_ISR
003f6137   _CLA1_INT5_ISR
003f6142   _CLA1_INT4_ISR
003f614d   _CLA1_INT3_ISR
003f6158   _CLA1_INT2_ISR
003f6163   _CLA1_INT1_ISR
003f616e   _ADCINT9_ISR
003f6179   _ADCINT8_ISR
003f6184   _ADCINT7_ISR
003f618f   _ADCINT6_ISR
003f619a   _ADCINT5_ISR
003f61a5   _ADCINT4_ISR
003f61b0   _ADCINT3_ISR
003f61bb   _ADCINT2_ISR
003f61c6   _ADCINT1_ISR
003f61d1   _CLK_setWatchDogSrc
003f61d8   _CLK_setTimer2Src
003f61df   _CLK_setTimer2PreScale
003f61e6   _CLK_setOscSrc
003f61ed   _CLK_setOsc2Src
003f61f4   _CLK_setLowSpdPreScaler
003f61fa   _CLK_setClkOutPreScaler
003f6201   _CLK_init
003f6208   _CLK_enableWatchDogHaltMode
003f620e   _CLK_enableTbClockSync
003f6215   _CLK_enableSpibClock
003f621c   _CLK_enableSpiaClock
003f6223   _CLK_enableSciaClock
003f622a   _CLK_enablePwmClock
003f6233   _CLK_enableOsc2HaltMode
003f6239   _CLK_enableOsc2
003f623f   _CLK_enableOsc1HaltMode
003f6245   _CLK_enableOsc1
003f624b   _CLK_enableLinAClock
003f6252   _CLK_enableI2cClock
003f6259   _CLK_enableHrPwmClock
003f6260   _CLK_enableGpioInputClock
003f6267   _CLK_enableEqep1Clock
003f626e   _CLK_enableEcap1Clock
003f6275   _CLK_enableEcanaClock
003f627c   _CLK_enableCrystalOsc
003f6282   _CLK_enableCpuTimerClock
003f6288   _CLK_enableCompClock
003f628e   _CLK_enableClkIn
003f6294   _CLK_enableClaClock
003f629b   _CLK_enableAdcClock
003f62a2   _CLK_disableWatchDogHaltMode
003f62a8   _CLK_disableTbClockSync
003f62af   _CLK_disableSpibClock
003f62b3   _CLK_disableSpiaClock
003f62ba   _CLK_disableSciaClock
003f62c1   _CLK_disablePwmClock
003f62cb   _CLK_disableOsc2HaltMode
003f62d1   _CLK_disableOsc2
003f62d7   _CLK_disableOsc1HaltMode
003f62dd   _CLK_disableOsc1
003f62e3   _CLK_disableLinAClock
003f62ea   _CLK_disableI2cClock
003f62f1   _CLK_disableHrPwmClock
003f62f8   _CLK_disableGpioInputClock
003f62ff   _CLK_disableEqep1Clock
003f6306   _CLK_disableEcap1Clock
003f630d   _CLK_disableEcanaClock
003f6314   _CLK_disableCrystalOsc
003f631a   _CLK_disableCpuTimerClock
003f6321   _CLK_disableCompClock
003f6325   _CLK_disableClkIn
003f632b   _CLK_disableClaClock
003f6332   _CLK_disableAdcClock
003f6339   _GPIO_toggle
003f634e   _GPIO_setPullup
003f636b   _GPIO_setMode
003f63a9   _GPIO_setLow
003f63be   _GPIO_setHigh
003f63d3   _GPIO_setExtInt
003f63df   _GPIO_setDirection
003f63fc   _GPIO_read
003f6424   _GPIO_init
003f642b   FS$$DIV
003f64b3   _cos
003f6514   _sin
003f656c   _c_int00
003f65b2   __args_main
003f65cb   C$$EXIT
003f65cb   _abort
003f65cd   _exit
003f65e4   __register_unlock
003f65e8   __register_lock
003f65ec   __nop
003f65f5   ___etext__
003f65f5   etext
003f66f6   _PieVectTableInit
003f67f6   ___cinit__
003f67f6   cinit
003f7ff6   code_start
ffffffff   ___binit__
ffffffff   ___c_args__
ffffffff   ___pinit__
ffffffff   binit
ffffffff   pinit

[367 symbols]
