******************************************************************************
             TMS320C2000 Linker Unix v6.2.7                    
******************************************************************************
>> Linked Sat Jul 14 10:45:54 2018

OUTPUT FILE NAME:   <motorsBetaC2.out>
ENTRY POINT SYMBOL: "_c_int00"  address: 003f69b1


MEMORY CONFIGURATION

         name            origin    length      used     unused   attr    fill
----------------------  --------  ---------  --------  --------  ----  --------
PAGE 0:
  RAML0                 00008000   00000800  00000000  00000800  RWIX
  RAML1                 00008800   00000400  00000000  00000400  RWIX
  OTP                   003d7800   00000400  00000000  00000400  RWIX
  FLASHH                003d8000   00004000  00000000  00004000  RWIX
  FLASHG                003dc000   00004000  00000000  00004000  RWIX
  FLASHF                003e0000   00004000  00000000  00004000  RWIX
  FLASHE                003e4000   00004000  00000000  00004000  RWIX
  FLASHD                003e8000   00004000  00000000  00004000  RWIX
  FLASHC                003ec000   00004000  00000000  00004000  RWIX
  FLASHA                003f4000   00003f80  00002e17  00001169  RWIX
  CSM_RSVD              003f7f80   00000076  00000000  00000076  RWIX
  BEGIN                 003f7ff6   00000002  00000002  00000000  RWIX
  CSM_PWL_P0            003f7ff8   00000008  00000000  00000008  RWIX
  FPUTABLES             003fd860   000006a0  00000000  000006a0  RWIX
  IQTABLES              003fdf00   00000b50  00000000  00000b50  RWIX
  IQTABLES2             003fea50   0000008c  00000000  0000008c  RWIX
  IQTABLES3             003feadc   000000aa  00000000  000000aa  RWIX
  ROM                   003ff3b0   00000c10  00000000  00000c10  RWIX
  RESET                 003fffc0   00000002  00000000  00000002  RWIX
  VECTORS               003fffc2   0000003e  00000000  0000003e  RWIX

PAGE 1:
  BOOT_RSVD             00000000   00000050  00000000  00000050  RWIX
  RAMM0                 00000050   000003b0  00000300  000000b0  RWIX
  RAMM1                 00000400   00000400  00000000  00000400  RWIX
  RAML2                 00008c00   00000400  00000000  00000400  RWIX
  RAML3                 00009000   00001000  00000408  00000bf8  RWIX
  RAML4                 0000a000   00002000  00000000  00002000  RWIX
  RAML5                 0000c000   00002000  00000000  00002000  RWIX
  RAML6                 0000e000   00002000  00000000  00002000  RWIX
  RAML7                 00010000   00002000  00000000  00002000  RWIX
  RAML8                 00012000   00002000  00000000  00002000  RWIX
  USB_RAM               00040000   00000800  00000000  00000800  RWIX
  FLASHB                003f0000   00004000  00000000  00004000  RWIX


SECTION ALLOCATION MAP

 output                                  attributes/
section   page    origin      length       input sections
--------  ----  ----------  ----------   ----------------
.pinit     0    003f4000    00000000     UNINITIALIZED

ramfuncs   0    00008000    00000000     UNINITIALIZED

.text      0    003f4000    00002a3a     
                  003f4000    000015a3     main.obj (.text)
                  003f55a3    00000e79     main.obj (.text:retain)
                  003f641c    000002ca     clk.obj (.text)
                  003f66e6    0000018a     gpio.obj (.text)
                  003f6870    00000088     rts2800_fpu32.lib : fs_div.obj (.text)
                  003f68f8    00000061                       : cos.obj (.text)
                  003f6959    00000058                       : sin.obj (.text)
                  003f69b1    00000046                       : boot.obj (.text)
                  003f69f7    00000019                       : args_main.obj (.text)
                  003f6a10    00000019                       : exit.obj (.text)
                  003f6a29    00000009                       : _lock.obj (.text)
                  003f6a32    00000008     F2806x_CodeStartBranch.obj (.text)

.econst    0    003f6a3a    00000200     
                  003f6a3a    00000100     main.obj (.econst:.string:_CRC_TABLE)
                  003f6b3a    00000100     main.obj (.econst)

.cinit     0    003f6c3a    000001bd     
                  003f6c3a    000001a7     main.obj (.cinit)
                  003f6de1    0000000a     rts2800_fpu32.lib : _lock.obj (.cinit)
                  003f6deb    0000000a                       : exit.obj (.cinit)
                  003f6df5    00000002     --HOLE-- [fill = 0]

.switch    0    003f6df8    00000020     
                  003f6df8    00000020     main.obj (.switch:_adcRead)

codestart 
*          0    003f7ff6    00000002     
                  003f7ff6    00000002     F2806x_CodeStartBranch.obj (codestart)

.reset     0    003fffc0    00000002     DSECT
                  003fffc0    00000002     rts2800_fpu32.lib : boot.obj (.reset)

vectors    0    003fffc2    00000000     DSECT

.stack     1    00000050    00000300     UNINITIALIZED
                  00000050    00000300     --HOLE--

.ebss      1    00009000    00000408     UNINITIALIZED
                  00009000    00000400     main.obj (.ebss)
                  00009400    00000004     rts2800_fpu32.lib : _lock.obj (.ebss)
                  00009404    00000004                       : exit.obj (.ebss)


GLOBAL DATA SYMBOLS: SORTED BY DATA PAGE

address     data page           name
--------    ----------------    ----
00000050       1 (00000040)     __stack

00009000     240 (00009000)     _SAAD_ST
00009001     240 (00009000)     _saadTestsPs
00009002     240 (00009000)     _SAAD_TEST_RES_BITS
00009003     240 (00009000)     _SAAD_TESTS_BITS
00009004     240 (00009000)     _SAAD_TEST_RES
00009005     240 (00009000)     _POSITION_BITS
00009006     240 (00009000)     _COMMAND_BYTE_BITS
00009007     240 (00009000)     _VELOCITY
00009008     240 (00009000)     _COMMAND_BYTE
00009009     240 (00009000)     _CTRLSUM_BITS
0000900a     240 (00009000)     _CTRLSUM
0000900b     240 (00009000)     _DATA
0000900c     240 (00009000)     _POSITION
0000900d     240 (00009000)     _DATA_BITS
0000900e     240 (00009000)     _VELOCITY_BITS
0000900f     240 (00009000)     _apsR
00009010     240 (00009000)     _lockDevEn
00009011     240 (00009000)     _sendDubSCI
00009012     240 (00009000)     _apsL
00009013     240 (00009000)     _sendSCI
00009014     240 (00009000)     _lockDevStepCount
00009015     240 (00009000)     _angArrCnt
00009016     240 (00009000)     _mode
00009017     240 (00009000)     _moveMode
00009018     240 (00009000)     _lockDevSend
00009019     240 (00009000)     _counter
0000901a     240 (00009000)     _sciFramePart
0000901b     240 (00009000)     _xData
0000901c     240 (00009000)     _delay
0000901d     240 (00009000)     _yData
0000901e     240 (00009000)     _setSci
0000901f     240 (00009000)     _testSciSend
00009020     240 (00009000)     _sciSendCnt
00009021     240 (00009000)     _saadTests
00009022     240 (00009000)     _SAAD_CTRL
00009023     240 (00009000)     _SAAD_CTRL_BITS
00009024     240 (00009000)     _sciCounter
00009025     240 (00009000)     _SAAD_ST_BITS
00009026     240 (00009000)     _alpha1
00009028     240 (00009000)     _alpha
0000902a     240 (00009000)     _speed
0000902c     240 (00009000)     _vel
0000902e     240 (00009000)     _acel
00009030     240 (00009000)     _SAAD_CTRL_ALL
00009032     240 (00009000)     _adcRegs
00009034     240 (00009000)     _adcResRegs
00009036     240 (00009000)     _mcbspData
00009038     240 (00009000)     _START_BIT_BITS
0000903a     240 (00009000)     _sysCtrlRegs
0000903c     240 (00009000)     _velCoef
0000903e     240 (00009000)     _time

00009040     241 (00009040)     _i
00009042     241 (00009040)     _j
00009044     241 (00009040)     _mode1cnt
00009046     241 (00009040)     _mode3cnt
00009048     241 (00009040)     _clkS
0000904a     241 (00009040)     _dt
0000904c     241 (00009040)     _timeUp
0000904e     241 (00009040)     _jj
00009050     241 (00009040)     _timer0cnt
00009052     241 (00009040)     _spiaRegs
00009054     241 (00009040)     _spiData
00009056     241 (00009040)     _CpuTimer2Regs
00009058     241 (00009040)     _xIntruptRegs
0000905a     241 (00009040)     _interrupSVectTable
0000905c     241 (00009040)     _CpuTimer1Regs
0000905e     241 (00009040)     _CpuTimer0Regs
00009060     241 (00009040)     _interrupS
00009062     241 (00009040)     _tempData1
00009064     241 (00009040)     _START_BIT
00009066     241 (00009040)     _mcbspRegs
00009068     241 (00009040)     _gpioS
0000906a     241 (00009040)     _sciaRegs
0000906c     241 (00009040)     _tempData2
0000906e     241 (00009040)     _flashRegs
00009070     241 (00009040)     _timer1cnt
00009072     241 (00009040)     _refD
00009076     241 (00009040)     _refQ
0000907a     241 (00009040)     _iTot

00009080     242 (00009080)     _pwmValues
00009084     242 (00009080)     _dq
0000908c     242 (00009080)     _alBe
00009094     242 (00009080)     _alBeI
0000909c     242 (00009080)     _dqP
000090a4     242 (00009080)     _saadFrameResive
000090ac     242 (00009080)     _saadFrameSend
000090b4     242 (00009080)     _angArr

000090c0     243 (000090c0)     _pwmHandle
000090cc     243 (000090c0)     _pwmRegS
000090d8     243 (000090c0)     _abcI
000090e4     243 (000090c0)     _abc

00009100     244 (00009100)     _adcRes

00009140     245 (00009140)     _motor1

00009180     246 (00009180)     _motor0

000091c0     247 (000091c0)     _spiModule

00009200     248 (00009200)     _pidVel

00009280     24a (00009280)     _pidD

00009300     24c (00009300)     _pidQ

00009380     24e (00009380)     _AMCconfArr

00009400     250 (00009400)     __unlock
00009402     250 (00009400)     __lock
00009404     250 (00009400)     ___TI_cleanup_ptr
00009406     250 (00009400)     ___TI_dtors_ptr

003f6b3a    fdac (003f6b00)     _PieVectTableInit


GLOBAL SYMBOLS: SORTED ALPHABETICALLY BY Name 

address    name
--------   ----
003f4000   .text
003f6a10   C$$EXIT
003f6870   FS$$DIV
003f5661   _ADCINT1_ISR
003f566b   _ADCINT2_ISR
003f5873   _ADCINT3_ISR
003f587d   _ADCINT4_ISR
003f5887   _ADCINT5_ISR
003f5891   _ADCINT6_ISR
003f589b   _ADCINT7_ISR
003f58a5   _ADCINT8_ISR
003f5689   _ADCINT9_ISR
003f4611   _ADC_config
003f49d6   _AMCconf
00009380   _AMCconfArr
003f58af   _CLA1_INT1_ISR
003f58b9   _CLA1_INT2_ISR
003f58c3   _CLA1_INT3_ISR
003f58cd   _CLA1_INT4_ISR
003f58d7   _CLA1_INT5_ISR
003f58e1   _CLA1_INT6_ISR
003f58eb   _CLA1_INT7_ISR
003f58f5   _CLA1_INT8_ISR
003f641c   _CLK_disableAdcClock
003f6429   _CLK_disableClaClock
003f6436   _CLK_disableClkIn
003f6442   _CLK_disableCompClock
003f644e   _CLK_disableCpuTimerClock
003f645d   _CLK_disableCrystalOsc
003f6469   _CLK_disableEcanaClock
003f6476   _CLK_disableEcap1Clock
003f6483   _CLK_disableEqep1Clock
003f6490   _CLK_disableGpioInputClock
003f649d   _CLK_disableHrPwmClock
003f64aa   _CLK_disableI2cClock
003f64b7   _CLK_disableLinAClock
003f64c4   _CLK_disableOsc1
003f64d0   _CLK_disableOsc1HaltMode
003f64dc   _CLK_disableOsc2
003f64e8   _CLK_disableOsc2HaltMode
003f64f4   _CLK_disablePwmClock
003f6505   _CLK_disableSciaClock
003f6512   _CLK_disableSpiaClock
003f651f   _CLK_disableSpibClock
003f6529   _CLK_disableTbClockSync
003f6536   _CLK_disableWatchDogHaltMode
003f6542   _CLK_enableAdcClock
003f654f   _CLK_enableClaClock
003f65ab   _CLK_enableClkIn
003f655c   _CLK_enableCompClock
003f656a   _CLK_enableCpuTimerClock
003f6578   _CLK_enableCrystalOsc
003f6584   _CLK_enableEcanaClock
003f659e   _CLK_enableEcap1Clock
003f6591   _CLK_enableEqep1Clock
003f65b7   _CLK_enableGpioInputClock
003f65c4   _CLK_enableHrPwmClock
003f65d1   _CLK_enableI2cClock
003f65de   _CLK_enableLinAClock
003f65eb   _CLK_enableOsc1
003f65f7   _CLK_enableOsc1HaltMode
003f6603   _CLK_enableOsc2
003f660f   _CLK_enableOsc2HaltMode
003f661b   _CLK_enablePwmClock
003f662b   _CLK_enableSciaClock
003f6638   _CLK_enableSpiaClock
003f6645   _CLK_enableSpibClock
003f6652   _CLK_enableTbClockSync
003f665f   _CLK_enableWatchDogHaltMode
003f666b   _CLK_init
003f6678   _CLK_setClkOutPreScaler
003f6688   _CLK_setLowSpdPreScaler
003f66a6   _CLK_setOsc2Src
003f6696   _CLK_setOscSrc
003f66b6   _CLK_setTimer2PreScale
003f66c6   _CLK_setTimer2Src
003f66d6   _CLK_setWatchDogSrc
00009008   _COMMAND_BYTE
00009006   _COMMAND_BYTE_BITS
0000900a   _CTRLSUM
00009009   _CTRLSUM_BITS
003f4c14   _ConfigCpuTimer0
003f4c3a   _ConfigCpuTimer1
003f4c5f   _ConfigCpuTimer2
0000905e   _CpuTimer0Regs
0000905c   _CpuTimer1Regs
00009056   _CpuTimer2Regs
0000900b   _DATA
003f55b7   _DATALOG_ISR
0000900d   _DATA_BITS
003f57e7   _DINTCH1_ISR
003f57f1   _DINTCH2_ISR
003f57fb   _DINTCH3_ISR
003f5805   _DINTCH4_ISR
003f580f   _DINTCH5_ISR
003f5819   _DINTCH6_ISR
003f4494   _DisableDog
003f585f   _ECAN0INTA_ISR
003f5869   _ECAN1INTA_ISR
003f5747   _ECAP1_INT_ISR
003f5751   _ECAP2_INT_ISR
003f575b   _ECAP3_INT_ISR
003f591d   _EMPTY_ISR
003f55cb   _EMUINT_ISR
003f56f7   _EPWM1_INT_ISR
003f56a7   _EPWM1_TZINT_ISR
003f5701   _EPWM2_INT_ISR
003f56b1   _EPWM2_TZINT_ISR
003f570b   _EPWM3_INT_ISR
003f56bb   _EPWM3_TZINT_ISR
003f5715   _EPWM4_INT_ISR
003f56c5   _EPWM4_TZINT_ISR
003f571f   _EPWM5_INT_ISR
003f56cf   _EPWM5_TZINT_ISR
003f5729   _EPWM6_INT_ISR
003f56d9   _EPWM6_TZINT_ISR
003f5733   _EPWM7_INT_ISR
003f56e3   _EPWM7_TZINT_ISR
003f573d   _EPWM8_INT_ISR
003f56ed   _EPWM8_TZINT_ISR
003f5779   _EQEP1_INT_ISR
003f5783   _EQEP2_INT_ISR
003f66e6   _GPIO_init
003f677e   _GPIO_read
003f672f   _GPIO_setDirection
003f676b   _GPIO_setExtInt
003f67ab   _GPIO_setHigh
003f67c9   _GPIO_setLow
003f67e7   _GPIO_setMode
003f66f3   _GPIO_setPullup
003f6852   _GPIO_toggle
003f63ef   _GYRO_X_isr
003f5765   _HRCAP1_INT_ISR
003f576f   _HRCAP2_INT_ISR
003f578d   _HRCAP3_INT_ISR
003f5797   _HRCAP4_INT_ISR
003f5823   _I2CINT1A_ISR
003f582d   _I2CINT2A_ISR
003f55df   _ILLEGAL_ISR
003f55a3   _INT13_ISR
003f55ad   _INT14_ISR
003f449e   _InitPll
003f5913   _LUF_ISR
003f5909   _LVF_ISR
003f57d3   _MRINTA_ISR
003f57dd   _MXINTA_ISR
003f55d5   _NMI_ISR
003f592a   _PIE_RESERVED
0000900c   _POSITION
00009005   _POSITION_BITS
003f6b3a   _PieVectTableInit
003f55c1   _RTOSINT_ISR
00008000   _RamfuncsLoadEnd
00000000   _RamfuncsLoadSize
00008000   _RamfuncsLoadStart
00008000   _RamfuncsRunStart
00009022   _SAAD_CTRL
00009030   _SAAD_CTRL_ALL
00009023   _SAAD_CTRL_BITS
00009000   _SAAD_ST
00009025   _SAAD_ST_BITS
00009003   _SAAD_TESTS_BITS
00009004   _SAAD_TEST_RES
00009002   _SAAD_TEST_RES_BITS
003f5837   _SCIRXINTA_ISR
003f584b   _SCIRXINTB_ISR
003f5841   _SCITXINTA_ISR
003f5855   _SCITXINTB_ISR
003f63db   _SCI_RX_isr
003f57ab   _SPIRXINTA_ISR
003f57bf   _SPIRXINTB_ISR
003f57b5   _SPITXINTA_ISR
003f57c9   _SPITXINTB_ISR
003f5497   _SPI_RX_isr
00009064   _START_BIT
00009038   _START_BIT_BITS
003f4486   _ServiceDog
003f5693   _TINT0_ISR
003f57a1   _USB0_INT_ISR
003f5643   _USER10_ISR
003f564d   _USER11_ISR
003f5657   _USER12_ISR
003f55e9   _USER1_ISR
003f55f3   _USER2_ISR
003f55fd   _USER3_ISR
003f5607   _USER4_ISR
003f5611   _USER5_ISR
003f561b   _USER6_ISR
003f5625   _USER7_ISR
003f562f   _USER8_ISR
003f5639   _USER9_ISR
00009007   _VELOCITY
0000900e   _VELOCITY_BITS
003f569d   _WAKEINT_ISR
003f5675   _XINT1_ISR
003f567f   _XINT2_ISR
003f58ff   _XINT3_ISR
00000350   __STACK_END
00000300   __STACK_SIZE
00000001   __TI_args_main
00009404   ___TI_cleanup_ptr
00009406   ___TI_dtors_ptr
ffffffff   ___binit__
ffffffff   ___c_args__
003f6c3a   ___cinit__
003f6a3a   ___etext__
ffffffff   ___pinit__
003f4000   ___text__
003f69f7   __args_main
00009402   __lock
003f6a31   __nop
003f6a2d   __register_lock
003f6a29   __register_unlock
00000050   __stack
00009400   __unlock
000090e4   _abc
000090d8   _abcI
003f6a10   _abort
0000902e   _acel
003f4608   _adcInit
003f478b   _adcRead
00009032   _adcRegs
00009100   _adcRes
00009034   _adcResRegs
003f6403   _adc_X_ISR
0000908c   _alBe
00009094   _alBeI
00009028   _alpha
00009026   _alpha1
003f51c9   _alphaF
000090b4   _angArr
00009015   _angArrCnt
00009012   _apsL
0000900f   _apsR
003f69b1   _c_int00
003f4e99   _calcPWM
003f556a   _calcSpeed
003f4fd9   _clarke
003f5083   _clarkeInv
003f47f5   _clkInit
00009048   _clkS
003f48d9   _clkg_delay_loop
003f68f8   _cos
00009019   _counter
003f593e   _cpu_timer0_isr
003f5e1e   _cpu_timer1_isr
003f5d8a   _cpu_timer2_isr
003f4e79   _crc8DATA
003f4e39   _crc8POS
003f4e59   _crc8VEL
0000901c   _delay
003f48c3   _delay_loop
003f4df7   _disablePWM
00009084   _dq
0000909c   _dqP
0000904a   _dt
003f6a12   _exit
003f4438   _flashInit
0000906e   _flashRegs
003f443e   _flashSetup
003f4e2b   _getMaxPWMVal
003f41ef   _gpioInit
00009068   _gpioS
003f4a98   _gyroVerifyL2G2IS
00009040   _i
0000907a   _iTot
00009060   _interrupS
003f4bcb   _interrupSDefVectTableInit
0000905a   _interrupSVectTable
003f4bab   _interrupsCpuSetup
003f4b56   _interrupsCtrlInit
003f4b4a   _interrupsInit
003f4ba0   _interruptSEnable
00009042   _j
0000904e   _jj
00009010   _lockDevEn
00009018   _lockDevSend
003f54f1   _lockDevStart
00009014   _lockDevStepCount
003f5243   _main
003f512d   _makeTest
003f49d2   _mcbspAddr
00009036   _mcbspData
00009066   _mcbspRegs
003f493c   _mcbspSetupSpi
003f49ae   _mcbsp_read
003f4993   _mcbsp_write
003f48ef   _mcbspaInit
003f48f5   _mcbspaSetup
00009016   _mode
00009044   _mode1cnt
00009046   _mode3cnt
00009180   _motor0
00009140   _motor1
00009017   _moveMode
003f500d   _park
003f5048   _parkInv
003f4f13   _pidCalc
00009280   _pidD
00009300   _pidQ
00009200   _pidVel
003f4f14   _pid_reg3_calc
000090c0   _pwmHandle
000090cc   _pwmRegS
003f4c84   _pwmSInit
003f4c99   _pwmSetupWTest
00009080   _pwmValues
00009072   _refD
00009076   _refQ
003f5934   _rsvd_ISR
000090a4   _saadFrameResive
000090ac   _saadFrameSend
00009021   _saadTests
00009001   _saadTestsPs
00009024   _sciCounter
0000901a   _sciFramePart
00009020   _sciSendCnt
003f4b00   _sciaInit
003f4b3b   _sciaRead
0000906a   _sciaRegs
003f4b06   _sciaSetup
003f4b40   _sciaWrite
00009011   _sendDubSCI
00009013   _sendSCI
003f45ea   _setExtOsc
003f459f   _setIntOsc1
003f45b4   _setIntOsc2
003f4dd5   _setPWMValues
003f4e0c   _setPWMValuesArr
0000901e   _setSci
003f44fd   _setUpPeripheralClocks
003f45cf   _setXTALOsc
003f47fe   _setupClks
003f41f8   _setupGPIOs
003f4429   _setupGPIOsInterrupt
003f482f   _setupPeripheralClks
003f6959   _sin
0000902a   _speed
00009054   _spiData
003f4a8a   _spiDisableFF
003f4aeb   _spiGyroConfL2G2IS
003f4abe   _spiGyroConfMAX
003f4a75   _spiInit
000091c0   _spiModule
003f4a7b   _spiSetupFF
00009052   _spiaRegs
003f4f0c   _stopMotor
0000903a   _sysCtrlRegs
003f4462   _systemInit
003f4468   _systemSetup
00009062   _tempData1
0000906c   _tempData2
0000901f   _testSciSend
0000903e   _time
0000904c   _timeUp
00009050   _timer0cnt
00009070   _timer1cnt
003f4bf6   _timerInit
003f4c02   _timerSConfig
003f41de   _usDelay
0000902c   _vel
0000903c   _velCoef
0000901b   _xData
00009058   _xIntruptRegs
0000901d   _yData
ffffffff   binit
003f6c3a   cinit
003f7ff6   code_start
003f6a3a   etext
ffffffff   pinit


GLOBAL SYMBOLS: SORTED BY Symbol Address 

address    name
--------   ----
00000000   _RamfuncsLoadSize
00000001   __TI_args_main
00000050   __stack
00000300   __STACK_SIZE
00000350   __STACK_END
00008000   _RamfuncsLoadEnd
00008000   _RamfuncsLoadStart
00008000   _RamfuncsRunStart
00009000   _SAAD_ST
00009001   _saadTestsPs
00009002   _SAAD_TEST_RES_BITS
00009003   _SAAD_TESTS_BITS
00009004   _SAAD_TEST_RES
00009005   _POSITION_BITS
00009006   _COMMAND_BYTE_BITS
00009007   _VELOCITY
00009008   _COMMAND_BYTE
00009009   _CTRLSUM_BITS
0000900a   _CTRLSUM
0000900b   _DATA
0000900c   _POSITION
0000900d   _DATA_BITS
0000900e   _VELOCITY_BITS
0000900f   _apsR
00009010   _lockDevEn
00009011   _sendDubSCI
00009012   _apsL
00009013   _sendSCI
00009014   _lockDevStepCount
00009015   _angArrCnt
00009016   _mode
00009017   _moveMode
00009018   _lockDevSend
00009019   _counter
0000901a   _sciFramePart
0000901b   _xData
0000901c   _delay
0000901d   _yData
0000901e   _setSci
0000901f   _testSciSend
00009020   _sciSendCnt
00009021   _saadTests
00009022   _SAAD_CTRL
00009023   _SAAD_CTRL_BITS
00009024   _sciCounter
00009025   _SAAD_ST_BITS
00009026   _alpha1
00009028   _alpha
0000902a   _speed
0000902c   _vel
0000902e   _acel
00009030   _SAAD_CTRL_ALL
00009032   _adcRegs
00009034   _adcResRegs
00009036   _mcbspData
00009038   _START_BIT_BITS
0000903a   _sysCtrlRegs
0000903c   _velCoef
0000903e   _time
00009040   _i
00009042   _j
00009044   _mode1cnt
00009046   _mode3cnt
00009048   _clkS
0000904a   _dt
0000904c   _timeUp
0000904e   _jj
00009050   _timer0cnt
00009052   _spiaRegs
00009054   _spiData
00009056   _CpuTimer2Regs
00009058   _xIntruptRegs
0000905a   _interrupSVectTable
0000905c   _CpuTimer1Regs
0000905e   _CpuTimer0Regs
00009060   _interrupS
00009062   _tempData1
00009064   _START_BIT
00009066   _mcbspRegs
00009068   _gpioS
0000906a   _sciaRegs
0000906c   _tempData2
0000906e   _flashRegs
00009070   _timer1cnt
00009072   _refD
00009076   _refQ
0000907a   _iTot
00009080   _pwmValues
00009084   _dq
0000908c   _alBe
00009094   _alBeI
0000909c   _dqP
000090a4   _saadFrameResive
000090ac   _saadFrameSend
000090b4   _angArr
000090c0   _pwmHandle
000090cc   _pwmRegS
000090d8   _abcI
000090e4   _abc
00009100   _adcRes
00009140   _motor1
00009180   _motor0
000091c0   _spiModule
00009200   _pidVel
00009280   _pidD
00009300   _pidQ
00009380   _AMCconfArr
00009400   __unlock
00009402   __lock
00009404   ___TI_cleanup_ptr
00009406   ___TI_dtors_ptr
003f4000   .text
003f4000   ___text__
003f41de   _usDelay
003f41ef   _gpioInit
003f41f8   _setupGPIOs
003f4429   _setupGPIOsInterrupt
003f4438   _flashInit
003f443e   _flashSetup
003f4462   _systemInit
003f4468   _systemSetup
003f4486   _ServiceDog
003f4494   _DisableDog
003f449e   _InitPll
003f44fd   _setUpPeripheralClocks
003f459f   _setIntOsc1
003f45b4   _setIntOsc2
003f45cf   _setXTALOsc
003f45ea   _setExtOsc
003f4608   _adcInit
003f4611   _ADC_config
003f478b   _adcRead
003f47f5   _clkInit
003f47fe   _setupClks
003f482f   _setupPeripheralClks
003f48c3   _delay_loop
003f48d9   _clkg_delay_loop
003f48ef   _mcbspaInit
003f48f5   _mcbspaSetup
003f493c   _mcbspSetupSpi
003f4993   _mcbsp_write
003f49ae   _mcbsp_read
003f49d2   _mcbspAddr
003f49d6   _AMCconf
003f4a75   _spiInit
003f4a7b   _spiSetupFF
003f4a8a   _spiDisableFF
003f4a98   _gyroVerifyL2G2IS
003f4abe   _spiGyroConfMAX
003f4aeb   _spiGyroConfL2G2IS
003f4b00   _sciaInit
003f4b06   _sciaSetup
003f4b3b   _sciaRead
003f4b40   _sciaWrite
003f4b4a   _interrupsInit
003f4b56   _interrupsCtrlInit
003f4ba0   _interruptSEnable
003f4bab   _interrupsCpuSetup
003f4bcb   _interrupSDefVectTableInit
003f4bf6   _timerInit
003f4c02   _timerSConfig
003f4c14   _ConfigCpuTimer0
003f4c3a   _ConfigCpuTimer1
003f4c5f   _ConfigCpuTimer2
003f4c84   _pwmSInit
003f4c99   _pwmSetupWTest
003f4dd5   _setPWMValues
003f4df7   _disablePWM
003f4e0c   _setPWMValuesArr
003f4e2b   _getMaxPWMVal
003f4e39   _crc8POS
003f4e59   _crc8VEL
003f4e79   _crc8DATA
003f4e99   _calcPWM
003f4f0c   _stopMotor
003f4f13   _pidCalc
003f4f14   _pid_reg3_calc
003f4fd9   _clarke
003f500d   _park
003f5048   _parkInv
003f5083   _clarkeInv
003f512d   _makeTest
003f51c9   _alphaF
003f5243   _main
003f5497   _SPI_RX_isr
003f54f1   _lockDevStart
003f556a   _calcSpeed
003f55a3   _INT13_ISR
003f55ad   _INT14_ISR
003f55b7   _DATALOG_ISR
003f55c1   _RTOSINT_ISR
003f55cb   _EMUINT_ISR
003f55d5   _NMI_ISR
003f55df   _ILLEGAL_ISR
003f55e9   _USER1_ISR
003f55f3   _USER2_ISR
003f55fd   _USER3_ISR
003f5607   _USER4_ISR
003f5611   _USER5_ISR
003f561b   _USER6_ISR
003f5625   _USER7_ISR
003f562f   _USER8_ISR
003f5639   _USER9_ISR
003f5643   _USER10_ISR
003f564d   _USER11_ISR
003f5657   _USER12_ISR
003f5661   _ADCINT1_ISR
003f566b   _ADCINT2_ISR
003f5675   _XINT1_ISR
003f567f   _XINT2_ISR
003f5689   _ADCINT9_ISR
003f5693   _TINT0_ISR
003f569d   _WAKEINT_ISR
003f56a7   _EPWM1_TZINT_ISR
003f56b1   _EPWM2_TZINT_ISR
003f56bb   _EPWM3_TZINT_ISR
003f56c5   _EPWM4_TZINT_ISR
003f56cf   _EPWM5_TZINT_ISR
003f56d9   _EPWM6_TZINT_ISR
003f56e3   _EPWM7_TZINT_ISR
003f56ed   _EPWM8_TZINT_ISR
003f56f7   _EPWM1_INT_ISR
003f5701   _EPWM2_INT_ISR
003f570b   _EPWM3_INT_ISR
003f5715   _EPWM4_INT_ISR
003f571f   _EPWM5_INT_ISR
003f5729   _EPWM6_INT_ISR
003f5733   _EPWM7_INT_ISR
003f573d   _EPWM8_INT_ISR
003f5747   _ECAP1_INT_ISR
003f5751   _ECAP2_INT_ISR
003f575b   _ECAP3_INT_ISR
003f5765   _HRCAP1_INT_ISR
003f576f   _HRCAP2_INT_ISR
003f5779   _EQEP1_INT_ISR
003f5783   _EQEP2_INT_ISR
003f578d   _HRCAP3_INT_ISR
003f5797   _HRCAP4_INT_ISR
003f57a1   _USB0_INT_ISR
003f57ab   _SPIRXINTA_ISR
003f57b5   _SPITXINTA_ISR
003f57bf   _SPIRXINTB_ISR
003f57c9   _SPITXINTB_ISR
003f57d3   _MRINTA_ISR
003f57dd   _MXINTA_ISR
003f57e7   _DINTCH1_ISR
003f57f1   _DINTCH2_ISR
003f57fb   _DINTCH3_ISR
003f5805   _DINTCH4_ISR
003f580f   _DINTCH5_ISR
003f5819   _DINTCH6_ISR
003f5823   _I2CINT1A_ISR
003f582d   _I2CINT2A_ISR
003f5837   _SCIRXINTA_ISR
003f5841   _SCITXINTA_ISR
003f584b   _SCIRXINTB_ISR
003f5855   _SCITXINTB_ISR
003f585f   _ECAN0INTA_ISR
003f5869   _ECAN1INTA_ISR
003f5873   _ADCINT3_ISR
003f587d   _ADCINT4_ISR
003f5887   _ADCINT5_ISR
003f5891   _ADCINT6_ISR
003f589b   _ADCINT7_ISR
003f58a5   _ADCINT8_ISR
003f58af   _CLA1_INT1_ISR
003f58b9   _CLA1_INT2_ISR
003f58c3   _CLA1_INT3_ISR
003f58cd   _CLA1_INT4_ISR
003f58d7   _CLA1_INT5_ISR
003f58e1   _CLA1_INT6_ISR
003f58eb   _CLA1_INT7_ISR
003f58f5   _CLA1_INT8_ISR
003f58ff   _XINT3_ISR
003f5909   _LVF_ISR
003f5913   _LUF_ISR
003f591d   _EMPTY_ISR
003f592a   _PIE_RESERVED
003f5934   _rsvd_ISR
003f593e   _cpu_timer0_isr
003f5d8a   _cpu_timer2_isr
003f5e1e   _cpu_timer1_isr
003f63db   _SCI_RX_isr
003f63ef   _GYRO_X_isr
003f6403   _adc_X_ISR
003f641c   _CLK_disableAdcClock
003f6429   _CLK_disableClaClock
003f6436   _CLK_disableClkIn
003f6442   _CLK_disableCompClock
003f644e   _CLK_disableCpuTimerClock
003f645d   _CLK_disableCrystalOsc
003f6469   _CLK_disableEcanaClock
003f6476   _CLK_disableEcap1Clock
003f6483   _CLK_disableEqep1Clock
003f6490   _CLK_disableGpioInputClock
003f649d   _CLK_disableHrPwmClock
003f64aa   _CLK_disableI2cClock
003f64b7   _CLK_disableLinAClock
003f64c4   _CLK_disableOsc1
003f64d0   _CLK_disableOsc1HaltMode
003f64dc   _CLK_disableOsc2
003f64e8   _CLK_disableOsc2HaltMode
003f64f4   _CLK_disablePwmClock
003f6505   _CLK_disableSciaClock
003f6512   _CLK_disableSpiaClock
003f651f   _CLK_disableSpibClock
003f6529   _CLK_disableTbClockSync
003f6536   _CLK_disableWatchDogHaltMode
003f6542   _CLK_enableAdcClock
003f654f   _CLK_enableClaClock
003f655c   _CLK_enableCompClock
003f656a   _CLK_enableCpuTimerClock
003f6578   _CLK_enableCrystalOsc
003f6584   _CLK_enableEcanaClock
003f6591   _CLK_enableEqep1Clock
003f659e   _CLK_enableEcap1Clock
003f65ab   _CLK_enableClkIn
003f65b7   _CLK_enableGpioInputClock
003f65c4   _CLK_enableHrPwmClock
003f65d1   _CLK_enableI2cClock
003f65de   _CLK_enableLinAClock
003f65eb   _CLK_enableOsc1
003f65f7   _CLK_enableOsc1HaltMode
003f6603   _CLK_enableOsc2
003f660f   _CLK_enableOsc2HaltMode
003f661b   _CLK_enablePwmClock
003f662b   _CLK_enableSciaClock
003f6638   _CLK_enableSpiaClock
003f6645   _CLK_enableSpibClock
003f6652   _CLK_enableTbClockSync
003f665f   _CLK_enableWatchDogHaltMode
003f666b   _CLK_init
003f6678   _CLK_setClkOutPreScaler
003f6688   _CLK_setLowSpdPreScaler
003f6696   _CLK_setOscSrc
003f66a6   _CLK_setOsc2Src
003f66b6   _CLK_setTimer2PreScale
003f66c6   _CLK_setTimer2Src
003f66d6   _CLK_setWatchDogSrc
003f66e6   _GPIO_init
003f66f3   _GPIO_setPullup
003f672f   _GPIO_setDirection
003f676b   _GPIO_setExtInt
003f677e   _GPIO_read
003f67ab   _GPIO_setHigh
003f67c9   _GPIO_setLow
003f67e7   _GPIO_setMode
003f6852   _GPIO_toggle
003f6870   FS$$DIV
003f68f8   _cos
003f6959   _sin
003f69b1   _c_int00
003f69f7   __args_main
003f6a10   C$$EXIT
003f6a10   _abort
003f6a12   _exit
003f6a29   __register_unlock
003f6a2d   __register_lock
003f6a31   __nop
003f6a3a   ___etext__
003f6a3a   etext
003f6b3a   _PieVectTableInit
003f6c3a   ___cinit__
003f6c3a   cinit
003f7ff6   code_start
ffffffff   ___binit__
ffffffff   ___c_args__
ffffffff   ___pinit__
ffffffff   binit
ffffffff   pinit

[370 symbols]
