******************************************************************************
             TMS320C2000 Linker PC v6.2.7                      
******************************************************************************
>> Linked Fri Nov 24 18:28:35 2017

OUTPUT FILE NAME:   <motorsBetaC2.out>
ENTRY POINT SYMBOL: "_c_int00"  address: 003f6c5f


MEMORY CONFIGURATION

         name            origin    length      used     unused   attr    fill
----------------------  --------  ---------  --------  --------  ----  --------
PAGE 0:
  RAML0                 00008000   00000800  00000000  00000800  RWIX
  RAML1                 00008800   00000400  00000000  00000400  RWIX
  OTP                   003d7800   00000400  00000000  00000400  RWIX
  FLASHH                003d8000   00004000  00000000  00004000  RWIX
  FLASHG                003dc000   00004000  00000000  00004000  RWIX
  FLASHF                003e0000   00004000  00000000  00004000  RWIX
  FLASHE                003e4000   00004000  00000000  00004000  RWIX
  FLASHD                003e8000   00004000  00000000  00004000  RWIX
  FLASHC                003ec000   00004000  00000000  00004000  RWIX
  FLASHA                003f4000   00003f80  000030c0  00000ec0  RWIX
  CSM_RSVD              003f7f80   00000076  00000000  00000076  RWIX
  BEGIN                 003f7ff6   00000002  00000002  00000000  RWIX
  CSM_PWL_P0            003f7ff8   00000008  00000000  00000008  RWIX
  FPUTABLES             003fd860   000006a0  00000000  000006a0  RWIX
  IQTABLES              003fdf00   00000b50  00000000  00000b50  RWIX
  IQTABLES2             003fea50   0000008c  00000000  0000008c  RWIX
  IQTABLES3             003feadc   000000aa  00000000  000000aa  RWIX
  ROM                   003ff3b0   00000c10  00000000  00000c10  RWIX
  RESET                 003fffc0   00000002  00000000  00000002  RWIX
  VECTORS               003fffc2   0000003e  00000000  0000003e  RWIX

PAGE 1:
  BOOT_RSVD             00000000   00000050  00000000  00000050  RWIX
  RAMM0                 00000050   000003b0  00000300  000000b0  RWIX
  RAMM1                 00000400   00000400  00000000  00000400  RWIX
  RAML2                 00008c00   00000400  00000000  00000400  RWIX
  RAML3                 00009000   00001000  00000408  00000bf8  RWIX
  RAML4                 0000a000   00002000  00000000  00002000  RWIX
  RAML5                 0000c000   00002000  00000000  00002000  RWIX
  RAML6                 0000e000   00002000  00000000  00002000  RWIX
  RAML7                 00010000   00002000  00000000  00002000  RWIX
  RAML8                 00012000   00002000  00000000  00002000  RWIX
  USB_RAM               00040000   00000800  00000000  00000800  RWIX
  FLASHB                003f0000   00004000  00000000  00004000  RWIX


SECTION ALLOCATION MAP

 output                                  attributes/
section   page    origin      length       input sections
--------  ----  ----------  ----------   ----------------
.pinit     0    003f4000    00000000     UNINITIALIZED

ramfuncs   0    00008000    00000000     UNINITIALIZED

.text      0    003f4000    00002ce8     
                  003f4000    000017db     main.obj (.text)
                  003f57db    00000ed8     main.obj (.text:retain)
                  003f66b3    000002cc     clk.obj (.text)
                  003f697f    0000019f     gpio.obj (.text)
                  003f6b1e    00000088     rts2800_fpu32.lib : fs_div.obj (.text)
                  003f6ba6    00000061                       : cos.obj (.text)
                  003f6c07    00000058                       : sin.obj (.text)
                  003f6c5f    00000046                       : boot.obj (.text)
                  003f6ca5    00000019                       : args_main.obj (.text)
                  003f6cbe    00000019                       : exit.obj (.text)
                  003f6cd7    00000009                       : _lock.obj (.text)
                  003f6ce0    00000008     F2806x_CodeStartBranch.obj (.text)

.econst    0    003f6ce8    00000200     
                  003f6ce8    00000100     main.obj (.econst:.string:_CRC_TABLE)
                  003f6de8    00000100     main.obj (.econst)

.cinit     0    003f6ee8    000001b8     
                  003f6ee8    000001a2     main.obj (.cinit)
                  003f708a    0000000a     rts2800_fpu32.lib : _lock.obj (.cinit)
                  003f7094    0000000a                       : exit.obj (.cinit)
                  003f709e    00000002     --HOLE-- [fill = 0]

.switch    0    003f70a0    00000020     
                  003f70a0    00000020     main.obj (.switch:_adcRead)

codestart 
*          0    003f7ff6    00000002     
                  003f7ff6    00000002     F2806x_CodeStartBranch.obj (codestart)

.reset     0    003fffc0    00000002     DSECT
                  003fffc0    00000002     rts2800_fpu32.lib : boot.obj (.reset)

vectors    0    003fffc2    00000000     DSECT

.stack     1    00000050    00000300     UNINITIALIZED
                  00000050    00000300     --HOLE--

.ebss      1    00009000    00000408     UNINITIALIZED
                  00009000    00000400     main.obj (.ebss)
                  00009400    00000004     rts2800_fpu32.lib : _lock.obj (.ebss)
                  00009404    00000004                       : exit.obj (.ebss)


GLOBAL DATA SYMBOLS: SORTED BY DATA PAGE

address     data page           name
--------    ----------------    ----
00000050       1 (00000040)     __stack

00009000     240 (00009000)     _CTRLSUM
00009001     240 (00009000)     _SAAD_TESTS_BITS
00009002     240 (00009000)     _SAAD_TEST_RES_BITS
00009003     240 (00009000)     _SAAD_ST
00009004     240 (00009000)     _COMMAND_BYTE_BITS
00009005     240 (00009000)     _SAAD_TEST_RES
00009006     240 (00009000)     _VELOCITY
00009007     240 (00009000)     _COMMAND_BYTE
00009008     240 (00009000)     _VELOCITY_BITS
00009009     240 (00009000)     _DATA
0000900a     240 (00009000)     _CTRLSUM_BITS
0000900b     240 (00009000)     _POSITION
0000900c     240 (00009000)     _DATA_BITS
0000900d     240 (00009000)     _apsL
0000900e     240 (00009000)     _apsR
0000900f     240 (00009000)     _sendDubSCI
00009010     240 (00009000)     _testSciSend
00009011     240 (00009000)     _sendSCI
00009012     240 (00009000)     _moveMode
00009013     240 (00009000)     _lockDevStepCount
00009014     240 (00009000)     _mode
00009015     240 (00009000)     _lockDevEn
00009016     240 (00009000)     _lockDevSend
00009017     240 (00009000)     _delay
00009018     240 (00009000)     _counter
00009019     240 (00009000)     _xData
0000901a     240 (00009000)     _saadTestsPs
0000901b     240 (00009000)     _yData
0000901c     240 (00009000)     _saadTests
0000901d     240 (00009000)     _setSci
0000901e     240 (00009000)     _sciSendCnt
0000901f     240 (00009000)     _sciFramePart
00009020     240 (00009000)     _sciCounter
00009021     240 (00009000)     _POSITION_BITS
00009022     240 (00009000)     _SAAD_CTRL
00009023     240 (00009000)     _SAAD_ST_BITS
00009024     240 (00009000)     _SAAD_CTRL_BITS
00009026     240 (00009000)     _alpha1
00009028     240 (00009000)     _alpha
0000902a     240 (00009000)     _vel
0000902c     240 (00009000)     _speed
0000902e     240 (00009000)     _SAAD_CTRL_ALL
00009030     240 (00009000)     _sysCtrlRegs
00009032     240 (00009000)     _gpioS
00009034     240 (00009000)     _adcRegs
00009036     240 (00009000)     _clkS
00009038     240 (00009000)     _adcResRegs
0000903a     240 (00009000)     _mcbspData
0000903c     240 (00009000)     _time
0000903e     240 (00009000)     _jj

00009040     241 (00009040)     _i
00009042     241 (00009040)     _j
00009044     241 (00009040)     _mode1cnt
00009046     241 (00009040)     _mode3cnt
00009048     241 (00009040)     _acel
0000904a     241 (00009040)     _timer1cnt
0000904c     241 (00009040)     _timeUp
0000904e     241 (00009040)     _dt
00009050     241 (00009040)     _timer0cnt
00009052     241 (00009040)     _spiaRegs
00009054     241 (00009040)     _CpuTimer0Regs
00009056     241 (00009040)     _tempData2
00009058     241 (00009040)     _CpuTimer1Regs
0000905a     241 (00009040)     _interrupS
0000905c     241 (00009040)     _sciaRegs
0000905e     241 (00009040)     _xIntruptRegs
00009060     241 (00009040)     _spiData
00009062     241 (00009040)     _interrupSVectTable
00009064     241 (00009040)     _mcbspRegs
00009066     241 (00009040)     _flashRegs
00009068     241 (00009040)     _START_BIT
0000906a     241 (00009040)     _tempData1
0000906c     241 (00009040)     _START_BIT_BITS
0000906e     241 (00009040)     _CpuTimer2Regs
00009070     241 (00009040)     _refD
00009074     241 (00009040)     _iTot
00009078     241 (00009040)     _refQ
0000907c     241 (00009040)     _pwmValues

00009080     242 (00009080)     _dqP
00009088     242 (00009080)     _alBe
00009090     242 (00009080)     _dq
00009098     242 (00009080)     _saadFrameSend
000090a0     242 (00009080)     _alBeI
000090a8     242 (00009080)     _saadFrameResive
000090b0     242 (00009080)     _pwmRegS

000090c0     243 (000090c0)     _pwmHandle
000090cc     243 (000090c0)     _abcI
000090d8     243 (000090c0)     _abc

00009100     244 (00009100)     _adcRes

00009140     245 (00009140)     _motor1

00009180     246 (00009180)     _motor0

000091c0     247 (000091c0)     _spiModule

00009200     248 (00009200)     _pidD

00009280     24a (00009280)     _pidQ

00009300     24c (00009300)     _pidVel

00009380     24e (00009380)     _AMCconfArr

00009400     250 (00009400)     __unlock
00009402     250 (00009400)     __lock
00009404     250 (00009400)     ___TI_cleanup_ptr
00009406     250 (00009400)     ___TI_dtors_ptr

003f6de8    fdb7 (003f6dc0)     _PieVectTableInit


GLOBAL SYMBOLS: SORTED ALPHABETICALLY BY Name 

address    name
--------   ----
003f4000   .text
003f6cbe   C$$EXIT
003f6b1e   FS$$DIV
003f58ac   _ADCINT1_ISR
003f58b7   _ADCINT2_ISR
003f5af3   _ADCINT3_ISR
003f5afe   _ADCINT4_ISR
003f5b09   _ADCINT5_ISR
003f5b14   _ADCINT6_ISR
003f5b1f   _ADCINT7_ISR
003f5b2a   _ADCINT8_ISR
003f58d8   _ADCINT9_ISR
003f4615   _ADC_config
003f49f4   _AMCconf
00009380   _AMCconfArr
003f5b35   _CLA1_INT1_ISR
003f5b40   _CLA1_INT2_ISR
003f5b4b   _CLA1_INT3_ISR
003f5b56   _CLA1_INT4_ISR
003f5b61   _CLA1_INT5_ISR
003f5b6c   _CLA1_INT6_ISR
003f5b77   _CLA1_INT7_ISR
003f5b82   _CLA1_INT8_ISR
003f66b3   _CLK_disableAdcClock
003f66c0   _CLK_disableClaClock
003f66cd   _CLK_disableClkIn
003f66d9   _CLK_disableCompClock
003f66e5   _CLK_disableCpuTimerClock
003f66f4   _CLK_disableCrystalOsc
003f6700   _CLK_disableEcanaClock
003f670d   _CLK_disableEcap1Clock
003f671a   _CLK_disableEqep1Clock
003f6727   _CLK_disableGpioInputClock
003f6734   _CLK_disableHrPwmClock
003f6741   _CLK_disableI2cClock
003f674e   _CLK_disableLinAClock
003f675b   _CLK_disableOsc1
003f6767   _CLK_disableOsc1HaltMode
003f6773   _CLK_disableOsc2
003f677f   _CLK_disableOsc2HaltMode
003f678b   _CLK_disablePwmClock
003f679c   _CLK_disableSciaClock
003f67a9   _CLK_disableSpiaClock
003f67b6   _CLK_disableSpibClock
003f67c0   _CLK_disableTbClockSync
003f67cd   _CLK_disableWatchDogHaltMode
003f67d9   _CLK_enableAdcClock
003f67e6   _CLK_enableClaClock
003f6842   _CLK_enableClkIn
003f67f3   _CLK_enableCompClock
003f6801   _CLK_enableCpuTimerClock
003f680f   _CLK_enableCrystalOsc
003f681b   _CLK_enableEcanaClock
003f6835   _CLK_enableEcap1Clock
003f6828   _CLK_enableEqep1Clock
003f684e   _CLK_enableGpioInputClock
003f685b   _CLK_enableHrPwmClock
003f6868   _CLK_enableI2cClock
003f6875   _CLK_enableLinAClock
003f6882   _CLK_enableOsc1
003f688e   _CLK_enableOsc1HaltMode
003f689a   _CLK_enableOsc2
003f68a6   _CLK_enableOsc2HaltMode
003f68b2   _CLK_enablePwmClock
003f68c2   _CLK_enableSciaClock
003f68cf   _CLK_enableSpiaClock
003f68dc   _CLK_enableSpibClock
003f68e9   _CLK_enableTbClockSync
003f68f6   _CLK_enableWatchDogHaltMode
003f6902   _CLK_init
003f6911   _CLK_setClkOutPreScaler
003f6921   _CLK_setLowSpdPreScaler
003f693f   _CLK_setOsc2Src
003f692f   _CLK_setOscSrc
003f694f   _CLK_setTimer2PreScale
003f695f   _CLK_setTimer2Src
003f696f   _CLK_setWatchDogSrc
00009007   _COMMAND_BYTE
00009004   _COMMAND_BYTE_BITS
00009000   _CTRLSUM
0000900a   _CTRLSUM_BITS
003f4c3e   _ConfigCpuTimer0
003f4c64   _ConfigCpuTimer1
003f4c89   _ConfigCpuTimer2
00009054   _CpuTimer0Regs
00009058   _CpuTimer1Regs
0000906e   _CpuTimer2Regs
00009009   _DATA
003f57f1   _DATALOG_ISR
0000900c   _DATA_BITS
003f5a59   _DINTCH1_ISR
003f5a64   _DINTCH2_ISR
003f5a6f   _DINTCH3_ISR
003f5a7a   _DINTCH4_ISR
003f5a85   _DINTCH5_ISR
003f5a90   _DINTCH6_ISR
003f4498   _DisableDog
003f5add   _ECAN0INTA_ISR
003f5ae8   _ECAN1INTA_ISR
003f59a9   _ECAP1_INT_ISR
003f59b4   _ECAP2_INT_ISR
003f59bf   _ECAP3_INT_ISR
003f5bae   _EMPTY_ISR
003f5807   _EMUINT_ISR
003f5951   _EPWM1_INT_ISR
003f58f9   _EPWM1_TZINT_ISR
003f595c   _EPWM2_INT_ISR
003f5904   _EPWM2_TZINT_ISR
003f5967   _EPWM3_INT_ISR
003f590f   _EPWM3_TZINT_ISR
003f5972   _EPWM4_INT_ISR
003f591a   _EPWM4_TZINT_ISR
003f597d   _EPWM5_INT_ISR
003f5925   _EPWM5_TZINT_ISR
003f5988   _EPWM6_INT_ISR
003f5930   _EPWM6_TZINT_ISR
003f5993   _EPWM7_INT_ISR
003f593b   _EPWM7_TZINT_ISR
003f599e   _EPWM8_INT_ISR
003f5946   _EPWM8_TZINT_ISR
003f59e0   _EQEP1_INT_ISR
003f59eb   _EQEP2_INT_ISR
003f697f   _GPIO_init
003f6a1d   _GPIO_read
003f69cc   _GPIO_setDirection
003f6a0a   _GPIO_setExtInt
003f6a4d   _GPIO_setHigh
003f6a6d   _GPIO_setLow
003f6a8d   _GPIO_setMode
003f698e   _GPIO_setPullup
003f6afe   _GPIO_toggle
003f6686   _GYRO_X_isr
003f59ca   _HRCAP1_INT_ISR
003f59d5   _HRCAP2_INT_ISR
003f59f6   _HRCAP3_INT_ISR
003f5a01   _HRCAP4_INT_ISR
003f5a9b   _I2CINT1A_ISR
003f5aa6   _I2CINT2A_ISR
003f581d   _ILLEGAL_ISR
003f57db   _INT13_ISR
003f57e6   _INT14_ISR
003f44a2   _InitPll
003f5ba3   _LUF_ISR
003f5b98   _LVF_ISR
003f5a43   _MRINTA_ISR
003f5a4e   _MXINTA_ISR
003f5812   _NMI_ISR
003f5bbb   _PIE_RESERVED
0000900b   _POSITION
00009021   _POSITION_BITS
003f6de8   _PieVectTableInit
003f57fc   _RTOSINT_ISR
00008000   _RamfuncsLoadEnd
00000000   _RamfuncsLoadSize
00008000   _RamfuncsLoadStart
00008000   _RamfuncsRunStart
00009022   _SAAD_CTRL
0000902e   _SAAD_CTRL_ALL
00009024   _SAAD_CTRL_BITS
00009003   _SAAD_ST
00009023   _SAAD_ST_BITS
00009001   _SAAD_TESTS_BITS
00009005   _SAAD_TEST_RES
00009002   _SAAD_TEST_RES_BITS
003f5ab1   _SCIRXINTA_ISR
003f5ac7   _SCIRXINTB_ISR
003f5abc   _SCITXINTA_ISR
003f5ad2   _SCITXINTB_ISR
003f6672   _SCI_RX_isr
003f5a17   _SPIRXINTA_ISR
003f5a2d   _SPIRXINTB_ISR
003f5a22   _SPITXINTA_ISR
003f5a38   _SPITXINTB_ISR
003f558c   _SPI_RX_isr
00009068   _START_BIT
0000906c   _START_BIT_BITS
003f448a   _ServiceDog
003f58e3   _TINT0_ISR
003f5a0c   _USB0_INT_ISR
003f588b   _USER10_ISR
003f5896   _USER11_ISR
003f58a1   _USER12_ISR
003f5828   _USER1_ISR
003f5833   _USER2_ISR
003f583e   _USER3_ISR
003f5849   _USER4_ISR
003f5854   _USER5_ISR
003f585f   _USER6_ISR
003f586a   _USER7_ISR
003f5875   _USER8_ISR
003f5880   _USER9_ISR
00009006   _VELOCITY
00009008   _VELOCITY_BITS
003f58ee   _WAKEINT_ISR
003f58c2   _XINT1_ISR
003f58cd   _XINT2_ISR
003f5b8d   _XINT3_ISR
00000350   __STACK_END
00000300   __STACK_SIZE
00000001   __TI_args_main
00009404   ___TI_cleanup_ptr
00009406   ___TI_dtors_ptr
ffffffff   ___binit__
ffffffff   ___c_args__
003f6ee8   ___cinit__
003f6ce8   ___etext__
ffffffff   ___pinit__
003f4000   ___text__
003f6ca5   __args_main
00009402   __lock
003f6cdf   __nop
003f6cdb   __register_lock
003f6cd7   __register_unlock
00000050   __stack
00009400   __unlock
000090d8   _abc
000090cc   _abcI
003f6cbe   _abort
00009048   _acel
003f460c   _adcInit
003f4791   _adcRead
00009034   _adcRegs
00009100   _adcRes
00009038   _adcResRegs
003f669a   _adc_X_ISR
00009088   _alBe
000090a0   _alBeI
00009028   _alpha
00009026   _alpha1
003f5213   _alphaF
0000900d   _apsL
0000900e   _apsR
003f6c5f   _c_int00
003f4ec5   _calcPWM
003f5670   _calcSpeed
003f500c   _clarke
003f50b6   _clarkeInv
003f480d   _clkInit
00009036   _clkS
003f48f3   _clkg_delay_loop
003f6ba6   _cos
00009018   _counter
003f5bd1   _cpu_timer0_isr
003f60bf   _cpu_timer1_isr
003f602b   _cpu_timer2_isr
003f4ea5   _crc8DATA
003f4e65   _crc8POS
003f4e85   _crc8VEL
00009017   _delay
003f48db   _delay_loop
003f4e21   _disablePWM
00009090   _dq
00009080   _dqP
0000904e   _dt
003f6cc0   _exit
003f443c   _flashInit
00009066   _flashRegs
003f4442   _flashSetup
003f4e57   _getMaxPWMVal
003f41f3   _gpioInit
00009032   _gpioS
003f4ac0   _gyroVerifyL2G2IS
00009040   _i
00009074   _iTot
0000905a   _interrupS
003f4bf3   _interrupSDefVectTableInit
00009062   _interrupSVectTable
003f4bd3   _interrupsCpuSetup
003f4b7e   _interrupsCtrlInit
003f4b72   _interrupsInit
003f4bc8   _interruptSEnable
00009042   _j
0000903e   _jj
00009015   _lockDevEn
00009016   _lockDevSend
003f55e7   _lockDevStart
00009013   _lockDevStepCount
003f532a   _main
003f5165   _makeTest
003f49f0   _mcbspAddr
0000903a   _mcbspData
00009064   _mcbspRegs
003f4958   _mcbspSetupSpi
003f49cc   _mcbsp_read
003f49af   _mcbsp_write
003f490b   _mcbspaInit
003f4911   _mcbspaSetup
00009014   _mode
00009044   _mode1cnt
00009046   _mode3cnt
00009180   _motor0
00009140   _motor1
00009012   _moveMode
003f5040   _park
003f507b   _parkInv
003f4f3f   _pidCalc
00009200   _pidD
00009280   _pidQ
00009300   _pidVel
003f4f40   _pid_reg3_calc
000090c0   _pwmHandle
000090b0   _pwmRegS
003f4cae   _pwmSInit
003f4cc3   _pwmSetupWTest
0000907c   _pwmValues
00009070   _refD
00009078   _refQ
003f5bc6   _rsvd_ISR
000090a8   _saadFrameResive
00009098   _saadFrameSend
0000901c   _saadTests
0000901a   _saadTestsPs
00009020   _sciCounter
0000901f   _sciFramePart
0000901e   _sciSendCnt
003f4b28   _sciaInit
003f4b63   _sciaRead
0000905c   _sciaRegs
003f4b2e   _sciaSetup
003f4b68   _sciaWrite
0000900f   _sendDubSCI
00009011   _sendSCI
003f45ee   _setExtOsc
003f45a3   _setIntOsc1
003f45b8   _setIntOsc2
003f4dff   _setPWMValues
003f4e36   _setPWMValuesArr
0000901d   _setSci
003f4501   _setUpPeripheralClocks
003f45d3   _setXTALOsc
003f4816   _setupClks
003f41fc   _setupGPIOs
003f442d   _setupGPIOsInterrupt
003f4847   _setupPeripheralClks
003f6c07   _sin
0000902c   _speed
00009060   _spiData
003f4ab2   _spiDisableFF
003f4b13   _spiGyroConfL2G2IS
003f4ae6   _spiGyroConfMAX
003f4a9d   _spiInit
000091c0   _spiModule
003f4aa3   _spiSetupFF
00009052   _spiaRegs
003f4f38   _stopMotor
00009030   _sysCtrlRegs
003f4466   _systemInit
003f446c   _systemSetup
0000906a   _tempData1
00009056   _tempData2
00009010   _testSciSend
0000903c   _time
0000904c   _timeUp
00009050   _timer0cnt
0000904a   _timer1cnt
003f4c20   _timerInit
003f4c2c   _timerSConfig
003f41e2   _usDelay
0000902a   _vel
00009019   _xData
0000905e   _xIntruptRegs
0000901b   _yData
ffffffff   binit
003f6ee8   cinit
003f7ff6   code_start
003f6ce8   etext
ffffffff   pinit


GLOBAL SYMBOLS: SORTED BY Symbol Address 

address    name
--------   ----
00000000   _RamfuncsLoadSize
00000001   __TI_args_main
00000050   __stack
00000300   __STACK_SIZE
00000350   __STACK_END
00008000   _RamfuncsLoadEnd
00008000   _RamfuncsLoadStart
00008000   _RamfuncsRunStart
00009000   _CTRLSUM
00009001   _SAAD_TESTS_BITS
00009002   _SAAD_TEST_RES_BITS
00009003   _SAAD_ST
00009004   _COMMAND_BYTE_BITS
00009005   _SAAD_TEST_RES
00009006   _VELOCITY
00009007   _COMMAND_BYTE
00009008   _VELOCITY_BITS
00009009   _DATA
0000900a   _CTRLSUM_BITS
0000900b   _POSITION
0000900c   _DATA_BITS
0000900d   _apsL
0000900e   _apsR
0000900f   _sendDubSCI
00009010   _testSciSend
00009011   _sendSCI
00009012   _moveMode
00009013   _lockDevStepCount
00009014   _mode
00009015   _lockDevEn
00009016   _lockDevSend
00009017   _delay
00009018   _counter
00009019   _xData
0000901a   _saadTestsPs
0000901b   _yData
0000901c   _saadTests
0000901d   _setSci
0000901e   _sciSendCnt
0000901f   _sciFramePart
00009020   _sciCounter
00009021   _POSITION_BITS
00009022   _SAAD_CTRL
00009023   _SAAD_ST_BITS
00009024   _SAAD_CTRL_BITS
00009026   _alpha1
00009028   _alpha
0000902a   _vel
0000902c   _speed
0000902e   _SAAD_CTRL_ALL
00009030   _sysCtrlRegs
00009032   _gpioS
00009034   _adcRegs
00009036   _clkS
00009038   _adcResRegs
0000903a   _mcbspData
0000903c   _time
0000903e   _jj
00009040   _i
00009042   _j
00009044   _mode1cnt
00009046   _mode3cnt
00009048   _acel
0000904a   _timer1cnt
0000904c   _timeUp
0000904e   _dt
00009050   _timer0cnt
00009052   _spiaRegs
00009054   _CpuTimer0Regs
00009056   _tempData2
00009058   _CpuTimer1Regs
0000905a   _interrupS
0000905c   _sciaRegs
0000905e   _xIntruptRegs
00009060   _spiData
00009062   _interrupSVectTable
00009064   _mcbspRegs
00009066   _flashRegs
00009068   _START_BIT
0000906a   _tempData1
0000906c   _START_BIT_BITS
0000906e   _CpuTimer2Regs
00009070   _refD
00009074   _iTot
00009078   _refQ
0000907c   _pwmValues
00009080   _dqP
00009088   _alBe
00009090   _dq
00009098   _saadFrameSend
000090a0   _alBeI
000090a8   _saadFrameResive
000090b0   _pwmRegS
000090c0   _pwmHandle
000090cc   _abcI
000090d8   _abc
00009100   _adcRes
00009140   _motor1
00009180   _motor0
000091c0   _spiModule
00009200   _pidD
00009280   _pidQ
00009300   _pidVel
00009380   _AMCconfArr
00009400   __unlock
00009402   __lock
00009404   ___TI_cleanup_ptr
00009406   ___TI_dtors_ptr
003f4000   .text
003f4000   ___text__
003f41e2   _usDelay
003f41f3   _gpioInit
003f41fc   _setupGPIOs
003f442d   _setupGPIOsInterrupt
003f443c   _flashInit
003f4442   _flashSetup
003f4466   _systemInit
003f446c   _systemSetup
003f448a   _ServiceDog
003f4498   _DisableDog
003f44a2   _InitPll
003f4501   _setUpPeripheralClocks
003f45a3   _setIntOsc1
003f45b8   _setIntOsc2
003f45d3   _setXTALOsc
003f45ee   _setExtOsc
003f460c   _adcInit
003f4615   _ADC_config
003f4791   _adcRead
003f480d   _clkInit
003f4816   _setupClks
003f4847   _setupPeripheralClks
003f48db   _delay_loop
003f48f3   _clkg_delay_loop
003f490b   _mcbspaInit
003f4911   _mcbspaSetup
003f4958   _mcbspSetupSpi
003f49af   _mcbsp_write
003f49cc   _mcbsp_read
003f49f0   _mcbspAddr
003f49f4   _AMCconf
003f4a9d   _spiInit
003f4aa3   _spiSetupFF
003f4ab2   _spiDisableFF
003f4ac0   _gyroVerifyL2G2IS
003f4ae6   _spiGyroConfMAX
003f4b13   _spiGyroConfL2G2IS
003f4b28   _sciaInit
003f4b2e   _sciaSetup
003f4b63   _sciaRead
003f4b68   _sciaWrite
003f4b72   _interrupsInit
003f4b7e   _interrupsCtrlInit
003f4bc8   _interruptSEnable
003f4bd3   _interrupsCpuSetup
003f4bf3   _interrupSDefVectTableInit
003f4c20   _timerInit
003f4c2c   _timerSConfig
003f4c3e   _ConfigCpuTimer0
003f4c64   _ConfigCpuTimer1
003f4c89   _ConfigCpuTimer2
003f4cae   _pwmSInit
003f4cc3   _pwmSetupWTest
003f4dff   _setPWMValues
003f4e21   _disablePWM
003f4e36   _setPWMValuesArr
003f4e57   _getMaxPWMVal
003f4e65   _crc8POS
003f4e85   _crc8VEL
003f4ea5   _crc8DATA
003f4ec5   _calcPWM
003f4f38   _stopMotor
003f4f3f   _pidCalc
003f4f40   _pid_reg3_calc
003f500c   _clarke
003f5040   _park
003f507b   _parkInv
003f50b6   _clarkeInv
003f5165   _makeTest
003f5213   _alphaF
003f532a   _main
003f558c   _SPI_RX_isr
003f55e7   _lockDevStart
003f5670   _calcSpeed
003f57db   _INT13_ISR
003f57e6   _INT14_ISR
003f57f1   _DATALOG_ISR
003f57fc   _RTOSINT_ISR
003f5807   _EMUINT_ISR
003f5812   _NMI_ISR
003f581d   _ILLEGAL_ISR
003f5828   _USER1_ISR
003f5833   _USER2_ISR
003f583e   _USER3_ISR
003f5849   _USER4_ISR
003f5854   _USER5_ISR
003f585f   _USER6_ISR
003f586a   _USER7_ISR
003f5875   _USER8_ISR
003f5880   _USER9_ISR
003f588b   _USER10_ISR
003f5896   _USER11_ISR
003f58a1   _USER12_ISR
003f58ac   _ADCINT1_ISR
003f58b7   _ADCINT2_ISR
003f58c2   _XINT1_ISR
003f58cd   _XINT2_ISR
003f58d8   _ADCINT9_ISR
003f58e3   _TINT0_ISR
003f58ee   _WAKEINT_ISR
003f58f9   _EPWM1_TZINT_ISR
003f5904   _EPWM2_TZINT_ISR
003f590f   _EPWM3_TZINT_ISR
003f591a   _EPWM4_TZINT_ISR
003f5925   _EPWM5_TZINT_ISR
003f5930   _EPWM6_TZINT_ISR
003f593b   _EPWM7_TZINT_ISR
003f5946   _EPWM8_TZINT_ISR
003f5951   _EPWM1_INT_ISR
003f595c   _EPWM2_INT_ISR
003f5967   _EPWM3_INT_ISR
003f5972   _EPWM4_INT_ISR
003f597d   _EPWM5_INT_ISR
003f5988   _EPWM6_INT_ISR
003f5993   _EPWM7_INT_ISR
003f599e   _EPWM8_INT_ISR
003f59a9   _ECAP1_INT_ISR
003f59b4   _ECAP2_INT_ISR
003f59bf   _ECAP3_INT_ISR
003f59ca   _HRCAP1_INT_ISR
003f59d5   _HRCAP2_INT_ISR
003f59e0   _EQEP1_INT_ISR
003f59eb   _EQEP2_INT_ISR
003f59f6   _HRCAP3_INT_ISR
003f5a01   _HRCAP4_INT_ISR
003f5a0c   _USB0_INT_ISR
003f5a17   _SPIRXINTA_ISR
003f5a22   _SPITXINTA_ISR
003f5a2d   _SPIRXINTB_ISR
003f5a38   _SPITXINTB_ISR
003f5a43   _MRINTA_ISR
003f5a4e   _MXINTA_ISR
003f5a59   _DINTCH1_ISR
003f5a64   _DINTCH2_ISR
003f5a6f   _DINTCH3_ISR
003f5a7a   _DINTCH4_ISR
003f5a85   _DINTCH5_ISR
003f5a90   _DINTCH6_ISR
003f5a9b   _I2CINT1A_ISR
003f5aa6   _I2CINT2A_ISR
003f5ab1   _SCIRXINTA_ISR
003f5abc   _SCITXINTA_ISR
003f5ac7   _SCIRXINTB_ISR
003f5ad2   _SCITXINTB_ISR
003f5add   _ECAN0INTA_ISR
003f5ae8   _ECAN1INTA_ISR
003f5af3   _ADCINT3_ISR
003f5afe   _ADCINT4_ISR
003f5b09   _ADCINT5_ISR
003f5b14   _ADCINT6_ISR
003f5b1f   _ADCINT7_ISR
003f5b2a   _ADCINT8_ISR
003f5b35   _CLA1_INT1_ISR
003f5b40   _CLA1_INT2_ISR
003f5b4b   _CLA1_INT3_ISR
003f5b56   _CLA1_INT4_ISR
003f5b61   _CLA1_INT5_ISR
003f5b6c   _CLA1_INT6_ISR
003f5b77   _CLA1_INT7_ISR
003f5b82   _CLA1_INT8_ISR
003f5b8d   _XINT3_ISR
003f5b98   _LVF_ISR
003f5ba3   _LUF_ISR
003f5bae   _EMPTY_ISR
003f5bbb   _PIE_RESERVED
003f5bc6   _rsvd_ISR
003f5bd1   _cpu_timer0_isr
003f602b   _cpu_timer2_isr
003f60bf   _cpu_timer1_isr
003f6672   _SCI_RX_isr
003f6686   _GYRO_X_isr
003f669a   _adc_X_ISR
003f66b3   _CLK_disableAdcClock
003f66c0   _CLK_disableClaClock
003f66cd   _CLK_disableClkIn
003f66d9   _CLK_disableCompClock
003f66e5   _CLK_disableCpuTimerClock
003f66f4   _CLK_disableCrystalOsc
003f6700   _CLK_disableEcanaClock
003f670d   _CLK_disableEcap1Clock
003f671a   _CLK_disableEqep1Clock
003f6727   _CLK_disableGpioInputClock
003f6734   _CLK_disableHrPwmClock
003f6741   _CLK_disableI2cClock
003f674e   _CLK_disableLinAClock
003f675b   _CLK_disableOsc1
003f6767   _CLK_disableOsc1HaltMode
003f6773   _CLK_disableOsc2
003f677f   _CLK_disableOsc2HaltMode
003f678b   _CLK_disablePwmClock
003f679c   _CLK_disableSciaClock
003f67a9   _CLK_disableSpiaClock
003f67b6   _CLK_disableSpibClock
003f67c0   _CLK_disableTbClockSync
003f67cd   _CLK_disableWatchDogHaltMode
003f67d9   _CLK_enableAdcClock
003f67e6   _CLK_enableClaClock
003f67f3   _CLK_enableCompClock
003f6801   _CLK_enableCpuTimerClock
003f680f   _CLK_enableCrystalOsc
003f681b   _CLK_enableEcanaClock
003f6828   _CLK_enableEqep1Clock
003f6835   _CLK_enableEcap1Clock
003f6842   _CLK_enableClkIn
003f684e   _CLK_enableGpioInputClock
003f685b   _CLK_enableHrPwmClock
003f6868   _CLK_enableI2cClock
003f6875   _CLK_enableLinAClock
003f6882   _CLK_enableOsc1
003f688e   _CLK_enableOsc1HaltMode
003f689a   _CLK_enableOsc2
003f68a6   _CLK_enableOsc2HaltMode
003f68b2   _CLK_enablePwmClock
003f68c2   _CLK_enableSciaClock
003f68cf   _CLK_enableSpiaClock
003f68dc   _CLK_enableSpibClock
003f68e9   _CLK_enableTbClockSync
003f68f6   _CLK_enableWatchDogHaltMode
003f6902   _CLK_init
003f6911   _CLK_setClkOutPreScaler
003f6921   _CLK_setLowSpdPreScaler
003f692f   _CLK_setOscSrc
003f693f   _CLK_setOsc2Src
003f694f   _CLK_setTimer2PreScale
003f695f   _CLK_setTimer2Src
003f696f   _CLK_setWatchDogSrc
003f697f   _GPIO_init
003f698e   _GPIO_setPullup
003f69cc   _GPIO_setDirection
003f6a0a   _GPIO_setExtInt
003f6a1d   _GPIO_read
003f6a4d   _GPIO_setHigh
003f6a6d   _GPIO_setLow
003f6a8d   _GPIO_setMode
003f6afe   _GPIO_toggle
003f6b1e   FS$$DIV
003f6ba6   _cos
003f6c07   _sin
003f6c5f   _c_int00
003f6ca5   __args_main
003f6cbe   C$$EXIT
003f6cbe   _abort
003f6cc0   _exit
003f6cd7   __register_unlock
003f6cdb   __register_lock
003f6cdf   __nop
003f6ce8   ___etext__
003f6ce8   etext
003f6de8   _PieVectTableInit
003f6ee8   ___cinit__
003f6ee8   cinit
003f7ff6   code_start
ffffffff   ___binit__
ffffffff   ___c_args__
ffffffff   ___pinit__
ffffffff   binit
ffffffff   pinit

[367 symbols]
