******************************************************************************
             TMS320C2000 Linker Unix v6.2.7                    
******************************************************************************
>> Linked Sat Mar 24 10:49:08 2018

OUTPUT FILE NAME:   <motorsBetaC2.out>
ENTRY POINT SYMBOL: "_c_int00"  address: 003f6a1a


MEMORY CONFIGURATION

         name            origin    length      used     unused   attr    fill
----------------------  --------  ---------  --------  --------  ----  --------
PAGE 0:
  RAML0                 00008000   00000800  00000000  00000800  RWIX
  RAML1                 00008800   00000400  00000000  00000400  RWIX
  OTP                   003d7800   00000400  00000000  00000400  RWIX
  FLASHH                003d8000   00004000  00000000  00004000  RWIX
  FLASHG                003dc000   00004000  00000000  00004000  RWIX
  FLASHF                003e0000   00004000  00000000  00004000  RWIX
  FLASHE                003e4000   00004000  00000000  00004000  RWIX
  FLASHD                003e8000   00004000  00000000  00004000  RWIX
  FLASHC                003ec000   00004000  00000000  00004000  RWIX
  FLASHA                003f4000   00003f80  00002e80  00001100  RWIX
  CSM_RSVD              003f7f80   00000076  00000000  00000076  RWIX
  BEGIN                 003f7ff6   00000002  00000002  00000000  RWIX
  CSM_PWL_P0            003f7ff8   00000008  00000000  00000008  RWIX
  FPUTABLES             003fd860   000006a0  00000000  000006a0  RWIX
  IQTABLES              003fdf00   00000b50  00000000  00000b50  RWIX
  IQTABLES2             003fea50   0000008c  00000000  0000008c  RWIX
  IQTABLES3             003feadc   000000aa  00000000  000000aa  RWIX
  ROM                   003ff3b0   00000c10  00000000  00000c10  RWIX
  RESET                 003fffc0   00000002  00000000  00000002  RWIX
  VECTORS               003fffc2   0000003e  00000000  0000003e  RWIX

PAGE 1:
  BOOT_RSVD             00000000   00000050  00000000  00000050  RWIX
  RAMM0                 00000050   000003b0  00000300  000000b0  RWIX
  RAMM1                 00000400   00000400  00000000  00000400  RWIX
  RAML2                 00008c00   00000400  00000000  00000400  RWIX
  RAML3                 00009000   00001000  00000408  00000bf8  RWIX
  RAML4                 0000a000   00002000  00000000  00002000  RWIX
  RAML5                 0000c000   00002000  00000000  00002000  RWIX
  RAML6                 0000e000   00002000  00000000  00002000  RWIX
  RAML7                 00010000   00002000  00000000  00002000  RWIX
  RAML8                 00012000   00002000  00000000  00002000  RWIX
  USB_RAM               00040000   00000800  00000000  00000800  RWIX
  FLASHB                003f0000   00004000  00000000  00004000  RWIX


SECTION ALLOCATION MAP

 output                                  attributes/
section   page    origin      length       input sections
--------  ----  ----------  ----------   ----------------
.pinit     0    003f4000    00000000     UNINITIALIZED

ramfuncs   0    00008000    00000000     UNINITIALIZED

.text      0    003f4000    00002aa3     
                  003f4000    00001639     main.obj (.text)
                  003f5639    00000e4c     main.obj (.text:retain)
                  003f6485    000002ca     clk.obj (.text)
                  003f674f    0000018a     gpio.obj (.text)
                  003f68d9    00000088     rts2800_fpu32.lib : fs_div.obj (.text)
                  003f6961    00000061                       : cos.obj (.text)
                  003f69c2    00000058                       : sin.obj (.text)
                  003f6a1a    00000046                       : boot.obj (.text)
                  003f6a60    00000019                       : args_main.obj (.text)
                  003f6a79    00000019                       : exit.obj (.text)
                  003f6a92    00000009                       : _lock.obj (.text)
                  003f6a9b    00000008     F2806x_CodeStartBranch.obj (.text)

.econst    0    003f6aa4    00000200     
                  003f6aa4    00000100     main.obj (.econst:.string:_CRC_TABLE)
                  003f6ba4    00000100     main.obj (.econst)

.cinit     0    003f6ca4    000001bd     
                  003f6ca4    000001a7     main.obj (.cinit)
                  003f6e4b    0000000a     rts2800_fpu32.lib : _lock.obj (.cinit)
                  003f6e55    0000000a                       : exit.obj (.cinit)
                  003f6e5f    00000002     --HOLE-- [fill = 0]

.switch    0    003f6e62    00000020     
                  003f6e62    00000020     main.obj (.switch:_adcRead)

codestart 
*          0    003f7ff6    00000002     
                  003f7ff6    00000002     F2806x_CodeStartBranch.obj (codestart)

.reset     0    003fffc0    00000002     DSECT
                  003fffc0    00000002     rts2800_fpu32.lib : boot.obj (.reset)

vectors    0    003fffc2    00000000     DSECT

.stack     1    00000050    00000300     UNINITIALIZED
                  00000050    00000300     --HOLE--

.ebss      1    00009000    00000408     UNINITIALIZED
                  00009000    00000400     main.obj (.ebss)
                  00009400    00000004     rts2800_fpu32.lib : _lock.obj (.ebss)
                  00009404    00000004                       : exit.obj (.ebss)


GLOBAL DATA SYMBOLS: SORTED BY DATA PAGE

address     data page           name
--------    ----------------    ----
00000050       1 (00000040)     __stack

00009000     240 (00009000)     _CTRLSUM
00009001     240 (00009000)     _SAAD_TESTS_BITS
00009002     240 (00009000)     _SAAD_TEST_RES_BITS
00009003     240 (00009000)     _SAAD_ST
00009004     240 (00009000)     _COMMAND_BYTE_BITS
00009005     240 (00009000)     _SAAD_TEST_RES
00009006     240 (00009000)     _VELOCITY
00009007     240 (00009000)     _COMMAND_BYTE
00009008     240 (00009000)     _VELOCITY_BITS
00009009     240 (00009000)     _DATA
0000900a     240 (00009000)     _CTRLSUM_BITS
0000900b     240 (00009000)     _POSITION
0000900c     240 (00009000)     _DATA_BITS
0000900d     240 (00009000)     _apsL
0000900e     240 (00009000)     _apsR
0000900f     240 (00009000)     _sendDubSCI
00009010     240 (00009000)     _testSciSend
00009011     240 (00009000)     _sendSCI
00009012     240 (00009000)     _moveMode
00009013     240 (00009000)     _lockDevStepCount
00009014     240 (00009000)     _mode
00009015     240 (00009000)     _lockDevEn
00009016     240 (00009000)     _lockDevSend
00009017     240 (00009000)     _delay
00009018     240 (00009000)     _counter
00009019     240 (00009000)     _xData
0000901a     240 (00009000)     _saadTestsPs
0000901b     240 (00009000)     _yData
0000901c     240 (00009000)     _saadTests
0000901d     240 (00009000)     _setSci
0000901e     240 (00009000)     _sciSendCnt
0000901f     240 (00009000)     _sciFramePart
00009020     240 (00009000)     _sciCounter
00009021     240 (00009000)     _POSITION_BITS
00009022     240 (00009000)     _SAAD_CTRL
00009023     240 (00009000)     _SAAD_ST_BITS
00009024     240 (00009000)     _SAAD_CTRL_BITS
00009026     240 (00009000)     _speed
00009028     240 (00009000)     _alpha1
0000902a     240 (00009000)     _alpha
0000902c     240 (00009000)     _vel
0000902e     240 (00009000)     _acel
00009030     240 (00009000)     _SAAD_CTRL_ALL
00009032     240 (00009000)     _adcRegs
00009034     240 (00009000)     _adcResRegs
00009036     240 (00009000)     _gpioS
00009038     240 (00009000)     _mcbspData
0000903a     240 (00009000)     _sysCtrlRegs
0000903c     240 (00009000)     _time
0000903e     240 (00009000)     _jj

00009040     241 (00009040)     _i
00009042     241 (00009040)     _velCoef
00009044     241 (00009040)     _mode1cnt
00009046     241 (00009040)     _mode3cnt
00009048     241 (00009040)     _clkS
0000904a     241 (00009040)     _dt
0000904c     241 (00009040)     _timeUp
0000904e     241 (00009040)     _j
00009050     241 (00009040)     _timer0cnt
00009052     241 (00009040)     _timer1cnt
00009054     241 (00009040)     _spiaRegs
00009056     241 (00009040)     _CpuTimer1Regs
00009058     241 (00009040)     _CpuTimer0Regs
0000905a     241 (00009040)     _CpuTimer2Regs
0000905c     241 (00009040)     _interrupS
0000905e     241 (00009040)     _sciaRegs
00009060     241 (00009040)     _spiData
00009062     241 (00009040)     _xIntruptRegs
00009064     241 (00009040)     _mcbspRegs
00009066     241 (00009040)     _flashRegs
00009068     241 (00009040)     _START_BIT
0000906a     241 (00009040)     _START_BIT_BITS
0000906c     241 (00009040)     _tempData2
0000906e     241 (00009040)     _interrupSVectTable
00009070     241 (00009040)     _tempData1
00009072     241 (00009040)     _refQ
00009076     241 (00009040)     _iTot
0000907a     241 (00009040)     _refD

00009080     242 (00009080)     _pwmValues
00009084     242 (00009080)     _dq
0000908c     242 (00009080)     _dqP
00009094     242 (00009080)     _saadFrameSend
0000909c     242 (00009080)     _saadFrameResive
000090a4     242 (00009080)     _alBe
000090ac     242 (00009080)     _alBeI
000090b4     242 (00009080)     _pwmRegS

000090c0     243 (000090c0)     _pwmHandle
000090cc     243 (000090c0)     _abcI
000090d8     243 (000090c0)     _abc

00009100     244 (00009100)     _adcRes

00009140     245 (00009140)     _motor1

00009180     246 (00009180)     _motor0

000091c0     247 (000091c0)     _spiModule

00009200     248 (00009200)     _pidVel

00009280     24a (00009280)     _pidD

00009300     24c (00009300)     _pidQ

00009380     24e (00009380)     _AMCconfArr

00009400     250 (00009400)     __unlock
00009402     250 (00009400)     __lock
00009404     250 (00009400)     ___TI_cleanup_ptr
00009406     250 (00009400)     ___TI_dtors_ptr

003f6ba4    fdae (003f6b80)     _PieVectTableInit


GLOBAL SYMBOLS: SORTED ALPHABETICALLY BY Name 

address    name
--------   ----
003f4000   .text
003f6a79   C$$EXIT
003f68d9   FS$$DIV
003f56f7   _ADCINT1_ISR
003f5701   _ADCINT2_ISR
003f5909   _ADCINT3_ISR
003f5913   _ADCINT4_ISR
003f591d   _ADCINT5_ISR
003f5927   _ADCINT6_ISR
003f5931   _ADCINT7_ISR
003f593b   _ADCINT8_ISR
003f571f   _ADCINT9_ISR
003f460e   _ADC_config
003f49d1   _AMCconf
00009380   _AMCconfArr
003f5945   _CLA1_INT1_ISR
003f594f   _CLA1_INT2_ISR
003f5959   _CLA1_INT3_ISR
003f5963   _CLA1_INT4_ISR
003f596d   _CLA1_INT5_ISR
003f5977   _CLA1_INT6_ISR
003f5981   _CLA1_INT7_ISR
003f598b   _CLA1_INT8_ISR
003f6485   _CLK_disableAdcClock
003f6492   _CLK_disableClaClock
003f649f   _CLK_disableClkIn
003f64ab   _CLK_disableCompClock
003f64b7   _CLK_disableCpuTimerClock
003f64c6   _CLK_disableCrystalOsc
003f64d2   _CLK_disableEcanaClock
003f64df   _CLK_disableEcap1Clock
003f64ec   _CLK_disableEqep1Clock
003f64f9   _CLK_disableGpioInputClock
003f6506   _CLK_disableHrPwmClock
003f6513   _CLK_disableI2cClock
003f6520   _CLK_disableLinAClock
003f652d   _CLK_disableOsc1
003f6539   _CLK_disableOsc1HaltMode
003f6545   _CLK_disableOsc2
003f6551   _CLK_disableOsc2HaltMode
003f655d   _CLK_disablePwmClock
003f656e   _CLK_disableSciaClock
003f657b   _CLK_disableSpiaClock
003f6588   _CLK_disableSpibClock
003f6592   _CLK_disableTbClockSync
003f659f   _CLK_disableWatchDogHaltMode
003f65ab   _CLK_enableAdcClock
003f65b8   _CLK_enableClaClock
003f6614   _CLK_enableClkIn
003f65c5   _CLK_enableCompClock
003f65d3   _CLK_enableCpuTimerClock
003f65e1   _CLK_enableCrystalOsc
003f65ed   _CLK_enableEcanaClock
003f6607   _CLK_enableEcap1Clock
003f65fa   _CLK_enableEqep1Clock
003f6620   _CLK_enableGpioInputClock
003f662d   _CLK_enableHrPwmClock
003f663a   _CLK_enableI2cClock
003f6647   _CLK_enableLinAClock
003f6654   _CLK_enableOsc1
003f6660   _CLK_enableOsc1HaltMode
003f666c   _CLK_enableOsc2
003f6678   _CLK_enableOsc2HaltMode
003f6684   _CLK_enablePwmClock
003f6694   _CLK_enableSciaClock
003f66a1   _CLK_enableSpiaClock
003f66ae   _CLK_enableSpibClock
003f66bb   _CLK_enableTbClockSync
003f66c8   _CLK_enableWatchDogHaltMode
003f66d4   _CLK_init
003f66e1   _CLK_setClkOutPreScaler
003f66f1   _CLK_setLowSpdPreScaler
003f670f   _CLK_setOsc2Src
003f66ff   _CLK_setOscSrc
003f671f   _CLK_setTimer2PreScale
003f672f   _CLK_setTimer2Src
003f673f   _CLK_setWatchDogSrc
00009007   _COMMAND_BYTE
00009004   _COMMAND_BYTE_BITS
00009000   _CTRLSUM
0000900a   _CTRLSUM_BITS
003f4c11   _ConfigCpuTimer0
003f4c37   _ConfigCpuTimer1
003f4c5c   _ConfigCpuTimer2
00009058   _CpuTimer0Regs
00009056   _CpuTimer1Regs
0000905a   _CpuTimer2Regs
00009009   _DATA
003f564d   _DATALOG_ISR
0000900c   _DATA_BITS
003f587d   _DINTCH1_ISR
003f5887   _DINTCH2_ISR
003f5891   _DINTCH3_ISR
003f589b   _DINTCH4_ISR
003f58a5   _DINTCH5_ISR
003f58af   _DINTCH6_ISR
003f4491   _DisableDog
003f58f5   _ECAN0INTA_ISR
003f58ff   _ECAN1INTA_ISR
003f57dd   _ECAP1_INT_ISR
003f57e7   _ECAP2_INT_ISR
003f57f1   _ECAP3_INT_ISR
003f59b3   _EMPTY_ISR
003f5661   _EMUINT_ISR
003f578d   _EPWM1_INT_ISR
003f573d   _EPWM1_TZINT_ISR
003f5797   _EPWM2_INT_ISR
003f5747   _EPWM2_TZINT_ISR
003f57a1   _EPWM3_INT_ISR
003f5751   _EPWM3_TZINT_ISR
003f57ab   _EPWM4_INT_ISR
003f575b   _EPWM4_TZINT_ISR
003f57b5   _EPWM5_INT_ISR
003f5765   _EPWM5_TZINT_ISR
003f57bf   _EPWM6_INT_ISR
003f576f   _EPWM6_TZINT_ISR
003f57c9   _EPWM7_INT_ISR
003f5779   _EPWM7_TZINT_ISR
003f57d3   _EPWM8_INT_ISR
003f5783   _EPWM8_TZINT_ISR
003f580f   _EQEP1_INT_ISR
003f5819   _EQEP2_INT_ISR
003f674f   _GPIO_init
003f67e7   _GPIO_read
003f6798   _GPIO_setDirection
003f67d4   _GPIO_setExtInt
003f6814   _GPIO_setHigh
003f6832   _GPIO_setLow
003f6850   _GPIO_setMode
003f675c   _GPIO_setPullup
003f68bb   _GPIO_toggle
003f6458   _GYRO_X_isr
003f57fb   _HRCAP1_INT_ISR
003f5805   _HRCAP2_INT_ISR
003f5823   _HRCAP3_INT_ISR
003f582d   _HRCAP4_INT_ISR
003f58b9   _I2CINT1A_ISR
003f58c3   _I2CINT2A_ISR
003f5675   _ILLEGAL_ISR
003f5639   _INT13_ISR
003f5643   _INT14_ISR
003f449b   _InitPll
003f59a9   _LUF_ISR
003f599f   _LVF_ISR
003f5869   _MRINTA_ISR
003f5873   _MXINTA_ISR
003f566b   _NMI_ISR
003f59c0   _PIE_RESERVED
0000900b   _POSITION
00009021   _POSITION_BITS
003f6ba4   _PieVectTableInit
003f5657   _RTOSINT_ISR
00008000   _RamfuncsLoadEnd
00000000   _RamfuncsLoadSize
00008000   _RamfuncsLoadStart
00008000   _RamfuncsRunStart
00009022   _SAAD_CTRL
00009030   _SAAD_CTRL_ALL
00009024   _SAAD_CTRL_BITS
00009003   _SAAD_ST
00009023   _SAAD_ST_BITS
00009001   _SAAD_TESTS_BITS
00009005   _SAAD_TEST_RES
00009002   _SAAD_TEST_RES_BITS
003f58cd   _SCIRXINTA_ISR
003f58e1   _SCIRXINTB_ISR
003f58d7   _SCITXINTA_ISR
003f58eb   _SCITXINTB_ISR
003f6444   _SCI_RX_isr
003f5841   _SPIRXINTA_ISR
003f5855   _SPIRXINTB_ISR
003f584b   _SPITXINTA_ISR
003f585f   _SPITXINTB_ISR
003f5533   _SPI_RX_isr
00009068   _START_BIT
0000906a   _START_BIT_BITS
003f4483   _ServiceDog
003f5729   _TINT0_ISR
003f5837   _USB0_INT_ISR
003f56d9   _USER10_ISR
003f56e3   _USER11_ISR
003f56ed   _USER12_ISR
003f567f   _USER1_ISR
003f5689   _USER2_ISR
003f5693   _USER3_ISR
003f569d   _USER4_ISR
003f56a7   _USER5_ISR
003f56b1   _USER6_ISR
003f56bb   _USER7_ISR
003f56c5   _USER8_ISR
003f56cf   _USER9_ISR
00009006   _VELOCITY
00009008   _VELOCITY_BITS
003f5733   _WAKEINT_ISR
003f570b   _XINT1_ISR
003f5715   _XINT2_ISR
003f5995   _XINT3_ISR
00000350   __STACK_END
00000300   __STACK_SIZE
00000001   __TI_args_main
00009404   ___TI_cleanup_ptr
00009406   ___TI_dtors_ptr
ffffffff   ___binit__
ffffffff   ___c_args__
003f6ca4   ___cinit__
003f6aa3   ___etext__
ffffffff   ___pinit__
003f4000   ___text__
003f6a60   __args_main
00009402   __lock
003f6a9a   __nop
003f6a96   __register_lock
003f6a92   __register_unlock
00000050   __stack
00009400   __unlock
000090d8   _abc
000090cc   _abcI
003f6a79   _abort
0000902e   _acel
003f4605   _adcInit
003f4788   _adcRead
00009032   _adcRegs
00009100   _adcRes
00009034   _adcResRegs
003f646c   _adc_X_ISR
000090a4   _alBe
000090ac   _alBeI
0000902a   _alpha
00009028   _alpha1
003f51c4   _alphaF
0000900d   _apsL
0000900e   _apsR
003f6a1a   _c_int00
003f4e96   _calcPWM
003f5600   _calcSpeed
003f4fd6   _clarke
003f5080   _clarkeInv
003f47f2   _clkInit
00009048   _clkS
003f48d6   _clkg_delay_loop
003f6961   _cos
00009018   _counter
003f59d4   _cpu_timer0_isr
003f5eaa   _cpu_timer1_isr
003f5e16   _cpu_timer2_isr
003f4e76   _crc8DATA
003f4e36   _crc8POS
003f4e56   _crc8VEL
00009017   _delay
003f48c0   _delay_loop
003f4df4   _disablePWM
00009084   _dq
0000908c   _dqP
0000904a   _dt
003f6a7b   _exit
003f4435   _flashInit
00009066   _flashRegs
003f443b   _flashSetup
003f4e28   _getMaxPWMVal
003f41ec   _gpioInit
00009036   _gpioS
003f4a95   _gyroVerifyL2G2IS
00009040   _i
00009076   _iTot
0000905c   _interrupS
003f4bc8   _interrupSDefVectTableInit
0000906e   _interrupSVectTable
003f4ba8   _interrupsCpuSetup
003f4b53   _interrupsCtrlInit
003f4b47   _interrupsInit
003f4b9d   _interruptSEnable
0000904e   _j
0000903e   _jj
00009015   _lockDevEn
00009016   _lockDevSend
003f558b   _lockDevStart
00009013   _lockDevStepCount
003f52db   _main
003f512a   _makeTest
003f49cd   _mcbspAddr
00009038   _mcbspData
00009064   _mcbspRegs
003f4939   _mcbspSetupSpi
003f49ab   _mcbsp_read
003f4990   _mcbsp_write
003f48ec   _mcbspaInit
003f48f2   _mcbspaSetup
00009014   _mode
00009044   _mode1cnt
00009046   _mode3cnt
00009180   _motor0
00009140   _motor1
00009012   _moveMode
003f500a   _park
003f5045   _parkInv
003f4f10   _pidCalc
00009280   _pidD
00009300   _pidQ
00009200   _pidVel
003f4f11   _pid_reg3_calc
000090c0   _pwmHandle
000090b4   _pwmRegS
003f4c81   _pwmSInit
003f4c96   _pwmSetupWTest
00009080   _pwmValues
0000907a   _refD
00009072   _refQ
003f59ca   _rsvd_ISR
0000909c   _saadFrameResive
00009094   _saadFrameSend
0000901c   _saadTests
0000901a   _saadTestsPs
00009020   _sciCounter
0000901f   _sciFramePart
0000901e   _sciSendCnt
003f4afd   _sciaInit
003f4b38   _sciaRead
0000905e   _sciaRegs
003f4b03   _sciaSetup
003f4b3d   _sciaWrite
0000900f   _sendDubSCI
00009011   _sendSCI
003f45e7   _setExtOsc
003f459c   _setIntOsc1
003f45b1   _setIntOsc2
003f4dd2   _setPWMValues
003f4e09   _setPWMValuesArr
0000901d   _setSci
003f44fa   _setUpPeripheralClocks
003f45cc   _setXTALOsc
003f47fb   _setupClks
003f41f5   _setupGPIOs
003f4426   _setupGPIOsInterrupt
003f482c   _setupPeripheralClks
003f69c2   _sin
00009026   _speed
00009060   _spiData
003f4a87   _spiDisableFF
003f4ae8   _spiGyroConfL2G2IS
003f4abb   _spiGyroConfMAX
003f4a72   _spiInit
000091c0   _spiModule
003f4a78   _spiSetupFF
00009054   _spiaRegs
003f4f09   _stopMotor
0000903a   _sysCtrlRegs
003f445f   _systemInit
003f4465   _systemSetup
00009070   _tempData1
0000906c   _tempData2
00009010   _testSciSend
0000903c   _time
0000904c   _timeUp
00009050   _timer0cnt
00009052   _timer1cnt
003f4bf3   _timerInit
003f4bff   _timerSConfig
003f41db   _usDelay
0000902c   _vel
00009042   _velCoef
00009019   _xData
00009062   _xIntruptRegs
0000901b   _yData
ffffffff   binit
003f6ca4   cinit
003f7ff6   code_start
003f6aa3   etext
ffffffff   pinit


GLOBAL SYMBOLS: SORTED BY Symbol Address 

address    name
--------   ----
00000000   _RamfuncsLoadSize
00000001   __TI_args_main
00000050   __stack
00000300   __STACK_SIZE
00000350   __STACK_END
00008000   _RamfuncsLoadEnd
00008000   _RamfuncsLoadStart
00008000   _RamfuncsRunStart
00009000   _CTRLSUM
00009001   _SAAD_TESTS_BITS
00009002   _SAAD_TEST_RES_BITS
00009003   _SAAD_ST
00009004   _COMMAND_BYTE_BITS
00009005   _SAAD_TEST_RES
00009006   _VELOCITY
00009007   _COMMAND_BYTE
00009008   _VELOCITY_BITS
00009009   _DATA
0000900a   _CTRLSUM_BITS
0000900b   _POSITION
0000900c   _DATA_BITS
0000900d   _apsL
0000900e   _apsR
0000900f   _sendDubSCI
00009010   _testSciSend
00009011   _sendSCI
00009012   _moveMode
00009013   _lockDevStepCount
00009014   _mode
00009015   _lockDevEn
00009016   _lockDevSend
00009017   _delay
00009018   _counter
00009019   _xData
0000901a   _saadTestsPs
0000901b   _yData
0000901c   _saadTests
0000901d   _setSci
0000901e   _sciSendCnt
0000901f   _sciFramePart
00009020   _sciCounter
00009021   _POSITION_BITS
00009022   _SAAD_CTRL
00009023   _SAAD_ST_BITS
00009024   _SAAD_CTRL_BITS
00009026   _speed
00009028   _alpha1
0000902a   _alpha
0000902c   _vel
0000902e   _acel
00009030   _SAAD_CTRL_ALL
00009032   _adcRegs
00009034   _adcResRegs
00009036   _gpioS
00009038   _mcbspData
0000903a   _sysCtrlRegs
0000903c   _time
0000903e   _jj
00009040   _i
00009042   _velCoef
00009044   _mode1cnt
00009046   _mode3cnt
00009048   _clkS
0000904a   _dt
0000904c   _timeUp
0000904e   _j
00009050   _timer0cnt
00009052   _timer1cnt
00009054   _spiaRegs
00009056   _CpuTimer1Regs
00009058   _CpuTimer0Regs
0000905a   _CpuTimer2Regs
0000905c   _interrupS
0000905e   _sciaRegs
00009060   _spiData
00009062   _xIntruptRegs
00009064   _mcbspRegs
00009066   _flashRegs
00009068   _START_BIT
0000906a   _START_BIT_BITS
0000906c   _tempData2
0000906e   _interrupSVectTable
00009070   _tempData1
00009072   _refQ
00009076   _iTot
0000907a   _refD
00009080   _pwmValues
00009084   _dq
0000908c   _dqP
00009094   _saadFrameSend
0000909c   _saadFrameResive
000090a4   _alBe
000090ac   _alBeI
000090b4   _pwmRegS
000090c0   _pwmHandle
000090cc   _abcI
000090d8   _abc
00009100   _adcRes
00009140   _motor1
00009180   _motor0
000091c0   _spiModule
00009200   _pidVel
00009280   _pidD
00009300   _pidQ
00009380   _AMCconfArr
00009400   __unlock
00009402   __lock
00009404   ___TI_cleanup_ptr
00009406   ___TI_dtors_ptr
003f4000   .text
003f4000   ___text__
003f41db   _usDelay
003f41ec   _gpioInit
003f41f5   _setupGPIOs
003f4426   _setupGPIOsInterrupt
003f4435   _flashInit
003f443b   _flashSetup
003f445f   _systemInit
003f4465   _systemSetup
003f4483   _ServiceDog
003f4491   _DisableDog
003f449b   _InitPll
003f44fa   _setUpPeripheralClocks
003f459c   _setIntOsc1
003f45b1   _setIntOsc2
003f45cc   _setXTALOsc
003f45e7   _setExtOsc
003f4605   _adcInit
003f460e   _ADC_config
003f4788   _adcRead
003f47f2   _clkInit
003f47fb   _setupClks
003f482c   _setupPeripheralClks
003f48c0   _delay_loop
003f48d6   _clkg_delay_loop
003f48ec   _mcbspaInit
003f48f2   _mcbspaSetup
003f4939   _mcbspSetupSpi
003f4990   _mcbsp_write
003f49ab   _mcbsp_read
003f49cd   _mcbspAddr
003f49d1   _AMCconf
003f4a72   _spiInit
003f4a78   _spiSetupFF
003f4a87   _spiDisableFF
003f4a95   _gyroVerifyL2G2IS
003f4abb   _spiGyroConfMAX
003f4ae8   _spiGyroConfL2G2IS
003f4afd   _sciaInit
003f4b03   _sciaSetup
003f4b38   _sciaRead
003f4b3d   _sciaWrite
003f4b47   _interrupsInit
003f4b53   _interrupsCtrlInit
003f4b9d   _interruptSEnable
003f4ba8   _interrupsCpuSetup
003f4bc8   _interrupSDefVectTableInit
003f4bf3   _timerInit
003f4bff   _timerSConfig
003f4c11   _ConfigCpuTimer0
003f4c37   _ConfigCpuTimer1
003f4c5c   _ConfigCpuTimer2
003f4c81   _pwmSInit
003f4c96   _pwmSetupWTest
003f4dd2   _setPWMValues
003f4df4   _disablePWM
003f4e09   _setPWMValuesArr
003f4e28   _getMaxPWMVal
003f4e36   _crc8POS
003f4e56   _crc8VEL
003f4e76   _crc8DATA
003f4e96   _calcPWM
003f4f09   _stopMotor
003f4f10   _pidCalc
003f4f11   _pid_reg3_calc
003f4fd6   _clarke
003f500a   _park
003f5045   _parkInv
003f5080   _clarkeInv
003f512a   _makeTest
003f51c4   _alphaF
003f52db   _main
003f5533   _SPI_RX_isr
003f558b   _lockDevStart
003f5600   _calcSpeed
003f5639   _INT13_ISR
003f5643   _INT14_ISR
003f564d   _DATALOG_ISR
003f5657   _RTOSINT_ISR
003f5661   _EMUINT_ISR
003f566b   _NMI_ISR
003f5675   _ILLEGAL_ISR
003f567f   _USER1_ISR
003f5689   _USER2_ISR
003f5693   _USER3_ISR
003f569d   _USER4_ISR
003f56a7   _USER5_ISR
003f56b1   _USER6_ISR
003f56bb   _USER7_ISR
003f56c5   _USER8_ISR
003f56cf   _USER9_ISR
003f56d9   _USER10_ISR
003f56e3   _USER11_ISR
003f56ed   _USER12_ISR
003f56f7   _ADCINT1_ISR
003f5701   _ADCINT2_ISR
003f570b   _XINT1_ISR
003f5715   _XINT2_ISR
003f571f   _ADCINT9_ISR
003f5729   _TINT0_ISR
003f5733   _WAKEINT_ISR
003f573d   _EPWM1_TZINT_ISR
003f5747   _EPWM2_TZINT_ISR
003f5751   _EPWM3_TZINT_ISR
003f575b   _EPWM4_TZINT_ISR
003f5765   _EPWM5_TZINT_ISR
003f576f   _EPWM6_TZINT_ISR
003f5779   _EPWM7_TZINT_ISR
003f5783   _EPWM8_TZINT_ISR
003f578d   _EPWM1_INT_ISR
003f5797   _EPWM2_INT_ISR
003f57a1   _EPWM3_INT_ISR
003f57ab   _EPWM4_INT_ISR
003f57b5   _EPWM5_INT_ISR
003f57bf   _EPWM6_INT_ISR
003f57c9   _EPWM7_INT_ISR
003f57d3   _EPWM8_INT_ISR
003f57dd   _ECAP1_INT_ISR
003f57e7   _ECAP2_INT_ISR
003f57f1   _ECAP3_INT_ISR
003f57fb   _HRCAP1_INT_ISR
003f5805   _HRCAP2_INT_ISR
003f580f   _EQEP1_INT_ISR
003f5819   _EQEP2_INT_ISR
003f5823   _HRCAP3_INT_ISR
003f582d   _HRCAP4_INT_ISR
003f5837   _USB0_INT_ISR
003f5841   _SPIRXINTA_ISR
003f584b   _SPITXINTA_ISR
003f5855   _SPIRXINTB_ISR
003f585f   _SPITXINTB_ISR
003f5869   _MRINTA_ISR
003f5873   _MXINTA_ISR
003f587d   _DINTCH1_ISR
003f5887   _DINTCH2_ISR
003f5891   _DINTCH3_ISR
003f589b   _DINTCH4_ISR
003f58a5   _DINTCH5_ISR
003f58af   _DINTCH6_ISR
003f58b9   _I2CINT1A_ISR
003f58c3   _I2CINT2A_ISR
003f58cd   _SCIRXINTA_ISR
003f58d7   _SCITXINTA_ISR
003f58e1   _SCIRXINTB_ISR
003f58eb   _SCITXINTB_ISR
003f58f5   _ECAN0INTA_ISR
003f58ff   _ECAN1INTA_ISR
003f5909   _ADCINT3_ISR
003f5913   _ADCINT4_ISR
003f591d   _ADCINT5_ISR
003f5927   _ADCINT6_ISR
003f5931   _ADCINT7_ISR
003f593b   _ADCINT8_ISR
003f5945   _CLA1_INT1_ISR
003f594f   _CLA1_INT2_ISR
003f5959   _CLA1_INT3_ISR
003f5963   _CLA1_INT4_ISR
003f596d   _CLA1_INT5_ISR
003f5977   _CLA1_INT6_ISR
003f5981   _CLA1_INT7_ISR
003f598b   _CLA1_INT8_ISR
003f5995   _XINT3_ISR
003f599f   _LVF_ISR
003f59a9   _LUF_ISR
003f59b3   _EMPTY_ISR
003f59c0   _PIE_RESERVED
003f59ca   _rsvd_ISR
003f59d4   _cpu_timer0_isr
003f5e16   _cpu_timer2_isr
003f5eaa   _cpu_timer1_isr
003f6444   _SCI_RX_isr
003f6458   _GYRO_X_isr
003f646c   _adc_X_ISR
003f6485   _CLK_disableAdcClock
003f6492   _CLK_disableClaClock
003f649f   _CLK_disableClkIn
003f64ab   _CLK_disableCompClock
003f64b7   _CLK_disableCpuTimerClock
003f64c6   _CLK_disableCrystalOsc
003f64d2   _CLK_disableEcanaClock
003f64df   _CLK_disableEcap1Clock
003f64ec   _CLK_disableEqep1Clock
003f64f9   _CLK_disableGpioInputClock
003f6506   _CLK_disableHrPwmClock
003f6513   _CLK_disableI2cClock
003f6520   _CLK_disableLinAClock
003f652d   _CLK_disableOsc1
003f6539   _CLK_disableOsc1HaltMode
003f6545   _CLK_disableOsc2
003f6551   _CLK_disableOsc2HaltMode
003f655d   _CLK_disablePwmClock
003f656e   _CLK_disableSciaClock
003f657b   _CLK_disableSpiaClock
003f6588   _CLK_disableSpibClock
003f6592   _CLK_disableTbClockSync
003f659f   _CLK_disableWatchDogHaltMode
003f65ab   _CLK_enableAdcClock
003f65b8   _CLK_enableClaClock
003f65c5   _CLK_enableCompClock
003f65d3   _CLK_enableCpuTimerClock
003f65e1   _CLK_enableCrystalOsc
003f65ed   _CLK_enableEcanaClock
003f65fa   _CLK_enableEqep1Clock
003f6607   _CLK_enableEcap1Clock
003f6614   _CLK_enableClkIn
003f6620   _CLK_enableGpioInputClock
003f662d   _CLK_enableHrPwmClock
003f663a   _CLK_enableI2cClock
003f6647   _CLK_enableLinAClock
003f6654   _CLK_enableOsc1
003f6660   _CLK_enableOsc1HaltMode
003f666c   _CLK_enableOsc2
003f6678   _CLK_enableOsc2HaltMode
003f6684   _CLK_enablePwmClock
003f6694   _CLK_enableSciaClock
003f66a1   _CLK_enableSpiaClock
003f66ae   _CLK_enableSpibClock
003f66bb   _CLK_enableTbClockSync
003f66c8   _CLK_enableWatchDogHaltMode
003f66d4   _CLK_init
003f66e1   _CLK_setClkOutPreScaler
003f66f1   _CLK_setLowSpdPreScaler
003f66ff   _CLK_setOscSrc
003f670f   _CLK_setOsc2Src
003f671f   _CLK_setTimer2PreScale
003f672f   _CLK_setTimer2Src
003f673f   _CLK_setWatchDogSrc
003f674f   _GPIO_init
003f675c   _GPIO_setPullup
003f6798   _GPIO_setDirection
003f67d4   _GPIO_setExtInt
003f67e7   _GPIO_read
003f6814   _GPIO_setHigh
003f6832   _GPIO_setLow
003f6850   _GPIO_setMode
003f68bb   _GPIO_toggle
003f68d9   FS$$DIV
003f6961   _cos
003f69c2   _sin
003f6a1a   _c_int00
003f6a60   __args_main
003f6a79   C$$EXIT
003f6a79   _abort
003f6a7b   _exit
003f6a92   __register_unlock
003f6a96   __register_lock
003f6a9a   __nop
003f6aa3   ___etext__
003f6aa3   etext
003f6ba4   _PieVectTableInit
003f6ca4   ___cinit__
003f6ca4   cinit
003f7ff6   code_start
ffffffff   ___binit__
ffffffff   ___c_args__
ffffffff   ___pinit__
ffffffff   binit
ffffffff   pinit

[368 symbols]
