******************************************************************************
             TMS320C2000 Linker Unix v6.2.7                    
******************************************************************************
>> Linked Mon Apr 16 21:28:13 2018

OUTPUT FILE NAME:   <motorsBetaC2.out>
ENTRY POINT SYMBOL: "_c_int00"  address: 003f6b3c


MEMORY CONFIGURATION

         name            origin    length      used     unused   attr    fill
----------------------  --------  ---------  --------  --------  ----  --------
PAGE 0:
  RAML0                 00008000   00000800  00000000  00000800  RWIX
  RAML1                 00008800   00000400  00000000  00000400  RWIX
  OTP                   003d7800   00000400  00000000  00000400  RWIX
  FLASHH                003d8000   00004000  00000000  00004000  RWIX
  FLASHG                003dc000   00004000  00000000  00004000  RWIX
  FLASHF                003e0000   00004000  00000000  00004000  RWIX
  FLASHE                003e4000   00004000  00000000  00004000  RWIX
  FLASHD                003e8000   00004000  00000000  00004000  RWIX
  FLASHC                003ec000   00004000  00000000  00004000  RWIX
  FLASHA                003f4000   00003f80  00002fa2  00000fde  RWIX
  CSM_RSVD              003f7f80   00000076  00000000  00000076  RWIX
  BEGIN                 003f7ff6   00000002  00000002  00000000  RWIX
  CSM_PWL_P0            003f7ff8   00000008  00000000  00000008  RWIX
  FPUTABLES             003fd860   000006a0  00000000  000006a0  RWIX
  IQTABLES              003fdf00   00000b50  00000000  00000b50  RWIX
  IQTABLES2             003fea50   0000008c  00000000  0000008c  RWIX
  IQTABLES3             003feadc   000000aa  00000000  000000aa  RWIX
  ROM                   003ff3b0   00000c10  00000000  00000c10  RWIX
  RESET                 003fffc0   00000002  00000000  00000002  RWIX
  VECTORS               003fffc2   0000003e  00000000  0000003e  RWIX

PAGE 1:
  BOOT_RSVD             00000000   00000050  00000000  00000050  RWIX
  RAMM0                 00000050   000003b0  00000300  000000b0  RWIX
  RAMM1                 00000400   00000400  00000000  00000400  RWIX
  RAML2                 00008c00   00000400  00000000  00000400  RWIX
  RAML3                 00009000   00001000  00000408  00000bf8  RWIX
  RAML4                 0000a000   00002000  00000000  00002000  RWIX
  RAML5                 0000c000   00002000  00000000  00002000  RWIX
  RAML6                 0000e000   00002000  00000000  00002000  RWIX
  RAML7                 00010000   00002000  00000000  00002000  RWIX
  RAML8                 00012000   00002000  00000000  00002000  RWIX
  USB_RAM               00040000   00000800  00000000  00000800  RWIX
  FLASHB                003f0000   00004000  00000000  00004000  RWIX


SECTION ALLOCATION MAP

 output                                  attributes/
section   page    origin      length       input sections
--------  ----  ----------  ----------   ----------------
.pinit     0    003f4000    00000000     UNINITIALIZED

ramfuncs   0    00008000    00000000     UNINITIALIZED

.text      0    003f4000    00002bc5     
                  003f4000    00001695     main.obj (.text)
                  003f5695    00000efb     main.obj (.text:retain)
                  003f6590    000002cc     clk.obj (.text)
                  003f685c    0000019f     gpio.obj (.text)
                  003f69fb    00000088     rts2800_fpu32.lib : fs_div.obj (.text)
                  003f6a83    00000061                       : cos.obj (.text)
                  003f6ae4    00000058                       : sin.obj (.text)
                  003f6b3c    00000046                       : boot.obj (.text)
                  003f6b82    00000019                       : args_main.obj (.text)
                  003f6b9b    00000019                       : exit.obj (.text)
                  003f6bb4    00000009                       : _lock.obj (.text)
                  003f6bbd    00000008     F2806x_CodeStartBranch.obj (.text)

.econst    0    003f6bc6    00000200     
                  003f6bc6    00000100     main.obj (.econst:.string:_CRC_TABLE)
                  003f6cc6    00000100     main.obj (.econst)

.cinit     0    003f6dc6    000001bd     
                  003f6dc6    000001a7     main.obj (.cinit)
                  003f6f6d    0000000a     rts2800_fpu32.lib : _lock.obj (.cinit)
                  003f6f77    0000000a                       : exit.obj (.cinit)
                  003f6f81    00000002     --HOLE-- [fill = 0]

.switch    0    003f6f84    00000020     
                  003f6f84    00000020     main.obj (.switch:_adcRead)

codestart 
*          0    003f7ff6    00000002     
                  003f7ff6    00000002     F2806x_CodeStartBranch.obj (codestart)

.reset     0    003fffc0    00000002     DSECT
                  003fffc0    00000002     rts2800_fpu32.lib : boot.obj (.reset)

vectors    0    003fffc2    00000000     DSECT

.stack     1    00000050    00000300     UNINITIALIZED
                  00000050    00000300     --HOLE--

.ebss      1    00009000    00000408     UNINITIALIZED
                  00009000    00000400     main.obj (.ebss)
                  00009400    00000004     rts2800_fpu32.lib : _lock.obj (.ebss)
                  00009404    00000004                       : exit.obj (.ebss)


GLOBAL DATA SYMBOLS: SORTED BY DATA PAGE

address     data page           name
--------    ----------------    ----
00000050       1 (00000040)     __stack

00009000     240 (00009000)     _CTRLSUM
00009001     240 (00009000)     _SAAD_TESTS_BITS
00009002     240 (00009000)     _SAAD_TEST_RES_BITS
00009003     240 (00009000)     _SAAD_ST
00009004     240 (00009000)     _COMMAND_BYTE_BITS
00009005     240 (00009000)     _SAAD_TEST_RES
00009006     240 (00009000)     _VELOCITY
00009007     240 (00009000)     _COMMAND_BYTE
00009008     240 (00009000)     _VELOCITY_BITS
00009009     240 (00009000)     _DATA
0000900a     240 (00009000)     _CTRLSUM_BITS
0000900b     240 (00009000)     _POSITION
0000900c     240 (00009000)     _DATA_BITS
0000900d     240 (00009000)     _apsL
0000900e     240 (00009000)     _apsR
0000900f     240 (00009000)     _sendDubSCI
00009010     240 (00009000)     _testSciSend
00009011     240 (00009000)     _sendSCI
00009012     240 (00009000)     _moveMode
00009013     240 (00009000)     _lockDevStepCount
00009014     240 (00009000)     _mode
00009015     240 (00009000)     _lockDevEn
00009016     240 (00009000)     _lockDevSend
00009017     240 (00009000)     _delay
00009018     240 (00009000)     _counter
00009019     240 (00009000)     _xData
0000901a     240 (00009000)     _saadTestsPs
0000901b     240 (00009000)     _yData
0000901c     240 (00009000)     _saadTests
0000901d     240 (00009000)     _setSci
0000901e     240 (00009000)     _sciSendCnt
0000901f     240 (00009000)     _sciFramePart
00009020     240 (00009000)     _sciCounter
00009021     240 (00009000)     _POSITION_BITS
00009022     240 (00009000)     _SAAD_CTRL
00009023     240 (00009000)     _SAAD_ST_BITS
00009024     240 (00009000)     _SAAD_CTRL_BITS
00009026     240 (00009000)     _speed
00009028     240 (00009000)     _alpha1
0000902a     240 (00009000)     _alpha
0000902c     240 (00009000)     _vel
0000902e     240 (00009000)     _acel
00009030     240 (00009000)     _SAAD_CTRL_ALL
00009032     240 (00009000)     _adcRegs
00009034     240 (00009000)     _adcResRegs
00009036     240 (00009000)     _gpioS
00009038     240 (00009000)     _mcbspData
0000903a     240 (00009000)     _sysCtrlRegs
0000903c     240 (00009000)     _time
0000903e     240 (00009000)     _jj

00009040     241 (00009040)     _i
00009042     241 (00009040)     _velCoef
00009044     241 (00009040)     _mode1cnt
00009046     241 (00009040)     _mode3cnt
00009048     241 (00009040)     _clkS
0000904a     241 (00009040)     _dt
0000904c     241 (00009040)     _timeUp
0000904e     241 (00009040)     _j
00009050     241 (00009040)     _timer0cnt
00009052     241 (00009040)     _timer1cnt
00009054     241 (00009040)     _spiaRegs
00009056     241 (00009040)     _CpuTimer1Regs
00009058     241 (00009040)     _CpuTimer0Regs
0000905a     241 (00009040)     _CpuTimer2Regs
0000905c     241 (00009040)     _interrupS
0000905e     241 (00009040)     _sciaRegs
00009060     241 (00009040)     _spiData
00009062     241 (00009040)     _xIntruptRegs
00009064     241 (00009040)     _mcbspRegs
00009066     241 (00009040)     _flashRegs
00009068     241 (00009040)     _START_BIT
0000906a     241 (00009040)     _START_BIT_BITS
0000906c     241 (00009040)     _tempData2
0000906e     241 (00009040)     _interrupSVectTable
00009070     241 (00009040)     _tempData1
00009072     241 (00009040)     _refQ
00009076     241 (00009040)     _iTot
0000907a     241 (00009040)     _refD

00009080     242 (00009080)     _pwmValues
00009084     242 (00009080)     _dq
0000908c     242 (00009080)     _dqP
00009094     242 (00009080)     _saadFrameSend
0000909c     242 (00009080)     _saadFrameResive
000090a4     242 (00009080)     _alBe
000090ac     242 (00009080)     _alBeI
000090b4     242 (00009080)     _pwmRegS

000090c0     243 (000090c0)     _pwmHandle
000090cc     243 (000090c0)     _abcI
000090d8     243 (000090c0)     _abc

00009100     244 (00009100)     _adcRes

00009140     245 (00009140)     _motor1

00009180     246 (00009180)     _motor0

000091c0     247 (000091c0)     _spiModule

00009200     248 (00009200)     _pidVel

00009280     24a (00009280)     _pidD

00009300     24c (00009300)     _pidQ

00009380     24e (00009380)     _AMCconfArr

00009400     250 (00009400)     __unlock
00009402     250 (00009400)     __lock
00009404     250 (00009400)     ___TI_cleanup_ptr
00009406     250 (00009400)     ___TI_dtors_ptr

003f6cc6    fdb3 (003f6cc0)     _PieVectTableInit


GLOBAL SYMBOLS: SORTED ALPHABETICALLY BY Name 

address    name
--------   ----
003f4000   .text
003f6b9b   C$$EXIT
003f69fb   FS$$DIV
003f5766   _ADCINT1_ISR
003f5771   _ADCINT2_ISR
003f59ad   _ADCINT3_ISR
003f59b8   _ADCINT4_ISR
003f59c3   _ADCINT5_ISR
003f59ce   _ADCINT6_ISR
003f59d9   _ADCINT7_ISR
003f59e4   _ADCINT8_ISR
003f5792   _ADCINT9_ISR
003f460a   _ADC_config
003f49e9   _AMCconf
00009380   _AMCconfArr
003f59ef   _CLA1_INT1_ISR
003f59fa   _CLA1_INT2_ISR
003f5a05   _CLA1_INT3_ISR
003f5a10   _CLA1_INT4_ISR
003f5a1b   _CLA1_INT5_ISR
003f5a26   _CLA1_INT6_ISR
003f5a31   _CLA1_INT7_ISR
003f5a3c   _CLA1_INT8_ISR
003f6590   _CLK_disableAdcClock
003f659d   _CLK_disableClaClock
003f65aa   _CLK_disableClkIn
003f65b6   _CLK_disableCompClock
003f65c2   _CLK_disableCpuTimerClock
003f65d1   _CLK_disableCrystalOsc
003f65dd   _CLK_disableEcanaClock
003f65ea   _CLK_disableEcap1Clock
003f65f7   _CLK_disableEqep1Clock
003f6604   _CLK_disableGpioInputClock
003f6611   _CLK_disableHrPwmClock
003f661e   _CLK_disableI2cClock
003f662b   _CLK_disableLinAClock
003f6638   _CLK_disableOsc1
003f6644   _CLK_disableOsc1HaltMode
003f6650   _CLK_disableOsc2
003f665c   _CLK_disableOsc2HaltMode
003f6668   _CLK_disablePwmClock
003f6679   _CLK_disableSciaClock
003f6686   _CLK_disableSpiaClock
003f6693   _CLK_disableSpibClock
003f669d   _CLK_disableTbClockSync
003f66aa   _CLK_disableWatchDogHaltMode
003f66b6   _CLK_enableAdcClock
003f66c3   _CLK_enableClaClock
003f671f   _CLK_enableClkIn
003f66d0   _CLK_enableCompClock
003f66de   _CLK_enableCpuTimerClock
003f66ec   _CLK_enableCrystalOsc
003f66f8   _CLK_enableEcanaClock
003f6712   _CLK_enableEcap1Clock
003f6705   _CLK_enableEqep1Clock
003f672b   _CLK_enableGpioInputClock
003f6738   _CLK_enableHrPwmClock
003f6745   _CLK_enableI2cClock
003f6752   _CLK_enableLinAClock
003f675f   _CLK_enableOsc1
003f676b   _CLK_enableOsc1HaltMode
003f6777   _CLK_enableOsc2
003f6783   _CLK_enableOsc2HaltMode
003f678f   _CLK_enablePwmClock
003f679f   _CLK_enableSciaClock
003f67ac   _CLK_enableSpiaClock
003f67b9   _CLK_enableSpibClock
003f67c6   _CLK_enableTbClockSync
003f67d3   _CLK_enableWatchDogHaltMode
003f67df   _CLK_init
003f67ee   _CLK_setClkOutPreScaler
003f67fe   _CLK_setLowSpdPreScaler
003f681c   _CLK_setOsc2Src
003f680c   _CLK_setOscSrc
003f682c   _CLK_setTimer2PreScale
003f683c   _CLK_setTimer2Src
003f684c   _CLK_setWatchDogSrc
00009007   _COMMAND_BYTE
00009004   _COMMAND_BYTE_BITS
00009000   _CTRLSUM
0000900a   _CTRLSUM_BITS
003f4c33   _ConfigCpuTimer0
003f4c59   _ConfigCpuTimer1
003f4c7e   _ConfigCpuTimer2
00009058   _CpuTimer0Regs
00009056   _CpuTimer1Regs
0000905a   _CpuTimer2Regs
00009009   _DATA
003f56ab   _DATALOG_ISR
0000900c   _DATA_BITS
003f5913   _DINTCH1_ISR
003f591e   _DINTCH2_ISR
003f5929   _DINTCH3_ISR
003f5934   _DINTCH4_ISR
003f593f   _DINTCH5_ISR
003f594a   _DINTCH6_ISR
003f448d   _DisableDog
003f5997   _ECAN0INTA_ISR
003f59a2   _ECAN1INTA_ISR
003f5863   _ECAP1_INT_ISR
003f586e   _ECAP2_INT_ISR
003f5879   _ECAP3_INT_ISR
003f5a68   _EMPTY_ISR
003f56c1   _EMUINT_ISR
003f580b   _EPWM1_INT_ISR
003f57b3   _EPWM1_TZINT_ISR
003f5816   _EPWM2_INT_ISR
003f57be   _EPWM2_TZINT_ISR
003f5821   _EPWM3_INT_ISR
003f57c9   _EPWM3_TZINT_ISR
003f582c   _EPWM4_INT_ISR
003f57d4   _EPWM4_TZINT_ISR
003f5837   _EPWM5_INT_ISR
003f57df   _EPWM5_TZINT_ISR
003f5842   _EPWM6_INT_ISR
003f57ea   _EPWM6_TZINT_ISR
003f584d   _EPWM7_INT_ISR
003f57f5   _EPWM7_TZINT_ISR
003f5858   _EPWM8_INT_ISR
003f5800   _EPWM8_TZINT_ISR
003f589a   _EQEP1_INT_ISR
003f58a5   _EQEP2_INT_ISR
003f685c   _GPIO_init
003f68fa   _GPIO_read
003f68a9   _GPIO_setDirection
003f68e7   _GPIO_setExtInt
003f692a   _GPIO_setHigh
003f694a   _GPIO_setLow
003f696a   _GPIO_setMode
003f686b   _GPIO_setPullup
003f69db   _GPIO_toggle
003f6563   _GYRO_X_isr
003f5884   _HRCAP1_INT_ISR
003f588f   _HRCAP2_INT_ISR
003f58b0   _HRCAP3_INT_ISR
003f58bb   _HRCAP4_INT_ISR
003f5955   _I2CINT1A_ISR
003f5960   _I2CINT2A_ISR
003f56d7   _ILLEGAL_ISR
003f5695   _INT13_ISR
003f56a0   _INT14_ISR
003f4497   _InitPll
003f5a5d   _LUF_ISR
003f5a52   _LVF_ISR
003f58fd   _MRINTA_ISR
003f5908   _MXINTA_ISR
003f56cc   _NMI_ISR
003f5a75   _PIE_RESERVED
0000900b   _POSITION
00009021   _POSITION_BITS
003f6cc6   _PieVectTableInit
003f56b6   _RTOSINT_ISR
00008000   _RamfuncsLoadEnd
00000000   _RamfuncsLoadSize
00008000   _RamfuncsLoadStart
00008000   _RamfuncsRunStart
00009022   _SAAD_CTRL
00009030   _SAAD_CTRL_ALL
00009024   _SAAD_CTRL_BITS
00009003   _SAAD_ST
00009023   _SAAD_ST_BITS
00009001   _SAAD_TESTS_BITS
00009005   _SAAD_TEST_RES
00009002   _SAAD_TEST_RES_BITS
003f596b   _SCIRXINTA_ISR
003f5981   _SCIRXINTB_ISR
003f5976   _SCITXINTA_ISR
003f598c   _SCITXINTB_ISR
003f654f   _SCI_RX_isr
003f58d1   _SPIRXINTA_ISR
003f58e7   _SPIRXINTB_ISR
003f58dc   _SPITXINTA_ISR
003f58f2   _SPITXINTB_ISR
003f5577   _SPI_RX_isr
00009068   _START_BIT
0000906a   _START_BIT_BITS
003f447f   _ServiceDog
003f579d   _TINT0_ISR
003f58c6   _USB0_INT_ISR
003f5745   _USER10_ISR
003f5750   _USER11_ISR
003f575b   _USER12_ISR
003f56e2   _USER1_ISR
003f56ed   _USER2_ISR
003f56f8   _USER3_ISR
003f5703   _USER4_ISR
003f570e   _USER5_ISR
003f5719   _USER6_ISR
003f5724   _USER7_ISR
003f572f   _USER8_ISR
003f573a   _USER9_ISR
00009006   _VELOCITY
00009008   _VELOCITY_BITS
003f57a8   _WAKEINT_ISR
003f577c   _XINT1_ISR
003f5787   _XINT2_ISR
003f5a47   _XINT3_ISR
00000350   __STACK_END
00000300   __STACK_SIZE
00000001   __TI_args_main
00009404   ___TI_cleanup_ptr
00009406   ___TI_dtors_ptr
ffffffff   ___binit__
ffffffff   ___c_args__
003f6dc6   ___cinit__
003f6bc5   ___etext__
ffffffff   ___pinit__
003f4000   ___text__
003f6b82   __args_main
00009402   __lock
003f6bbc   __nop
003f6bb8   __register_lock
003f6bb4   __register_unlock
00000050   __stack
00009400   __unlock
000090d8   _abc
000090cc   _abcI
003f6b9b   _abort
0000902e   _acel
003f4601   _adcInit
003f4786   _adcRead
00009032   _adcRegs
00009100   _adcRes
00009034   _adcResRegs
003f6577   _adc_X_ISR
000090a4   _alBe
000090ac   _alBeI
0000902a   _alpha
00009028   _alpha1
003f51fe   _alphaF
0000900d   _apsL
0000900e   _apsR
003f6b3c   _c_int00
003f4eba   _calcPWM
003f565a   _calcSpeed
003f5001   _clarke
003f50ab   _clarkeInv
003f4802   _clkInit
00009048   _clkS
003f48e8   _clkg_delay_loop
003f6a83   _cos
00009018   _counter
003f5a8b   _cpu_timer0_isr
003f5f83   _cpu_timer1_isr
003f5eef   _cpu_timer2_isr
003f4e9a   _crc8DATA
003f4e5a   _crc8POS
003f4e7a   _crc8VEL
00009017   _delay
003f48d0   _delay_loop
003f4e16   _disablePWM
00009084   _dq
0000908c   _dqP
0000904a   _dt
003f6b9d   _exit
003f4431   _flashInit
00009066   _flashRegs
003f4437   _flashSetup
003f4e4c   _getMaxPWMVal
003f41e8   _gpioInit
00009036   _gpioS
003f4ab5   _gyroVerifyL2G2IS
00009040   _i
00009076   _iTot
0000905c   _interrupS
003f4be8   _interrupSDefVectTableInit
0000906e   _interrupSVectTable
003f4bc8   _interrupsCpuSetup
003f4b73   _interrupsCtrlInit
003f4b67   _interrupsInit
003f4bbd   _interruptSEnable
0000904e   _j
0000903e   _jj
00009015   _lockDevEn
00009016   _lockDevSend
003f55d1   _lockDevStart
00009013   _lockDevStepCount
003f5315   _main
003f515a   _makeTest
003f49e5   _mcbspAddr
00009038   _mcbspData
00009064   _mcbspRegs
003f494d   _mcbspSetupSpi
003f49c1   _mcbsp_read
003f49a4   _mcbsp_write
003f4900   _mcbspaInit
003f4906   _mcbspaSetup
00009014   _mode
00009044   _mode1cnt
00009046   _mode3cnt
00009180   _motor0
00009140   _motor1
00009012   _moveMode
003f5035   _park
003f5070   _parkInv
003f4f34   _pidCalc
00009280   _pidD
00009300   _pidQ
00009200   _pidVel
003f4f35   _pid_reg3_calc
000090c0   _pwmHandle
000090b4   _pwmRegS
003f4ca3   _pwmSInit
003f4cb8   _pwmSetupWTest
00009080   _pwmValues
0000907a   _refD
00009072   _refQ
003f5a80   _rsvd_ISR
0000909c   _saadFrameResive
00009094   _saadFrameSend
0000901c   _saadTests
0000901a   _saadTestsPs
00009020   _sciCounter
0000901f   _sciFramePart
0000901e   _sciSendCnt
003f4b1d   _sciaInit
003f4b58   _sciaRead
0000905e   _sciaRegs
003f4b23   _sciaSetup
003f4b5d   _sciaWrite
0000900f   _sendDubSCI
00009011   _sendSCI
003f45e3   _setExtOsc
003f4598   _setIntOsc1
003f45ad   _setIntOsc2
003f4df4   _setPWMValues
003f4e2b   _setPWMValuesArr
0000901d   _setSci
003f44f6   _setUpPeripheralClocks
003f45c8   _setXTALOsc
003f480b   _setupClks
003f41f1   _setupGPIOs
003f4422   _setupGPIOsInterrupt
003f483c   _setupPeripheralClks
003f6ae4   _sin
00009026   _speed
00009060   _spiData
003f4aa7   _spiDisableFF
003f4b08   _spiGyroConfL2G2IS
003f4adb   _spiGyroConfMAX
003f4a92   _spiInit
000091c0   _spiModule
003f4a98   _spiSetupFF
00009054   _spiaRegs
003f4f2d   _stopMotor
0000903a   _sysCtrlRegs
003f445b   _systemInit
003f4461   _systemSetup
00009070   _tempData1
0000906c   _tempData2
00009010   _testSciSend
0000903c   _time
0000904c   _timeUp
00009050   _timer0cnt
00009052   _timer1cnt
003f4c15   _timerInit
003f4c21   _timerSConfig
003f41d7   _usDelay
0000902c   _vel
00009042   _velCoef
00009019   _xData
00009062   _xIntruptRegs
0000901b   _yData
ffffffff   binit
003f6dc6   cinit
003f7ff6   code_start
003f6bc5   etext
ffffffff   pinit


GLOBAL SYMBOLS: SORTED BY Symbol Address 

address    name
--------   ----
00000000   _RamfuncsLoadSize
00000001   __TI_args_main
00000050   __stack
00000300   __STACK_SIZE
00000350   __STACK_END
00008000   _RamfuncsLoadEnd
00008000   _RamfuncsLoadStart
00008000   _RamfuncsRunStart
00009000   _CTRLSUM
00009001   _SAAD_TESTS_BITS
00009002   _SAAD_TEST_RES_BITS
00009003   _SAAD_ST
00009004   _COMMAND_BYTE_BITS
00009005   _SAAD_TEST_RES
00009006   _VELOCITY
00009007   _COMMAND_BYTE
00009008   _VELOCITY_BITS
00009009   _DATA
0000900a   _CTRLSUM_BITS
0000900b   _POSITION
0000900c   _DATA_BITS
0000900d   _apsL
0000900e   _apsR
0000900f   _sendDubSCI
00009010   _testSciSend
00009011   _sendSCI
00009012   _moveMode
00009013   _lockDevStepCount
00009014   _mode
00009015   _lockDevEn
00009016   _lockDevSend
00009017   _delay
00009018   _counter
00009019   _xData
0000901a   _saadTestsPs
0000901b   _yData
0000901c   _saadTests
0000901d   _setSci
0000901e   _sciSendCnt
0000901f   _sciFramePart
00009020   _sciCounter
00009021   _POSITION_BITS
00009022   _SAAD_CTRL
00009023   _SAAD_ST_BITS
00009024   _SAAD_CTRL_BITS
00009026   _speed
00009028   _alpha1
0000902a   _alpha
0000902c   _vel
0000902e   _acel
00009030   _SAAD_CTRL_ALL
00009032   _adcRegs
00009034   _adcResRegs
00009036   _gpioS
00009038   _mcbspData
0000903a   _sysCtrlRegs
0000903c   _time
0000903e   _jj
00009040   _i
00009042   _velCoef
00009044   _mode1cnt
00009046   _mode3cnt
00009048   _clkS
0000904a   _dt
0000904c   _timeUp
0000904e   _j
00009050   _timer0cnt
00009052   _timer1cnt
00009054   _spiaRegs
00009056   _CpuTimer1Regs
00009058   _CpuTimer0Regs
0000905a   _CpuTimer2Regs
0000905c   _interrupS
0000905e   _sciaRegs
00009060   _spiData
00009062   _xIntruptRegs
00009064   _mcbspRegs
00009066   _flashRegs
00009068   _START_BIT
0000906a   _START_BIT_BITS
0000906c   _tempData2
0000906e   _interrupSVectTable
00009070   _tempData1
00009072   _refQ
00009076   _iTot
0000907a   _refD
00009080   _pwmValues
00009084   _dq
0000908c   _dqP
00009094   _saadFrameSend
0000909c   _saadFrameResive
000090a4   _alBe
000090ac   _alBeI
000090b4   _pwmRegS
000090c0   _pwmHandle
000090cc   _abcI
000090d8   _abc
00009100   _adcRes
00009140   _motor1
00009180   _motor0
000091c0   _spiModule
00009200   _pidVel
00009280   _pidD
00009300   _pidQ
00009380   _AMCconfArr
00009400   __unlock
00009402   __lock
00009404   ___TI_cleanup_ptr
00009406   ___TI_dtors_ptr
003f4000   .text
003f4000   ___text__
003f41d7   _usDelay
003f41e8   _gpioInit
003f41f1   _setupGPIOs
003f4422   _setupGPIOsInterrupt
003f4431   _flashInit
003f4437   _flashSetup
003f445b   _systemInit
003f4461   _systemSetup
003f447f   _ServiceDog
003f448d   _DisableDog
003f4497   _InitPll
003f44f6   _setUpPeripheralClocks
003f4598   _setIntOsc1
003f45ad   _setIntOsc2
003f45c8   _setXTALOsc
003f45e3   _setExtOsc
003f4601   _adcInit
003f460a   _ADC_config
003f4786   _adcRead
003f4802   _clkInit
003f480b   _setupClks
003f483c   _setupPeripheralClks
003f48d0   _delay_loop
003f48e8   _clkg_delay_loop
003f4900   _mcbspaInit
003f4906   _mcbspaSetup
003f494d   _mcbspSetupSpi
003f49a4   _mcbsp_write
003f49c1   _mcbsp_read
003f49e5   _mcbspAddr
003f49e9   _AMCconf
003f4a92   _spiInit
003f4a98   _spiSetupFF
003f4aa7   _spiDisableFF
003f4ab5   _gyroVerifyL2G2IS
003f4adb   _spiGyroConfMAX
003f4b08   _spiGyroConfL2G2IS
003f4b1d   _sciaInit
003f4b23   _sciaSetup
003f4b58   _sciaRead
003f4b5d   _sciaWrite
003f4b67   _interrupsInit
003f4b73   _interrupsCtrlInit
003f4bbd   _interruptSEnable
003f4bc8   _interrupsCpuSetup
003f4be8   _interrupSDefVectTableInit
003f4c15   _timerInit
003f4c21   _timerSConfig
003f4c33   _ConfigCpuTimer0
003f4c59   _ConfigCpuTimer1
003f4c7e   _ConfigCpuTimer2
003f4ca3   _pwmSInit
003f4cb8   _pwmSetupWTest
003f4df4   _setPWMValues
003f4e16   _disablePWM
003f4e2b   _setPWMValuesArr
003f4e4c   _getMaxPWMVal
003f4e5a   _crc8POS
003f4e7a   _crc8VEL
003f4e9a   _crc8DATA
003f4eba   _calcPWM
003f4f2d   _stopMotor
003f4f34   _pidCalc
003f4f35   _pid_reg3_calc
003f5001   _clarke
003f5035   _park
003f5070   _parkInv
003f50ab   _clarkeInv
003f515a   _makeTest
003f51fe   _alphaF
003f5315   _main
003f5577   _SPI_RX_isr
003f55d1   _lockDevStart
003f565a   _calcSpeed
003f5695   _INT13_ISR
003f56a0   _INT14_ISR
003f56ab   _DATALOG_ISR
003f56b6   _RTOSINT_ISR
003f56c1   _EMUINT_ISR
003f56cc   _NMI_ISR
003f56d7   _ILLEGAL_ISR
003f56e2   _USER1_ISR
003f56ed   _USER2_ISR
003f56f8   _USER3_ISR
003f5703   _USER4_ISR
003f570e   _USER5_ISR
003f5719   _USER6_ISR
003f5724   _USER7_ISR
003f572f   _USER8_ISR
003f573a   _USER9_ISR
003f5745   _USER10_ISR
003f5750   _USER11_ISR
003f575b   _USER12_ISR
003f5766   _ADCINT1_ISR
003f5771   _ADCINT2_ISR
003f577c   _XINT1_ISR
003f5787   _XINT2_ISR
003f5792   _ADCINT9_ISR
003f579d   _TINT0_ISR
003f57a8   _WAKEINT_ISR
003f57b3   _EPWM1_TZINT_ISR
003f57be   _EPWM2_TZINT_ISR
003f57c9   _EPWM3_TZINT_ISR
003f57d4   _EPWM4_TZINT_ISR
003f57df   _EPWM5_TZINT_ISR
003f57ea   _EPWM6_TZINT_ISR
003f57f5   _EPWM7_TZINT_ISR
003f5800   _EPWM8_TZINT_ISR
003f580b   _EPWM1_INT_ISR
003f5816   _EPWM2_INT_ISR
003f5821   _EPWM3_INT_ISR
003f582c   _EPWM4_INT_ISR
003f5837   _EPWM5_INT_ISR
003f5842   _EPWM6_INT_ISR
003f584d   _EPWM7_INT_ISR
003f5858   _EPWM8_INT_ISR
003f5863   _ECAP1_INT_ISR
003f586e   _ECAP2_INT_ISR
003f5879   _ECAP3_INT_ISR
003f5884   _HRCAP1_INT_ISR
003f588f   _HRCAP2_INT_ISR
003f589a   _EQEP1_INT_ISR
003f58a5   _EQEP2_INT_ISR
003f58b0   _HRCAP3_INT_ISR
003f58bb   _HRCAP4_INT_ISR
003f58c6   _USB0_INT_ISR
003f58d1   _SPIRXINTA_ISR
003f58dc   _SPITXINTA_ISR
003f58e7   _SPIRXINTB_ISR
003f58f2   _SPITXINTB_ISR
003f58fd   _MRINTA_ISR
003f5908   _MXINTA_ISR
003f5913   _DINTCH1_ISR
003f591e   _DINTCH2_ISR
003f5929   _DINTCH3_ISR
003f5934   _DINTCH4_ISR
003f593f   _DINTCH5_ISR
003f594a   _DINTCH6_ISR
003f5955   _I2CINT1A_ISR
003f5960   _I2CINT2A_ISR
003f596b   _SCIRXINTA_ISR
003f5976   _SCITXINTA_ISR
003f5981   _SCIRXINTB_ISR
003f598c   _SCITXINTB_ISR
003f5997   _ECAN0INTA_ISR
003f59a2   _ECAN1INTA_ISR
003f59ad   _ADCINT3_ISR
003f59b8   _ADCINT4_ISR
003f59c3   _ADCINT5_ISR
003f59ce   _ADCINT6_ISR
003f59d9   _ADCINT7_ISR
003f59e4   _ADCINT8_ISR
003f59ef   _CLA1_INT1_ISR
003f59fa   _CLA1_INT2_ISR
003f5a05   _CLA1_INT3_ISR
003f5a10   _CLA1_INT4_ISR
003f5a1b   _CLA1_INT5_ISR
003f5a26   _CLA1_INT6_ISR
003f5a31   _CLA1_INT7_ISR
003f5a3c   _CLA1_INT8_ISR
003f5a47   _XINT3_ISR
003f5a52   _LVF_ISR
003f5a5d   _LUF_ISR
003f5a68   _EMPTY_ISR
003f5a75   _PIE_RESERVED
003f5a80   _rsvd_ISR
003f5a8b   _cpu_timer0_isr
003f5eef   _cpu_timer2_isr
003f5f83   _cpu_timer1_isr
003f654f   _SCI_RX_isr
003f6563   _GYRO_X_isr
003f6577   _adc_X_ISR
003f6590   _CLK_disableAdcClock
003f659d   _CLK_disableClaClock
003f65aa   _CLK_disableClkIn
003f65b6   _CLK_disableCompClock
003f65c2   _CLK_disableCpuTimerClock
003f65d1   _CLK_disableCrystalOsc
003f65dd   _CLK_disableEcanaClock
003f65ea   _CLK_disableEcap1Clock
003f65f7   _CLK_disableEqep1Clock
003f6604   _CLK_disableGpioInputClock
003f6611   _CLK_disableHrPwmClock
003f661e   _CLK_disableI2cClock
003f662b   _CLK_disableLinAClock
003f6638   _CLK_disableOsc1
003f6644   _CLK_disableOsc1HaltMode
003f6650   _CLK_disableOsc2
003f665c   _CLK_disableOsc2HaltMode
003f6668   _CLK_disablePwmClock
003f6679   _CLK_disableSciaClock
003f6686   _CLK_disableSpiaClock
003f6693   _CLK_disableSpibClock
003f669d   _CLK_disableTbClockSync
003f66aa   _CLK_disableWatchDogHaltMode
003f66b6   _CLK_enableAdcClock
003f66c3   _CLK_enableClaClock
003f66d0   _CLK_enableCompClock
003f66de   _CLK_enableCpuTimerClock
003f66ec   _CLK_enableCrystalOsc
003f66f8   _CLK_enableEcanaClock
003f6705   _CLK_enableEqep1Clock
003f6712   _CLK_enableEcap1Clock
003f671f   _CLK_enableClkIn
003f672b   _CLK_enableGpioInputClock
003f6738   _CLK_enableHrPwmClock
003f6745   _CLK_enableI2cClock
003f6752   _CLK_enableLinAClock
003f675f   _CLK_enableOsc1
003f676b   _CLK_enableOsc1HaltMode
003f6777   _CLK_enableOsc2
003f6783   _CLK_enableOsc2HaltMode
003f678f   _CLK_enablePwmClock
003f679f   _CLK_enableSciaClock
003f67ac   _CLK_enableSpiaClock
003f67b9   _CLK_enableSpibClock
003f67c6   _CLK_enableTbClockSync
003f67d3   _CLK_enableWatchDogHaltMode
003f67df   _CLK_init
003f67ee   _CLK_setClkOutPreScaler
003f67fe   _CLK_setLowSpdPreScaler
003f680c   _CLK_setOscSrc
003f681c   _CLK_setOsc2Src
003f682c   _CLK_setTimer2PreScale
003f683c   _CLK_setTimer2Src
003f684c   _CLK_setWatchDogSrc
003f685c   _GPIO_init
003f686b   _GPIO_setPullup
003f68a9   _GPIO_setDirection
003f68e7   _GPIO_setExtInt
003f68fa   _GPIO_read
003f692a   _GPIO_setHigh
003f694a   _GPIO_setLow
003f696a   _GPIO_setMode
003f69db   _GPIO_toggle
003f69fb   FS$$DIV
003f6a83   _cos
003f6ae4   _sin
003f6b3c   _c_int00
003f6b82   __args_main
003f6b9b   C$$EXIT
003f6b9b   _abort
003f6b9d   _exit
003f6bb4   __register_unlock
003f6bb8   __register_lock
003f6bbc   __nop
003f6bc5   ___etext__
003f6bc5   etext
003f6cc6   _PieVectTableInit
003f6dc6   ___cinit__
003f6dc6   cinit
003f7ff6   code_start
ffffffff   ___binit__
ffffffff   ___c_args__
ffffffff   ___pinit__
ffffffff   binit
ffffffff   pinit

[368 symbols]
