******************************************************************************
             TMS320C2000 Linker Unix v6.2.7                    
******************************************************************************
>> Linked Sun Mar  3 14:08:04 2019

OUTPUT FILE NAME:   <motorsBetaC2.out>
ENTRY POINT SYMBOL: "_c_int00"  address: 003f6b80


MEMORY CONFIGURATION

         name            origin    length      used     unused   attr    fill
----------------------  --------  ---------  --------  --------  ----  --------
PAGE 0:
  RAML0                 00008000   00000800  00000000  00000800  RWIX
  RAML1                 00008800   00000400  00000000  00000400  RWIX
  OTP                   003d7800   00000400  00000000  00000400  RWIX
  FLASHH                003d8000   00004000  00000000  00004000  RWIX
  FLASHG                003dc000   00004000  00000000  00004000  RWIX
  FLASHF                003e0000   00004000  00000000  00004000  RWIX
  FLASHE                003e4000   00004000  00000000  00004000  RWIX
  FLASHD                003e8000   00004000  00000000  00004000  RWIX
  FLASHC                003ec000   00004000  00000000  00004000  RWIX
  FLASHA                003f4000   00003f80  00003008  00000f78  RWIX
  CSM_RSVD              003f7f80   00000076  00000000  00000076  RWIX
  BEGIN                 003f7ff6   00000002  00000002  00000000  RWIX
  CSM_PWL_P0            003f7ff8   00000008  00000000  00000008  RWIX
  FPUTABLES             003fd860   000006a0  00000000  000006a0  RWIX
  IQTABLES              003fdf00   00000b50  00000000  00000b50  RWIX
  IQTABLES2             003fea50   0000008c  00000000  0000008c  RWIX
  IQTABLES3             003feadc   000000aa  00000000  000000aa  RWIX
  ROM                   003ff3b0   00000c10  00000000  00000c10  RWIX
  RESET                 003fffc0   00000002  00000000  00000002  RWIX
  VECTORS               003fffc2   0000003e  00000000  0000003e  RWIX

PAGE 1:
  BOOT_RSVD             00000000   00000050  00000000  00000050  RWIX
  RAMM0                 00000050   000003b0  00000300  000000b0  RWIX
  RAMM1                 00000400   00000400  00000000  00000400  RWIX
  RAML2                 00008c00   00000400  00000000  00000400  RWIX
  RAML3                 00009000   00001000  00000408  00000bf8  RWIX
  RAML4                 0000a000   00002000  00000000  00002000  RWIX
  RAML5                 0000c000   00002000  00000000  00002000  RWIX
  RAML6                 0000e000   00002000  00000000  00002000  RWIX
  RAML7                 00010000   00002000  00000000  00002000  RWIX
  RAML8                 00012000   00002000  00000000  00002000  RWIX
  USB_RAM               00040000   00000800  00000000  00000800  RWIX
  FLASHB                003f0000   00004000  00000000  00004000  RWIX


SECTION ALLOCATION MAP

 output                                  attributes/
section   page    origin      length       input sections
--------  ----  ----------  ----------   ----------------
.pinit     0    003f4000    00000000     UNINITIALIZED

ramfuncs   0    00008000    00000000     UNINITIALIZED

.text      0    003f4000    00002c2b     
                  003f4000    00001675     main.obj (.text)
                  003f5675    00000f5f     main.obj (.text:retain)
                  003f65d4    000002cc     clk.obj (.text)
                  003f68a0    0000019f     gpio.obj (.text)
                  003f6a3f    00000088     rts2800_fpu32.lib : fs_div.obj (.text)
                  003f6ac7    00000061                       : cos.obj (.text)
                  003f6b28    00000058                       : sin.obj (.text)
                  003f6b80    00000046                       : boot.obj (.text)
                  003f6bc6    00000022                       : i_div.obj (.text)
                  003f6be8    00000019                       : args_main.obj (.text)
                  003f6c01    00000019                       : exit.obj (.text)
                  003f6c1a    00000009                       : _lock.obj (.text)
                  003f6c23    00000008     F2806x_CodeStartBranch.obj (.text)

.econst    0    003f6c2c    00000200     
                  003f6c2c    00000100     main.obj (.econst:.string:_CRC_TABLE)
                  003f6d2c    00000100     main.obj (.econst)

.cinit     0    003f6e2c    000001bd     
                  003f6e2c    000001a7     main.obj (.cinit)
                  003f6fd3    0000000a     rts2800_fpu32.lib : _lock.obj (.cinit)
                  003f6fdd    0000000a                       : exit.obj (.cinit)
                  003f6fe7    00000002     --HOLE-- [fill = 0]

.switch    0    003f6fea    00000020     
                  003f6fea    00000020     main.obj (.switch:_adcRead)

codestart 
*          0    003f7ff6    00000002     
                  003f7ff6    00000002     F2806x_CodeStartBranch.obj (codestart)

.reset     0    003fffc0    00000002     DSECT
                  003fffc0    00000002     rts2800_fpu32.lib : boot.obj (.reset)

vectors    0    003fffc2    00000000     DSECT

.stack     1    00000050    00000300     UNINITIALIZED
                  00000050    00000300     --HOLE--

.ebss      1    00009000    00000408     UNINITIALIZED
                  00009000    00000400     main.obj (.ebss)
                  00009400    00000004     rts2800_fpu32.lib : _lock.obj (.ebss)
                  00009404    00000004                       : exit.obj (.ebss)


GLOBAL DATA SYMBOLS: SORTED BY DATA PAGE

address     data page           name
--------    ----------------    ----
00000050       1 (00000040)     __stack

00009000     240 (00009000)     _SAAD_ST
00009001     240 (00009000)     _saadTestsPs
00009002     240 (00009000)     _SAAD_TEST_RES_BITS
00009003     240 (00009000)     _SAAD_TESTS_BITS
00009004     240 (00009000)     _SAAD_TEST_RES
00009005     240 (00009000)     _POSITION_BITS
00009006     240 (00009000)     _COMMAND_BYTE_BITS
00009007     240 (00009000)     _VELOCITY
00009008     240 (00009000)     _COMMAND_BYTE
00009009     240 (00009000)     _CTRLSUM_BITS
0000900a     240 (00009000)     _CTRLSUM
0000900b     240 (00009000)     _DATA
0000900c     240 (00009000)     _POSITION
0000900d     240 (00009000)     _DATA_BITS
0000900e     240 (00009000)     _VELOCITY_BITS
0000900f     240 (00009000)     _apsR
00009010     240 (00009000)     _lockDevEn
00009011     240 (00009000)     _sendDubSCI
00009012     240 (00009000)     _apsL
00009013     240 (00009000)     _sendSCI
00009014     240 (00009000)     _lockDevStepCount
00009015     240 (00009000)     _angArrCnt
00009016     240 (00009000)     _mode
00009017     240 (00009000)     _moveMode
00009018     240 (00009000)     _lockDevSend
00009019     240 (00009000)     _counter
0000901a     240 (00009000)     _sciFramePart
0000901b     240 (00009000)     _xData
0000901c     240 (00009000)     _delay
0000901d     240 (00009000)     _yData
0000901e     240 (00009000)     _setSci
0000901f     240 (00009000)     _testSciSend
00009020     240 (00009000)     _sciSendCnt
00009021     240 (00009000)     _saadTests
00009022     240 (00009000)     _SAAD_CTRL
00009023     240 (00009000)     _SAAD_CTRL_BITS
00009024     240 (00009000)     _sciCounter
00009025     240 (00009000)     _SAAD_ST_BITS
00009026     240 (00009000)     _alpha1
00009028     240 (00009000)     _alpha
0000902a     240 (00009000)     _speed
0000902c     240 (00009000)     _vel
0000902e     240 (00009000)     _acel
00009030     240 (00009000)     _SAAD_CTRL_ALL
00009032     240 (00009000)     _adcRegs
00009034     240 (00009000)     _adcResRegs
00009036     240 (00009000)     _mcbspData
00009038     240 (00009000)     _START_BIT_BITS
0000903a     240 (00009000)     _sysCtrlRegs
0000903c     240 (00009000)     _velCoef
0000903e     240 (00009000)     _time

00009040     241 (00009040)     _i
00009042     241 (00009040)     _j
00009044     241 (00009040)     _mode1cnt
00009046     241 (00009040)     _mode3cnt
00009048     241 (00009040)     _clkS
0000904a     241 (00009040)     _dt
0000904c     241 (00009040)     _timeUp
0000904e     241 (00009040)     _jj
00009050     241 (00009040)     _timer0cnt
00009052     241 (00009040)     _spiaRegs
00009054     241 (00009040)     _spiData
00009056     241 (00009040)     _CpuTimer2Regs
00009058     241 (00009040)     _xIntruptRegs
0000905a     241 (00009040)     _interrupSVectTable
0000905c     241 (00009040)     _CpuTimer1Regs
0000905e     241 (00009040)     _CpuTimer0Regs
00009060     241 (00009040)     _interrupS
00009062     241 (00009040)     _tempData1
00009064     241 (00009040)     _START_BIT
00009066     241 (00009040)     _mcbspRegs
00009068     241 (00009040)     _gpioS
0000906a     241 (00009040)     _sciaRegs
0000906c     241 (00009040)     _tempData2
0000906e     241 (00009040)     _flashRegs
00009070     241 (00009040)     _timer1cnt
00009072     241 (00009040)     _refD
00009076     241 (00009040)     _refQ
0000907a     241 (00009040)     _iTot

00009080     242 (00009080)     _pwmValues
00009084     242 (00009080)     _dq
0000908c     242 (00009080)     _alBe
00009094     242 (00009080)     _alBeI
0000909c     242 (00009080)     _dqP
000090a4     242 (00009080)     _saadFrameResive
000090ac     242 (00009080)     _saadFrameSend
000090b4     242 (00009080)     _angArr

000090c0     243 (000090c0)     _pwmHandle
000090cc     243 (000090c0)     _pwmRegS
000090d8     243 (000090c0)     _abcI
000090e4     243 (000090c0)     _abc

00009100     244 (00009100)     _adcRes

00009140     245 (00009140)     _motor1

00009180     246 (00009180)     _motor0

000091c0     247 (000091c0)     _spiModule

00009200     248 (00009200)     _pidVel

00009280     24a (00009280)     _pidD

00009300     24c (00009300)     _pidQ

00009380     24e (00009380)     _AMCconfArr

00009400     250 (00009400)     __unlock
00009402     250 (00009400)     __lock
00009404     250 (00009400)     ___TI_cleanup_ptr
00009406     250 (00009400)     ___TI_dtors_ptr

003f6d2c    fdb4 (003f6d00)     _PieVectTableInit


GLOBAL SYMBOLS: SORTED ALPHABETICALLY BY Name 

address    name
--------   ----
003f4000   .text
003f6c01   C$$EXIT
003f6a3f   FS$$DIV
003f6bc6   I$$DIV
003f6bd7   I$$MOD
003f5746   _ADCINT1_ISR
003f5751   _ADCINT2_ISR
003f598d   _ADCINT3_ISR
003f5998   _ADCINT4_ISR
003f59a3   _ADCINT5_ISR
003f59ae   _ADCINT6_ISR
003f59b9   _ADCINT7_ISR
003f59c4   _ADCINT8_ISR
003f5772   _ADCINT9_ISR
003f45ec   _ADC_config
003f49cb   _AMCconf
00009380   _AMCconfArr
003f59cf   _CLA1_INT1_ISR
003f59da   _CLA1_INT2_ISR
003f59e5   _CLA1_INT3_ISR
003f59f0   _CLA1_INT4_ISR
003f59fb   _CLA1_INT5_ISR
003f5a06   _CLA1_INT6_ISR
003f5a11   _CLA1_INT7_ISR
003f5a1c   _CLA1_INT8_ISR
003f65d4   _CLK_disableAdcClock
003f65e1   _CLK_disableClaClock
003f65ee   _CLK_disableClkIn
003f65fa   _CLK_disableCompClock
003f6606   _CLK_disableCpuTimerClock
003f6615   _CLK_disableCrystalOsc
003f6621   _CLK_disableEcanaClock
003f662e   _CLK_disableEcap1Clock
003f663b   _CLK_disableEqep1Clock
003f6648   _CLK_disableGpioInputClock
003f6655   _CLK_disableHrPwmClock
003f6662   _CLK_disableI2cClock
003f666f   _CLK_disableLinAClock
003f667c   _CLK_disableOsc1
003f6688   _CLK_disableOsc1HaltMode
003f6694   _CLK_disableOsc2
003f66a0   _CLK_disableOsc2HaltMode
003f66ac   _CLK_disablePwmClock
003f66bd   _CLK_disableSciaClock
003f66ca   _CLK_disableSpiaClock
003f66d7   _CLK_disableSpibClock
003f66e1   _CLK_disableTbClockSync
003f66ee   _CLK_disableWatchDogHaltMode
003f66fa   _CLK_enableAdcClock
003f6707   _CLK_enableClaClock
003f6763   _CLK_enableClkIn
003f6714   _CLK_enableCompClock
003f6722   _CLK_enableCpuTimerClock
003f6730   _CLK_enableCrystalOsc
003f673c   _CLK_enableEcanaClock
003f6756   _CLK_enableEcap1Clock
003f6749   _CLK_enableEqep1Clock
003f676f   _CLK_enableGpioInputClock
003f677c   _CLK_enableHrPwmClock
003f6789   _CLK_enableI2cClock
003f6796   _CLK_enableLinAClock
003f67a3   _CLK_enableOsc1
003f67af   _CLK_enableOsc1HaltMode
003f67bb   _CLK_enableOsc2
003f67c7   _CLK_enableOsc2HaltMode
003f67d3   _CLK_enablePwmClock
003f67e3   _CLK_enableSciaClock
003f67f0   _CLK_enableSpiaClock
003f67fd   _CLK_enableSpibClock
003f680a   _CLK_enableTbClockSync
003f6817   _CLK_enableWatchDogHaltMode
003f6823   _CLK_init
003f6832   _CLK_setClkOutPreScaler
003f6842   _CLK_setLowSpdPreScaler
003f6860   _CLK_setOsc2Src
003f6850   _CLK_setOscSrc
003f6870   _CLK_setTimer2PreScale
003f6880   _CLK_setTimer2Src
003f6890   _CLK_setWatchDogSrc
00009008   _COMMAND_BYTE
00009006   _COMMAND_BYTE_BITS
0000900a   _CTRLSUM
00009009   _CTRLSUM_BITS
003f4c13   _ConfigCpuTimer0
003f4c39   _ConfigCpuTimer1
003f4c5e   _ConfigCpuTimer2
0000905e   _CpuTimer0Regs
0000905c   _CpuTimer1Regs
00009056   _CpuTimer2Regs
0000900b   _DATA
003f568b   _DATALOG_ISR
0000900d   _DATA_BITS
003f58f3   _DINTCH1_ISR
003f58fe   _DINTCH2_ISR
003f5909   _DINTCH3_ISR
003f5914   _DINTCH4_ISR
003f591f   _DINTCH5_ISR
003f592a   _DINTCH6_ISR
003f446f   _DisableDog
003f5977   _ECAN0INTA_ISR
003f5982   _ECAN1INTA_ISR
003f5843   _ECAP1_INT_ISR
003f584e   _ECAP2_INT_ISR
003f5859   _ECAP3_INT_ISR
003f5a48   _EMPTY_ISR
003f56a1   _EMUINT_ISR
003f57eb   _EPWM1_INT_ISR
003f5793   _EPWM1_TZINT_ISR
003f57f6   _EPWM2_INT_ISR
003f579e   _EPWM2_TZINT_ISR
003f5801   _EPWM3_INT_ISR
003f57a9   _EPWM3_TZINT_ISR
003f580c   _EPWM4_INT_ISR
003f57b4   _EPWM4_TZINT_ISR
003f5817   _EPWM5_INT_ISR
003f57bf   _EPWM5_TZINT_ISR
003f5822   _EPWM6_INT_ISR
003f57ca   _EPWM6_TZINT_ISR
003f582d   _EPWM7_INT_ISR
003f57d5   _EPWM7_TZINT_ISR
003f5838   _EPWM8_INT_ISR
003f57e0   _EPWM8_TZINT_ISR
003f587a   _EQEP1_INT_ISR
003f5885   _EQEP2_INT_ISR
003f68a0   _GPIO_init
003f693e   _GPIO_read
003f68ed   _GPIO_setDirection
003f692b   _GPIO_setExtInt
003f696e   _GPIO_setHigh
003f698e   _GPIO_setLow
003f69ae   _GPIO_setMode
003f68af   _GPIO_setPullup
003f6a1f   _GPIO_toggle
003f65a7   _GYRO_X_isr
003f5864   _HRCAP1_INT_ISR
003f586f   _HRCAP2_INT_ISR
003f5890   _HRCAP3_INT_ISR
003f589b   _HRCAP4_INT_ISR
003f5935   _I2CINT1A_ISR
003f5940   _I2CINT2A_ISR
003f56b7   _ILLEGAL_ISR
003f5675   _INT13_ISR
003f5680   _INT14_ISR
003f4479   _InitPll
003f5a3d   _LUF_ISR
003f5a32   _LVF_ISR
003f58dd   _MRINTA_ISR
003f58e8   _MXINTA_ISR
003f56ac   _NMI_ISR
003f5a55   _PIE_RESERVED
0000900c   _POSITION
00009005   _POSITION_BITS
003f6d2c   _PieVectTableInit
003f5696   _RTOSINT_ISR
00008000   _RamfuncsLoadEnd
00000000   _RamfuncsLoadSize
00008000   _RamfuncsLoadStart
00008000   _RamfuncsRunStart
00009022   _SAAD_CTRL
00009030   _SAAD_CTRL_ALL
00009023   _SAAD_CTRL_BITS
00009000   _SAAD_ST
00009025   _SAAD_ST_BITS
00009003   _SAAD_TESTS_BITS
00009004   _SAAD_TEST_RES
00009002   _SAAD_TEST_RES_BITS
003f594b   _SCIRXINTA_ISR
003f5961   _SCIRXINTB_ISR
003f5956   _SCITXINTA_ISR
003f596c   _SCITXINTB_ISR
003f6593   _SCI_RX_isr
003f58b1   _SPIRXINTA_ISR
003f58c7   _SPIRXINTB_ISR
003f58bc   _SPITXINTA_ISR
003f58d2   _SPITXINTB_ISR
003f5553   _SPI_RX_isr
00009064   _START_BIT
00009038   _START_BIT_BITS
003f4461   _ServiceDog
003f577d   _TINT0_ISR
003f58a6   _USB0_INT_ISR
003f5725   _USER10_ISR
003f5730   _USER11_ISR
003f573b   _USER12_ISR
003f56c2   _USER1_ISR
003f56cd   _USER2_ISR
003f56d8   _USER3_ISR
003f56e3   _USER4_ISR
003f56ee   _USER5_ISR
003f56f9   _USER6_ISR
003f5704   _USER7_ISR
003f570f   _USER8_ISR
003f571a   _USER9_ISR
00009007   _VELOCITY
0000900e   _VELOCITY_BITS
003f5788   _WAKEINT_ISR
003f575c   _XINT1_ISR
003f5767   _XINT2_ISR
003f5a27   _XINT3_ISR
00000350   __STACK_END
00000300   __STACK_SIZE
00000001   __TI_args_main
00009404   ___TI_cleanup_ptr
00009406   ___TI_dtors_ptr
ffffffff   ___binit__
ffffffff   ___c_args__
003f6e2c   ___cinit__
003f6c2b   ___etext__
ffffffff   ___pinit__
003f4000   ___text__
003f6be8   __args_main
00009402   __lock
003f6c22   __nop
003f6c1e   __register_lock
003f6c1a   __register_unlock
00000050   __stack
00009400   __unlock
000090e4   _abc
000090d8   _abcI
003f6c01   _abort
0000902e   _acel
003f45e3   _adcInit
003f4768   _adcRead
00009032   _adcRegs
00009100   _adcRes
00009034   _adcResRegs
003f65bb   _adc_X_ISR
0000908c   _alBe
00009094   _alBeI
00009028   _alpha
00009026   _alpha1
003f51e4   _alphaF
000090b4   _angArr
00009015   _angArrCnt
00009012   _apsL
0000900f   _apsR
003f6b80   _c_int00
003f4e9e   _calcPWM
003f563a   _calcSpeed
003f4fe5   _clarke
003f508f   _clarkeInv
003f47e4   _clkInit
00009048   _clkS
003f48ca   _clkg_delay_loop
003f6ac7   _cos
00009019   _counter
003f5a6b   _cpu_timer0_isr
003f5fae   _cpu_timer1_isr
003f5eb5   _cpu_timer2_isr
003f4e7e   _crc8DATA
003f4e3e   _crc8POS
003f4e5e   _crc8VEL
0000901c   _delay
003f48b2   _delay_loop
003f4dfa   _disablePWM
00009084   _dq
0000909c   _dqP
0000904a   _dt
003f6c03   _exit
003f4413   _flashInit
0000906e   _flashRegs
003f4419   _flashSetup
003f4e30   _getMaxPWMVal
003f41ca   _gpioInit
00009068   _gpioS
003f4a95   _gyroVerifyL2G2IS
00009040   _i
0000907a   _iTot
00009060   _interrupS
003f4bc8   _interrupSDefVectTableInit
0000905a   _interrupSVectTable
003f4ba8   _interrupsCpuSetup
003f4b53   _interrupsCtrlInit
003f4b47   _interrupsInit
003f4b9d   _interruptSEnable
00009042   _j
0000904e   _jj
00009010   _lockDevEn
00009018   _lockDevSend
003f55ad   _lockDevStart
00009014   _lockDevStepCount
003f52fb   _main
003f513e   _makeTest
003f49c7   _mcbspAddr
00009036   _mcbspData
00009066   _mcbspRegs
003f492f   _mcbspSetupSpi
003f49a3   _mcbsp_read
003f4986   _mcbsp_write
003f48e2   _mcbspaInit
003f48e8   _mcbspaSetup
00009016   _mode
00009044   _mode1cnt
00009046   _mode3cnt
00009180   _motor0
00009140   _motor1
00009017   _moveMode
003f5019   _park
003f5054   _parkInv
003f4f18   _pidCalc
00009280   _pidD
00009300   _pidQ
00009200   _pidVel
003f4f19   _pid_reg3_calc
000090c0   _pwmHandle
000090cc   _pwmRegS
003f4c83   _pwmSInit
003f4c98   _pwmSetupWTest
00009080   _pwmValues
00009072   _refD
00009076   _refQ
003f5a60   _rsvd_ISR
000090a4   _saadFrameResive
000090ac   _saadFrameSend
00009021   _saadTests
00009001   _saadTestsPs
00009024   _sciCounter
0000901a   _sciFramePart
00009020   _sciSendCnt
003f4afd   _sciaInit
003f4b38   _sciaRead
0000906a   _sciaRegs
003f4b03   _sciaSetup
003f4b3d   _sciaWrite
00009011   _sendDubSCI
00009013   _sendSCI
003f45c5   _setExtOsc
003f457a   _setIntOsc1
003f458f   _setIntOsc2
003f4dd8   _setPWMValues
003f4e0f   _setPWMValuesArr
0000901e   _setSci
003f44d8   _setUpPeripheralClocks
003f45aa   _setXTALOsc
003f47ed   _setupClks
003f41d3   _setupGPIOs
003f4404   _setupGPIOsInterrupt
003f481e   _setupPeripheralClks
003f6b28   _sin
0000902a   _speed
00009054   _spiData
003f4a87   _spiDisableFF
003f4ae8   _spiGyroConfL2G2IS
003f4abb   _spiGyroConfMAX
003f4a72   _spiInit
000091c0   _spiModule
003f4a78   _spiSetupFF
00009052   _spiaRegs
003f4f11   _stopMotor
0000903a   _sysCtrlRegs
003f443d   _systemInit
003f4443   _systemSetup
00009062   _tempData1
0000906c   _tempData2
0000901f   _testSciSend
0000903e   _time
0000904c   _timeUp
00009050   _timer0cnt
00009070   _timer1cnt
003f4bf5   _timerInit
003f4c01   _timerSConfig
003f41b9   _usDelay
0000902c   _vel
0000903c   _velCoef
0000901b   _xData
00009058   _xIntruptRegs
0000901d   _yData
ffffffff   binit
003f6e2c   cinit
003f7ff6   code_start
003f6c2b   etext
ffffffff   pinit


GLOBAL SYMBOLS: SORTED BY Symbol Address 

address    name
--------   ----
00000000   _RamfuncsLoadSize
00000001   __TI_args_main
00000050   __stack
00000300   __STACK_SIZE
00000350   __STACK_END
00008000   _RamfuncsLoadEnd
00008000   _RamfuncsLoadStart
00008000   _RamfuncsRunStart
00009000   _SAAD_ST
00009001   _saadTestsPs
00009002   _SAAD_TEST_RES_BITS
00009003   _SAAD_TESTS_BITS
00009004   _SAAD_TEST_RES
00009005   _POSITION_BITS
00009006   _COMMAND_BYTE_BITS
00009007   _VELOCITY
00009008   _COMMAND_BYTE
00009009   _CTRLSUM_BITS
0000900a   _CTRLSUM
0000900b   _DATA
0000900c   _POSITION
0000900d   _DATA_BITS
0000900e   _VELOCITY_BITS
0000900f   _apsR
00009010   _lockDevEn
00009011   _sendDubSCI
00009012   _apsL
00009013   _sendSCI
00009014   _lockDevStepCount
00009015   _angArrCnt
00009016   _mode
00009017   _moveMode
00009018   _lockDevSend
00009019   _counter
0000901a   _sciFramePart
0000901b   _xData
0000901c   _delay
0000901d   _yData
0000901e   _setSci
0000901f   _testSciSend
00009020   _sciSendCnt
00009021   _saadTests
00009022   _SAAD_CTRL
00009023   _SAAD_CTRL_BITS
00009024   _sciCounter
00009025   _SAAD_ST_BITS
00009026   _alpha1
00009028   _alpha
0000902a   _speed
0000902c   _vel
0000902e   _acel
00009030   _SAAD_CTRL_ALL
00009032   _adcRegs
00009034   _adcResRegs
00009036   _mcbspData
00009038   _START_BIT_BITS
0000903a   _sysCtrlRegs
0000903c   _velCoef
0000903e   _time
00009040   _i
00009042   _j
00009044   _mode1cnt
00009046   _mode3cnt
00009048   _clkS
0000904a   _dt
0000904c   _timeUp
0000904e   _jj
00009050   _timer0cnt
00009052   _spiaRegs
00009054   _spiData
00009056   _CpuTimer2Regs
00009058   _xIntruptRegs
0000905a   _interrupSVectTable
0000905c   _CpuTimer1Regs
0000905e   _CpuTimer0Regs
00009060   _interrupS
00009062   _tempData1
00009064   _START_BIT
00009066   _mcbspRegs
00009068   _gpioS
0000906a   _sciaRegs
0000906c   _tempData2
0000906e   _flashRegs
00009070   _timer1cnt
00009072   _refD
00009076   _refQ
0000907a   _iTot
00009080   _pwmValues
00009084   _dq
0000908c   _alBe
00009094   _alBeI
0000909c   _dqP
000090a4   _saadFrameResive
000090ac   _saadFrameSend
000090b4   _angArr
000090c0   _pwmHandle
000090cc   _pwmRegS
000090d8   _abcI
000090e4   _abc
00009100   _adcRes
00009140   _motor1
00009180   _motor0
000091c0   _spiModule
00009200   _pidVel
00009280   _pidD
00009300   _pidQ
00009380   _AMCconfArr
00009400   __unlock
00009402   __lock
00009404   ___TI_cleanup_ptr
00009406   ___TI_dtors_ptr
003f4000   .text
003f4000   ___text__
003f41b9   _usDelay
003f41ca   _gpioInit
003f41d3   _setupGPIOs
003f4404   _setupGPIOsInterrupt
003f4413   _flashInit
003f4419   _flashSetup
003f443d   _systemInit
003f4443   _systemSetup
003f4461   _ServiceDog
003f446f   _DisableDog
003f4479   _InitPll
003f44d8   _setUpPeripheralClocks
003f457a   _setIntOsc1
003f458f   _setIntOsc2
003f45aa   _setXTALOsc
003f45c5   _setExtOsc
003f45e3   _adcInit
003f45ec   _ADC_config
003f4768   _adcRead
003f47e4   _clkInit
003f47ed   _setupClks
003f481e   _setupPeripheralClks
003f48b2   _delay_loop
003f48ca   _clkg_delay_loop
003f48e2   _mcbspaInit
003f48e8   _mcbspaSetup
003f492f   _mcbspSetupSpi
003f4986   _mcbsp_write
003f49a3   _mcbsp_read
003f49c7   _mcbspAddr
003f49cb   _AMCconf
003f4a72   _spiInit
003f4a78   _spiSetupFF
003f4a87   _spiDisableFF
003f4a95   _gyroVerifyL2G2IS
003f4abb   _spiGyroConfMAX
003f4ae8   _spiGyroConfL2G2IS
003f4afd   _sciaInit
003f4b03   _sciaSetup
003f4b38   _sciaRead
003f4b3d   _sciaWrite
003f4b47   _interrupsInit
003f4b53   _interrupsCtrlInit
003f4b9d   _interruptSEnable
003f4ba8   _interrupsCpuSetup
003f4bc8   _interrupSDefVectTableInit
003f4bf5   _timerInit
003f4c01   _timerSConfig
003f4c13   _ConfigCpuTimer0
003f4c39   _ConfigCpuTimer1
003f4c5e   _ConfigCpuTimer2
003f4c83   _pwmSInit
003f4c98   _pwmSetupWTest
003f4dd8   _setPWMValues
003f4dfa   _disablePWM
003f4e0f   _setPWMValuesArr
003f4e30   _getMaxPWMVal
003f4e3e   _crc8POS
003f4e5e   _crc8VEL
003f4e7e   _crc8DATA
003f4e9e   _calcPWM
003f4f11   _stopMotor
003f4f18   _pidCalc
003f4f19   _pid_reg3_calc
003f4fe5   _clarke
003f5019   _park
003f5054   _parkInv
003f508f   _clarkeInv
003f513e   _makeTest
003f51e4   _alphaF
003f52fb   _main
003f5553   _SPI_RX_isr
003f55ad   _lockDevStart
003f563a   _calcSpeed
003f5675   _INT13_ISR
003f5680   _INT14_ISR
003f568b   _DATALOG_ISR
003f5696   _RTOSINT_ISR
003f56a1   _EMUINT_ISR
003f56ac   _NMI_ISR
003f56b7   _ILLEGAL_ISR
003f56c2   _USER1_ISR
003f56cd   _USER2_ISR
003f56d8   _USER3_ISR
003f56e3   _USER4_ISR
003f56ee   _USER5_ISR
003f56f9   _USER6_ISR
003f5704   _USER7_ISR
003f570f   _USER8_ISR
003f571a   _USER9_ISR
003f5725   _USER10_ISR
003f5730   _USER11_ISR
003f573b   _USER12_ISR
003f5746   _ADCINT1_ISR
003f5751   _ADCINT2_ISR
003f575c   _XINT1_ISR
003f5767   _XINT2_ISR
003f5772   _ADCINT9_ISR
003f577d   _TINT0_ISR
003f5788   _WAKEINT_ISR
003f5793   _EPWM1_TZINT_ISR
003f579e   _EPWM2_TZINT_ISR
003f57a9   _EPWM3_TZINT_ISR
003f57b4   _EPWM4_TZINT_ISR
003f57bf   _EPWM5_TZINT_ISR
003f57ca   _EPWM6_TZINT_ISR
003f57d5   _EPWM7_TZINT_ISR
003f57e0   _EPWM8_TZINT_ISR
003f57eb   _EPWM1_INT_ISR
003f57f6   _EPWM2_INT_ISR
003f5801   _EPWM3_INT_ISR
003f580c   _EPWM4_INT_ISR
003f5817   _EPWM5_INT_ISR
003f5822   _EPWM6_INT_ISR
003f582d   _EPWM7_INT_ISR
003f5838   _EPWM8_INT_ISR
003f5843   _ECAP1_INT_ISR
003f584e   _ECAP2_INT_ISR
003f5859   _ECAP3_INT_ISR
003f5864   _HRCAP1_INT_ISR
003f586f   _HRCAP2_INT_ISR
003f587a   _EQEP1_INT_ISR
003f5885   _EQEP2_INT_ISR
003f5890   _HRCAP3_INT_ISR
003f589b   _HRCAP4_INT_ISR
003f58a6   _USB0_INT_ISR
003f58b1   _SPIRXINTA_ISR
003f58bc   _SPITXINTA_ISR
003f58c7   _SPIRXINTB_ISR
003f58d2   _SPITXINTB_ISR
003f58dd   _MRINTA_ISR
003f58e8   _MXINTA_ISR
003f58f3   _DINTCH1_ISR
003f58fe   _DINTCH2_ISR
003f5909   _DINTCH3_ISR
003f5914   _DINTCH4_ISR
003f591f   _DINTCH5_ISR
003f592a   _DINTCH6_ISR
003f5935   _I2CINT1A_ISR
003f5940   _I2CINT2A_ISR
003f594b   _SCIRXINTA_ISR
003f5956   _SCITXINTA_ISR
003f5961   _SCIRXINTB_ISR
003f596c   _SCITXINTB_ISR
003f5977   _ECAN0INTA_ISR
003f5982   _ECAN1INTA_ISR
003f598d   _ADCINT3_ISR
003f5998   _ADCINT4_ISR
003f59a3   _ADCINT5_ISR
003f59ae   _ADCINT6_ISR
003f59b9   _ADCINT7_ISR
003f59c4   _ADCINT8_ISR
003f59cf   _CLA1_INT1_ISR
003f59da   _CLA1_INT2_ISR
003f59e5   _CLA1_INT3_ISR
003f59f0   _CLA1_INT4_ISR
003f59fb   _CLA1_INT5_ISR
003f5a06   _CLA1_INT6_ISR
003f5a11   _CLA1_INT7_ISR
003f5a1c   _CLA1_INT8_ISR
003f5a27   _XINT3_ISR
003f5a32   _LVF_ISR
003f5a3d   _LUF_ISR
003f5a48   _EMPTY_ISR
003f5a55   _PIE_RESERVED
003f5a60   _rsvd_ISR
003f5a6b   _cpu_timer0_isr
003f5eb5   _cpu_timer2_isr
003f5fae   _cpu_timer1_isr
003f6593   _SCI_RX_isr
003f65a7   _GYRO_X_isr
003f65bb   _adc_X_ISR
003f65d4   _CLK_disableAdcClock
003f65e1   _CLK_disableClaClock
003f65ee   _CLK_disableClkIn
003f65fa   _CLK_disableCompClock
003f6606   _CLK_disableCpuTimerClock
003f6615   _CLK_disableCrystalOsc
003f6621   _CLK_disableEcanaClock
003f662e   _CLK_disableEcap1Clock
003f663b   _CLK_disableEqep1Clock
003f6648   _CLK_disableGpioInputClock
003f6655   _CLK_disableHrPwmClock
003f6662   _CLK_disableI2cClock
003f666f   _CLK_disableLinAClock
003f667c   _CLK_disableOsc1
003f6688   _CLK_disableOsc1HaltMode
003f6694   _CLK_disableOsc2
003f66a0   _CLK_disableOsc2HaltMode
003f66ac   _CLK_disablePwmClock
003f66bd   _CLK_disableSciaClock
003f66ca   _CLK_disableSpiaClock
003f66d7   _CLK_disableSpibClock
003f66e1   _CLK_disableTbClockSync
003f66ee   _CLK_disableWatchDogHaltMode
003f66fa   _CLK_enableAdcClock
003f6707   _CLK_enableClaClock
003f6714   _CLK_enableCompClock
003f6722   _CLK_enableCpuTimerClock
003f6730   _CLK_enableCrystalOsc
003f673c   _CLK_enableEcanaClock
003f6749   _CLK_enableEqep1Clock
003f6756   _CLK_enableEcap1Clock
003f6763   _CLK_enableClkIn
003f676f   _CLK_enableGpioInputClock
003f677c   _CLK_enableHrPwmClock
003f6789   _CLK_enableI2cClock
003f6796   _CLK_enableLinAClock
003f67a3   _CLK_enableOsc1
003f67af   _CLK_enableOsc1HaltMode
003f67bb   _CLK_enableOsc2
003f67c7   _CLK_enableOsc2HaltMode
003f67d3   _CLK_enablePwmClock
003f67e3   _CLK_enableSciaClock
003f67f0   _CLK_enableSpiaClock
003f67fd   _CLK_enableSpibClock
003f680a   _CLK_enableTbClockSync
003f6817   _CLK_enableWatchDogHaltMode
003f6823   _CLK_init
003f6832   _CLK_setClkOutPreScaler
003f6842   _CLK_setLowSpdPreScaler
003f6850   _CLK_setOscSrc
003f6860   _CLK_setOsc2Src
003f6870   _CLK_setTimer2PreScale
003f6880   _CLK_setTimer2Src
003f6890   _CLK_setWatchDogSrc
003f68a0   _GPIO_init
003f68af   _GPIO_setPullup
003f68ed   _GPIO_setDirection
003f692b   _GPIO_setExtInt
003f693e   _GPIO_read
003f696e   _GPIO_setHigh
003f698e   _GPIO_setLow
003f69ae   _GPIO_setMode
003f6a1f   _GPIO_toggle
003f6a3f   FS$$DIV
003f6ac7   _cos
003f6b28   _sin
003f6b80   _c_int00
003f6bc6   I$$DIV
003f6bd7   I$$MOD
003f6be8   __args_main
003f6c01   C$$EXIT
003f6c01   _abort
003f6c03   _exit
003f6c1a   __register_unlock
003f6c1e   __register_lock
003f6c22   __nop
003f6c2b   ___etext__
003f6c2b   etext
003f6d2c   _PieVectTableInit
003f6e2c   ___cinit__
003f6e2c   cinit
003f7ff6   code_start
ffffffff   ___binit__
ffffffff   ___c_args__
ffffffff   ___pinit__
ffffffff   binit
ffffffff   pinit

[372 symbols]
