******************************************************************************
             TMS320C2000 Linker PC v6.2.7                      
******************************************************************************
>> Linked Mon Mar 27 10:23:03 2017

OUTPUT FILE NAME:   <motors.out>
ENTRY POINT SYMBOL: "_c_int00"  address: 003f6ac3


MEMORY CONFIGURATION

         name            origin    length      used     unused   attr    fill
----------------------  --------  ---------  --------  --------  ----  --------
PAGE 0:
  RAML0                 00008000   00000800  00000000  00000800  RWIX
  RAML1                 00008800   00000400  00000000  00000400  RWIX
  OTP                   003d7800   00000400  00000000  00000400  RWIX
  FLASHH                003d8000   00004000  00000000  00004000  RWIX
  FLASHG                003dc000   00004000  00000000  00004000  RWIX
  FLASHF                003e0000   00004000  00000000  00004000  RWIX
  FLASHE                003e4000   00004000  00000000  00004000  RWIX
  FLASHD                003e8000   00004000  00000000  00004000  RWIX
  FLASHC                003ec000   00004000  00000000  00004000  RWIX
  FLASHA                003f4000   00003f80  00002f24  0000105c  RWIX
  CSM_RSVD              003f7f80   00000076  00000000  00000076  RWIX
  BEGIN                 003f7ff6   00000002  00000002  00000000  RWIX
  CSM_PWL_P0            003f7ff8   00000008  00000000  00000008  RWIX
  FPUTABLES             003fd860   000006a0  00000000  000006a0  RWIX
  IQTABLES              003fdf00   00000b50  00000000  00000b50  RWIX
  IQTABLES2             003fea50   0000008c  00000000  0000008c  RWIX
  IQTABLES3             003feadc   000000aa  00000000  000000aa  RWIX
  ROM                   003ff3b0   00000c10  00000000  00000c10  RWIX
  RESET                 003fffc0   00000002  00000000  00000002  RWIX
  VECTORS               003fffc2   0000003e  00000000  0000003e  RWIX

PAGE 1:
  BOOT_RSVD             00000000   00000050  00000000  00000050  RWIX
  RAMM0                 00000050   000003b0  00000300  000000b0  RWIX
  RAMM1                 00000400   00000400  00000000  00000400  RWIX
  RAML2                 00008c00   00000400  00000000  00000400  RWIX
  RAML3                 00009000   00001000  00000408  00000bf8  RWIX
  RAML4                 0000a000   00002000  00000000  00002000  RWIX
  RAML5                 0000c000   00002000  00000000  00002000  RWIX
  RAML6                 0000e000   00002000  00000000  00002000  RWIX
  RAML7                 00010000   00002000  00000000  00002000  RWIX
  RAML8                 00012000   00002000  00000000  00002000  RWIX
  USB_RAM               00040000   00000800  00000000  00000800  RWIX
  FLASHB                003f0000   00004000  00000000  00004000  RWIX


SECTION ALLOCATION MAP

 output                                  attributes/
section   page    origin      length       input sections
--------  ----  ----------  ----------   ----------------
.pinit     0    003f4000    00000000     UNINITIALIZED

ramfuncs   0    00008000    00000000     UNINITIALIZED

.text      0    003f4000    00002b4c     
                  003f4000    00001771     main.obj (.text)
                  003f5771    00000dbd     main.obj (.text:retain)
                  003f652e    000002ca     clk.obj (.text)
                  003f67f8    0000018a     gpio.obj (.text)
                  003f6982    00000088     rts2800_fpu32.lib : fs_div.obj (.text)
                  003f6a0a    00000061                       : cos.obj (.text)
                  003f6a6b    00000058                       : sin.obj (.text)
                  003f6ac3    00000046                       : boot.obj (.text)
                  003f6b09    00000019                       : args_main.obj (.text)
                  003f6b22    00000019                       : exit.obj (.text)
                  003f6b3b    00000009                       : _lock.obj (.text)
                  003f6b44    00000008     F2806x_CodeStartBranch.obj (.text)

.econst    0    003f6b4c    00000200     
                  003f6b4c    00000100     main.obj (.econst:.string:_CRC_TABLE)
                  003f6c4c    00000100     main.obj (.econst)

.cinit     0    003f6d4c    000001b8     
                  003f6d4c    000001a2     main.obj (.cinit)
                  003f6eee    0000000a     rts2800_fpu32.lib : _lock.obj (.cinit)
                  003f6ef8    0000000a                       : exit.obj (.cinit)
                  003f6f02    00000002     --HOLE-- [fill = 0]

.switch    0    003f6f04    00000020     
                  003f6f04    00000020     main.obj (.switch:_adcRead)

codestart 
*          0    003f7ff6    00000002     
                  003f7ff6    00000002     F2806x_CodeStartBranch.obj (codestart)

.reset     0    003fffc0    00000002     DSECT
                  003fffc0    00000002     rts2800_fpu32.lib : boot.obj (.reset)

vectors    0    003fffc2    00000000     DSECT

.stack     1    00000050    00000300     UNINITIALIZED
                  00000050    00000300     --HOLE--

.ebss      1    00009000    00000408     UNINITIALIZED
                  00009000    00000400     main.obj (.ebss)
                  00009400    00000004     rts2800_fpu32.lib : _lock.obj (.ebss)
                  00009404    00000004                       : exit.obj (.ebss)


GLOBAL DATA SYMBOLS: SORTED BY DATA PAGE

address     data page           name
--------    ----------------    ----
00000050       1 (00000040)     __stack

00009000     240 (00009000)     _CTRLSUM_BITS
00009001     240 (00009000)     _SAAD_ST
00009002     240 (00009000)     _SAAD_TESTS_BITS
00009003     240 (00009000)     _SAAD_ST_BITS
00009004     240 (00009000)     _SAAD_TEST_RES
00009005     240 (00009000)     _SAAD_TEST_RES_BITS
00009006     240 (00009000)     _VELOCITY_BITS
00009007     240 (00009000)     _COMMAND_BYTE_BITS
00009008     240 (00009000)     _COMMAND_BYTE
00009009     240 (00009000)     _DATA_BITS
0000900a     240 (00009000)     _DATA
0000900b     240 (00009000)     _POSITION_BITS
0000900c     240 (00009000)     _POSITION
0000900d     240 (00009000)     _apsL
0000900e     240 (00009000)     _apsR
0000900f     240 (00009000)     _sendDubSCI
00009010     240 (00009000)     _setSci
00009011     240 (00009000)     _sendSCI
00009012     240 (00009000)     _moveMode
00009013     240 (00009000)     _lockDevStepCount
00009014     240 (00009000)     _mode
00009015     240 (00009000)     _lockDevEn
00009016     240 (00009000)     _lockDevSend
00009017     240 (00009000)     _xData
00009018     240 (00009000)     _delay
00009019     240 (00009000)     _yData
0000901a     240 (00009000)     _CTRLSUM
0000901b     240 (00009000)     _saadTestsPs
0000901c     240 (00009000)     _sciSendCnt
0000901d     240 (00009000)     _saadTests
0000901e     240 (00009000)     _sciCounter
0000901f     240 (00009000)     _counter
00009020     240 (00009000)     _sciFramePart
00009021     240 (00009000)     _SAAD_CTRL
00009022     240 (00009000)     _VELOCITY
00009023     240 (00009000)     _SAAD_CTRL_BITS
00009024     240 (00009000)     _mcbspData
00009026     240 (00009000)     _j
00009028     240 (00009000)     _CpuTimer2Regs
0000902a     240 (00009000)     _flashRegs
0000902c     240 (00009000)     _vel
0000902e     240 (00009000)     _timer0cnt
00009030     240 (00009000)     _acel
00009032     240 (00009000)     _mode1cnt
00009034     240 (00009000)     _dt
00009036     240 (00009000)     _mode3cnt
00009038     240 (00009000)     _timeUp
0000903a     240 (00009000)     _time
0000903c     240 (00009000)     _alpha
0000903e     240 (00009000)     _speed

00009040     241 (00009040)     _alpha1
00009042     241 (00009040)     _START_BIT
00009044     241 (00009040)     _mcbspRegs
00009046     241 (00009040)     _START_BIT_BITS
00009048     241 (00009040)     _i
0000904a     241 (00009040)     _spiaRegs
0000904c     241 (00009040)     _tempData1
0000904e     241 (00009040)     _tempData2
00009050     241 (00009040)     _adcResRegs
00009052     241 (00009040)     _adcRegs
00009054     241 (00009040)     _SAAD_CTRL_ALL
00009056     241 (00009040)     _clkS
00009058     241 (00009040)     _sysCtrlRegs
0000905a     241 (00009040)     _gpioS
0000905c     241 (00009040)     _xIntruptRegs
0000905e     241 (00009040)     _interrupSVectTable
00009060     241 (00009040)     _sciaRegs
00009062     241 (00009040)     _interrupS
00009064     241 (00009040)     _CpuTimer1Regs
00009066     241 (00009040)     _timer1cnt
00009068     241 (00009040)     _jj
0000906a     241 (00009040)     _CpuTimer0Regs
0000906c     241 (00009040)     _spiData
0000906e     241 (00009040)     _pwmValues
00009072     241 (00009040)     _refD
00009076     241 (00009040)     _refQ
0000907a     241 (00009040)     _iTot

00009080     242 (00009080)     _alBeI
00009088     242 (00009080)     _alBe
00009090     242 (00009080)     _dqP
00009098     242 (00009080)     _dq
000090a0     242 (00009080)     _saadFrameResive
000090a8     242 (00009080)     _saadFrameSend
000090b0     242 (00009080)     _abcI

000090c0     243 (000090c0)     _abc
000090cc     243 (000090c0)     _pwmRegS
000090d8     243 (000090c0)     _pwmHandle

00009100     244 (00009100)     _adcRes

00009140     245 (00009140)     _motor0

00009180     246 (00009180)     _motor1

000091c0     247 (000091c0)     _spiModule

00009200     248 (00009200)     _pidD

00009280     24a (00009280)     _pidVel

00009300     24c (00009300)     _pidQ

00009380     24e (00009380)     _AMCconfArr

00009400     250 (00009400)     __unlock
00009402     250 (00009400)     __lock
00009404     250 (00009400)     ___TI_cleanup_ptr
00009406     250 (00009400)     ___TI_dtors_ptr

003f6c4c    fdb1 (003f6c40)     _PieVectTableInit


GLOBAL SYMBOLS: SORTED ALPHABETICALLY BY Name 

address    name
--------   ----
003f4000   .text
003f6b22   C$$EXIT
003f6982   FS$$DIV
003f582f   _ADCINT1_ISR
003f5839   _ADCINT2_ISR
003f5a41   _ADCINT3_ISR
003f5a4b   _ADCINT4_ISR
003f5a55   _ADCINT5_ISR
003f5a5f   _ADCINT6_ISR
003f5a69   _ADCINT7_ISR
003f5a73   _ADCINT8_ISR
003f5857   _ADCINT9_ISR
003f4677   _ADC_config
003f4a3c   _AMCconf
00009380   _AMCconfArr
003f5a7d   _CLA1_INT1_ISR
003f5a87   _CLA1_INT2_ISR
003f5a91   _CLA1_INT3_ISR
003f5a9b   _CLA1_INT4_ISR
003f5aa5   _CLA1_INT5_ISR
003f5aaf   _CLA1_INT6_ISR
003f5ab9   _CLA1_INT7_ISR
003f5ac3   _CLA1_INT8_ISR
003f652e   _CLK_disableAdcClock
003f653b   _CLK_disableClaClock
003f6548   _CLK_disableClkIn
003f6554   _CLK_disableCompClock
003f6560   _CLK_disableCpuTimerClock
003f656f   _CLK_disableCrystalOsc
003f657b   _CLK_disableEcanaClock
003f6588   _CLK_disableEcap1Clock
003f6595   _CLK_disableEqep1Clock
003f65a2   _CLK_disableGpioInputClock
003f65af   _CLK_disableHrPwmClock
003f65bc   _CLK_disableI2cClock
003f65c9   _CLK_disableLinAClock
003f65d6   _CLK_disableOsc1
003f65e2   _CLK_disableOsc1HaltMode
003f65ee   _CLK_disableOsc2
003f65fa   _CLK_disableOsc2HaltMode
003f6606   _CLK_disablePwmClock
003f6617   _CLK_disableSciaClock
003f6624   _CLK_disableSpiaClock
003f6631   _CLK_disableSpibClock
003f663b   _CLK_disableTbClockSync
003f6648   _CLK_disableWatchDogHaltMode
003f6654   _CLK_enableAdcClock
003f6661   _CLK_enableClaClock
003f66bd   _CLK_enableClkIn
003f666e   _CLK_enableCompClock
003f667c   _CLK_enableCpuTimerClock
003f668a   _CLK_enableCrystalOsc
003f6696   _CLK_enableEcanaClock
003f66b0   _CLK_enableEcap1Clock
003f66a3   _CLK_enableEqep1Clock
003f66c9   _CLK_enableGpioInputClock
003f66d6   _CLK_enableHrPwmClock
003f66e3   _CLK_enableI2cClock
003f66f0   _CLK_enableLinAClock
003f66fd   _CLK_enableOsc1
003f6709   _CLK_enableOsc1HaltMode
003f6715   _CLK_enableOsc2
003f6721   _CLK_enableOsc2HaltMode
003f672d   _CLK_enablePwmClock
003f673d   _CLK_enableSciaClock
003f674a   _CLK_enableSpiaClock
003f6757   _CLK_enableSpibClock
003f6764   _CLK_enableTbClockSync
003f6771   _CLK_enableWatchDogHaltMode
003f677d   _CLK_init
003f678a   _CLK_setClkOutPreScaler
003f679a   _CLK_setLowSpdPreScaler
003f67b8   _CLK_setOsc2Src
003f67a8   _CLK_setOscSrc
003f67c8   _CLK_setTimer2PreScale
003f67d8   _CLK_setTimer2Src
003f67e8   _CLK_setWatchDogSrc
00009008   _COMMAND_BYTE
00009007   _COMMAND_BYTE_BITS
0000901a   _CTRLSUM
00009000   _CTRLSUM_BITS
003f4c38   _ConfigCpuTimer0
003f4c5e   _ConfigCpuTimer1
003f4c83   _ConfigCpuTimer2
0000906a   _CpuTimer0Regs
00009064   _CpuTimer1Regs
00009028   _CpuTimer2Regs
0000900a   _DATA
003f5785   _DATALOG_ISR
00009009   _DATA_BITS
003f59b5   _DINTCH1_ISR
003f59bf   _DINTCH2_ISR
003f59c9   _DINTCH3_ISR
003f59d3   _DINTCH4_ISR
003f59dd   _DINTCH5_ISR
003f59e7   _DINTCH6_ISR
003f44fa   _DisableDog
003f5a2d   _ECAN0INTA_ISR
003f5a37   _ECAN1INTA_ISR
003f5915   _ECAP1_INT_ISR
003f591f   _ECAP2_INT_ISR
003f5929   _ECAP3_INT_ISR
003f5aeb   _EMPTY_ISR
003f5799   _EMUINT_ISR
003f58c5   _EPWM1_INT_ISR
003f5875   _EPWM1_TZINT_ISR
003f58cf   _EPWM2_INT_ISR
003f587f   _EPWM2_TZINT_ISR
003f58d9   _EPWM3_INT_ISR
003f5889   _EPWM3_TZINT_ISR
003f58e3   _EPWM4_INT_ISR
003f5893   _EPWM4_TZINT_ISR
003f58ed   _EPWM5_INT_ISR
003f589d   _EPWM5_TZINT_ISR
003f58f7   _EPWM6_INT_ISR
003f58a7   _EPWM6_TZINT_ISR
003f5901   _EPWM7_INT_ISR
003f58b1   _EPWM7_TZINT_ISR
003f590b   _EPWM8_INT_ISR
003f58bb   _EPWM8_TZINT_ISR
003f5947   _EQEP1_INT_ISR
003f5951   _EQEP2_INT_ISR
003f67f8   _GPIO_init
003f6890   _GPIO_read
003f6841   _GPIO_setDirection
003f687d   _GPIO_setExtInt
003f68bd   _GPIO_setHigh
003f68db   _GPIO_setLow
003f68f9   _GPIO_setMode
003f6805   _GPIO_setPullup
003f6964   _GPIO_toggle
003f6503   _GYRO_X_isr
003f5933   _HRCAP1_INT_ISR
003f593d   _HRCAP2_INT_ISR
003f595b   _HRCAP3_INT_ISR
003f5965   _HRCAP4_INT_ISR
003f59f1   _I2CINT1A_ISR
003f59fb   _I2CINT2A_ISR
003f57ad   _ILLEGAL_ISR
003f5771   _INT13_ISR
003f577b   _INT14_ISR
003f4504   _InitPll
003f5ae1   _LUF_ISR
003f5ad7   _LVF_ISR
003f59a1   _MRINTA_ISR
003f59ab   _MXINTA_ISR
003f57a3   _NMI_ISR
003f5af8   _PIE_RESERVED
0000900c   _POSITION
0000900b   _POSITION_BITS
003f6c4c   _PieVectTableInit
003f578f   _RTOSINT_ISR
00008000   _RamfuncsLoadEnd
00000000   _RamfuncsLoadSize
00008000   _RamfuncsLoadStart
00008000   _RamfuncsRunStart
00009021   _SAAD_CTRL
00009054   _SAAD_CTRL_ALL
00009023   _SAAD_CTRL_BITS
00009001   _SAAD_ST
00009003   _SAAD_ST_BITS
00009002   _SAAD_TESTS_BITS
00009004   _SAAD_TEST_RES
00009005   _SAAD_TEST_RES_BITS
003f5a05   _SCIRXINTA_ISR
003f5a19   _SCIRXINTB_ISR
003f5a0f   _SCITXINTA_ISR
003f5a23   _SCITXINTB_ISR
003f64ef   _SCI_RX_isr
003f5979   _SPIRXINTA_ISR
003f598d   _SPIRXINTB_ISR
003f5983   _SPITXINTA_ISR
003f5997   _SPITXINTB_ISR
003f554e   _SPI_RX_isr
00009042   _START_BIT
00009046   _START_BIT_BITS
003f44ec   _ServiceDog
003f5861   _TINT0_ISR
003f596f   _USB0_INT_ISR
003f5811   _USER10_ISR
003f581b   _USER11_ISR
003f5825   _USER12_ISR
003f57b7   _USER1_ISR
003f57c1   _USER2_ISR
003f57cb   _USER3_ISR
003f57d5   _USER4_ISR
003f57df   _USER5_ISR
003f57e9   _USER6_ISR
003f57f3   _USER7_ISR
003f57fd   _USER8_ISR
003f5807   _USER9_ISR
00009022   _VELOCITY
00009006   _VELOCITY_BITS
003f586b   _WAKEINT_ISR
003f5843   _XINT1_ISR
003f584d   _XINT2_ISR
003f5acd   _XINT3_ISR
00000350   __STACK_END
00000300   __STACK_SIZE
00000001   __TI_args_main
00009404   ___TI_cleanup_ptr
00009406   ___TI_dtors_ptr
ffffffff   ___binit__
ffffffff   ___c_args__
003f6d4c   ___cinit__
003f6b4c   ___etext__
ffffffff   ___pinit__
003f4000   ___text__
003f6b09   __args_main
00009402   __lock
003f6b43   __nop
003f6b3f   __register_lock
003f6b3b   __register_unlock
00000050   __stack
00009400   __unlock
000090c0   _abc
000090b0   _abcI
003f6b22   _abort
00009030   _acel
003f466e   _adcInit
003f47f1   _adcRead
00009052   _adcRegs
00009100   _adcRes
00009050   _adcResRegs
003f6517   _adc_X_ISR
00009088   _alBe
00009080   _alBeI
0000903c   _alpha
00009040   _alpha1
003f51f5   _alphaF
0000900d   _apsL
0000900e   _apsR
003f6ac3   _c_int00
003f4ebd   _calcPWM
003f5618   _calcSpeed
003f4ffd   _clarke
003f50a7   _clarkeInv
003f485b   _clkInit
00009056   _clkS
003f493f   _clkg_delay_loop
003f6a0a   _cos
0000901f   _counter
003f5b0c   _cpu_timer0_isr
003f5feb   _cpu_timer1_isr
003f5f5b   _cpu_timer2_isr
003f4e9d   _crc8DATA
003f4e5d   _crc8POS
003f4e7d   _crc8VEL
00009018   _delay
003f4929   _delay_loop
003f4e1b   _disablePWM
00009098   _dq
00009090   _dqP
00009034   _dt
003f6b24   _exit
003f449e   _flashInit
0000902a   _flashRegs
003f44a4   _flashSetup
003f4e4f   _getMaxPWMVal
003f4255   _gpioInit
0000905a   _gpioS
00009048   _i
0000907a   _iTot
00009062   _interrupS
003f4beb   _interrupSDefVectTableInit
0000905e   _interrupSVectTable
003f4bcb   _interrupsCpuSetup
003f4b76   _interrupsCtrlInit
003f4b6a   _interrupsInit
003f4bc0   _interruptSEnable
00009026   _j
00009068   _jj
00009015   _lockDevEn
00009016   _lockDevSend
003f55a9   _lockDevStart
00009013   _lockDevStepCount
003f5333   _main
003f5151   _makeTest
003f4a38   _mcbspAddr
00009024   _mcbspData
00009044   _mcbspRegs
003f49a2   _mcbspSetupSpi
003f4a14   _mcbsp_read
003f49f9   _mcbsp_write
003f4955   _mcbspaInit
003f495b   _mcbspaSetup
00009014   _mode
00009032   _mode1cnt
00009036   _mode3cnt
00009140   _motor0
00009180   _motor1
00009012   _moveMode
003f5031   _park
003f506c   _parkInv
003f4f37   _pidCalc
00009200   _pidD
00009300   _pidQ
00009280   _pidVel
003f4f38   _pid_reg3_calc
000090d8   _pwmHandle
000090cc   _pwmRegS
003f4ca8   _pwmSInit
003f4cbd   _pwmSetupWTest
0000906e   _pwmValues
00009072   _refD
00009076   _refQ
003f5b02   _rsvd_ISR
000090a0   _saadFrameResive
000090a8   _saadFrameSend
0000901d   _saadTests
0000901b   _saadTestsPs
0000901e   _sciCounter
00009020   _sciFramePart
0000901c   _sciSendCnt
003f4b20   _sciaInit
003f4b5b   _sciaRead
00009060   _sciaRegs
003f4b26   _sciaSetup
003f4b60   _sciaWrite
0000900f   _sendDubSCI
00009011   _sendSCI
003f4650   _setExtOsc
003f4605   _setIntOsc1
003f461a   _setIntOsc2
003f4df9   _setPWMValues
003f4e30   _setPWMValuesArr
00009010   _setSci
003f4563   _setUpPeripheralClocks
003f4635   _setXTALOsc
003f4864   _setupClks
003f425e   _setupGPIOs
003f448f   _setupGPIOsInterrupt
003f4895   _setupPeripheralClks
003f6a6b   _sin
0000903e   _speed
0000906c   _spiData
003f4b12   _spiDisableFF
003f4afd   _spiInit
000091c0   _spiModule
003f4b03   _spiSetupFF
0000904a   _spiaRegs
003f4f30   _stopMotor
00009058   _sysCtrlRegs
003f44c8   _systemInit
003f44ce   _systemSetup
0000904c   _tempData1
0000904e   _tempData2
0000903a   _time
00009038   _timeUp
0000902e   _timer0cnt
00009066   _timer1cnt
003f4c16   _timerInit
003f4c24   _timerSConfig
003f4244   _usDelay
0000902c   _vel
00009017   _xData
0000905c   _xIntruptRegs
00009019   _yData
ffffffff   binit
003f6d4c   cinit
003f7ff6   code_start
003f6b4c   etext
ffffffff   pinit


GLOBAL SYMBOLS: SORTED BY Symbol Address 

address    name
--------   ----
00000000   _RamfuncsLoadSize
00000001   __TI_args_main
00000050   __stack
00000300   __STACK_SIZE
00000350   __STACK_END
00008000   _RamfuncsLoadEnd
00008000   _RamfuncsLoadStart
00008000   _RamfuncsRunStart
00009000   _CTRLSUM_BITS
00009001   _SAAD_ST
00009002   _SAAD_TESTS_BITS
00009003   _SAAD_ST_BITS
00009004   _SAAD_TEST_RES
00009005   _SAAD_TEST_RES_BITS
00009006   _VELOCITY_BITS
00009007   _COMMAND_BYTE_BITS
00009008   _COMMAND_BYTE
00009009   _DATA_BITS
0000900a   _DATA
0000900b   _POSITION_BITS
0000900c   _POSITION
0000900d   _apsL
0000900e   _apsR
0000900f   _sendDubSCI
00009010   _setSci
00009011   _sendSCI
00009012   _moveMode
00009013   _lockDevStepCount
00009014   _mode
00009015   _lockDevEn
00009016   _lockDevSend
00009017   _xData
00009018   _delay
00009019   _yData
0000901a   _CTRLSUM
0000901b   _saadTestsPs
0000901c   _sciSendCnt
0000901d   _saadTests
0000901e   _sciCounter
0000901f   _counter
00009020   _sciFramePart
00009021   _SAAD_CTRL
00009022   _VELOCITY
00009023   _SAAD_CTRL_BITS
00009024   _mcbspData
00009026   _j
00009028   _CpuTimer2Regs
0000902a   _flashRegs
0000902c   _vel
0000902e   _timer0cnt
00009030   _acel
00009032   _mode1cnt
00009034   _dt
00009036   _mode3cnt
00009038   _timeUp
0000903a   _time
0000903c   _alpha
0000903e   _speed
00009040   _alpha1
00009042   _START_BIT
00009044   _mcbspRegs
00009046   _START_BIT_BITS
00009048   _i
0000904a   _spiaRegs
0000904c   _tempData1
0000904e   _tempData2
00009050   _adcResRegs
00009052   _adcRegs
00009054   _SAAD_CTRL_ALL
00009056   _clkS
00009058   _sysCtrlRegs
0000905a   _gpioS
0000905c   _xIntruptRegs
0000905e   _interrupSVectTable
00009060   _sciaRegs
00009062   _interrupS
00009064   _CpuTimer1Regs
00009066   _timer1cnt
00009068   _jj
0000906a   _CpuTimer0Regs
0000906c   _spiData
0000906e   _pwmValues
00009072   _refD
00009076   _refQ
0000907a   _iTot
00009080   _alBeI
00009088   _alBe
00009090   _dqP
00009098   _dq
000090a0   _saadFrameResive
000090a8   _saadFrameSend
000090b0   _abcI
000090c0   _abc
000090cc   _pwmRegS
000090d8   _pwmHandle
00009100   _adcRes
00009140   _motor0
00009180   _motor1
000091c0   _spiModule
00009200   _pidD
00009280   _pidVel
00009300   _pidQ
00009380   _AMCconfArr
00009400   __unlock
00009402   __lock
00009404   ___TI_cleanup_ptr
00009406   ___TI_dtors_ptr
003f4000   .text
003f4000   ___text__
003f4244   _usDelay
003f4255   _gpioInit
003f425e   _setupGPIOs
003f448f   _setupGPIOsInterrupt
003f449e   _flashInit
003f44a4   _flashSetup
003f44c8   _systemInit
003f44ce   _systemSetup
003f44ec   _ServiceDog
003f44fa   _DisableDog
003f4504   _InitPll
003f4563   _setUpPeripheralClocks
003f4605   _setIntOsc1
003f461a   _setIntOsc2
003f4635   _setXTALOsc
003f4650   _setExtOsc
003f466e   _adcInit
003f4677   _ADC_config
003f47f1   _adcRead
003f485b   _clkInit
003f4864   _setupClks
003f4895   _setupPeripheralClks
003f4929   _delay_loop
003f493f   _clkg_delay_loop
003f4955   _mcbspaInit
003f495b   _mcbspaSetup
003f49a2   _mcbspSetupSpi
003f49f9   _mcbsp_write
003f4a14   _mcbsp_read
003f4a38   _mcbspAddr
003f4a3c   _AMCconf
003f4afd   _spiInit
003f4b03   _spiSetupFF
003f4b12   _spiDisableFF
003f4b20   _sciaInit
003f4b26   _sciaSetup
003f4b5b   _sciaRead
003f4b60   _sciaWrite
003f4b6a   _interrupsInit
003f4b76   _interrupsCtrlInit
003f4bc0   _interruptSEnable
003f4bcb   _interrupsCpuSetup
003f4beb   _interrupSDefVectTableInit
003f4c16   _timerInit
003f4c24   _timerSConfig
003f4c38   _ConfigCpuTimer0
003f4c5e   _ConfigCpuTimer1
003f4c83   _ConfigCpuTimer2
003f4ca8   _pwmSInit
003f4cbd   _pwmSetupWTest
003f4df9   _setPWMValues
003f4e1b   _disablePWM
003f4e30   _setPWMValuesArr
003f4e4f   _getMaxPWMVal
003f4e5d   _crc8POS
003f4e7d   _crc8VEL
003f4e9d   _crc8DATA
003f4ebd   _calcPWM
003f4f30   _stopMotor
003f4f37   _pidCalc
003f4f38   _pid_reg3_calc
003f4ffd   _clarke
003f5031   _park
003f506c   _parkInv
003f50a7   _clarkeInv
003f5151   _makeTest
003f51f5   _alphaF
003f5333   _main
003f554e   _SPI_RX_isr
003f55a9   _lockDevStart
003f5618   _calcSpeed
003f5771   _INT13_ISR
003f577b   _INT14_ISR
003f5785   _DATALOG_ISR
003f578f   _RTOSINT_ISR
003f5799   _EMUINT_ISR
003f57a3   _NMI_ISR
003f57ad   _ILLEGAL_ISR
003f57b7   _USER1_ISR
003f57c1   _USER2_ISR
003f57cb   _USER3_ISR
003f57d5   _USER4_ISR
003f57df   _USER5_ISR
003f57e9   _USER6_ISR
003f57f3   _USER7_ISR
003f57fd   _USER8_ISR
003f5807   _USER9_ISR
003f5811   _USER10_ISR
003f581b   _USER11_ISR
003f5825   _USER12_ISR
003f582f   _ADCINT1_ISR
003f5839   _ADCINT2_ISR
003f5843   _XINT1_ISR
003f584d   _XINT2_ISR
003f5857   _ADCINT9_ISR
003f5861   _TINT0_ISR
003f586b   _WAKEINT_ISR
003f5875   _EPWM1_TZINT_ISR
003f587f   _EPWM2_TZINT_ISR
003f5889   _EPWM3_TZINT_ISR
003f5893   _EPWM4_TZINT_ISR
003f589d   _EPWM5_TZINT_ISR
003f58a7   _EPWM6_TZINT_ISR
003f58b1   _EPWM7_TZINT_ISR
003f58bb   _EPWM8_TZINT_ISR
003f58c5   _EPWM1_INT_ISR
003f58cf   _EPWM2_INT_ISR
003f58d9   _EPWM3_INT_ISR
003f58e3   _EPWM4_INT_ISR
003f58ed   _EPWM5_INT_ISR
003f58f7   _EPWM6_INT_ISR
003f5901   _EPWM7_INT_ISR
003f590b   _EPWM8_INT_ISR
003f5915   _ECAP1_INT_ISR
003f591f   _ECAP2_INT_ISR
003f5929   _ECAP3_INT_ISR
003f5933   _HRCAP1_INT_ISR
003f593d   _HRCAP2_INT_ISR
003f5947   _EQEP1_INT_ISR
003f5951   _EQEP2_INT_ISR
003f595b   _HRCAP3_INT_ISR
003f5965   _HRCAP4_INT_ISR
003f596f   _USB0_INT_ISR
003f5979   _SPIRXINTA_ISR
003f5983   _SPITXINTA_ISR
003f598d   _SPIRXINTB_ISR
003f5997   _SPITXINTB_ISR
003f59a1   _MRINTA_ISR
003f59ab   _MXINTA_ISR
003f59b5   _DINTCH1_ISR
003f59bf   _DINTCH2_ISR
003f59c9   _DINTCH3_ISR
003f59d3   _DINTCH4_ISR
003f59dd   _DINTCH5_ISR
003f59e7   _DINTCH6_ISR
003f59f1   _I2CINT1A_ISR
003f59fb   _I2CINT2A_ISR
003f5a05   _SCIRXINTA_ISR
003f5a0f   _SCITXINTA_ISR
003f5a19   _SCIRXINTB_ISR
003f5a23   _SCITXINTB_ISR
003f5a2d   _ECAN0INTA_ISR
003f5a37   _ECAN1INTA_ISR
003f5a41   _ADCINT3_ISR
003f5a4b   _ADCINT4_ISR
003f5a55   _ADCINT5_ISR
003f5a5f   _ADCINT6_ISR
003f5a69   _ADCINT7_ISR
003f5a73   _ADCINT8_ISR
003f5a7d   _CLA1_INT1_ISR
003f5a87   _CLA1_INT2_ISR
003f5a91   _CLA1_INT3_ISR
003f5a9b   _CLA1_INT4_ISR
003f5aa5   _CLA1_INT5_ISR
003f5aaf   _CLA1_INT6_ISR
003f5ab9   _CLA1_INT7_ISR
003f5ac3   _CLA1_INT8_ISR
003f5acd   _XINT3_ISR
003f5ad7   _LVF_ISR
003f5ae1   _LUF_ISR
003f5aeb   _EMPTY_ISR
003f5af8   _PIE_RESERVED
003f5b02   _rsvd_ISR
003f5b0c   _cpu_timer0_isr
003f5f5b   _cpu_timer2_isr
003f5feb   _cpu_timer1_isr
003f64ef   _SCI_RX_isr
003f6503   _GYRO_X_isr
003f6517   _adc_X_ISR
003f652e   _CLK_disableAdcClock
003f653b   _CLK_disableClaClock
003f6548   _CLK_disableClkIn
003f6554   _CLK_disableCompClock
003f6560   _CLK_disableCpuTimerClock
003f656f   _CLK_disableCrystalOsc
003f657b   _CLK_disableEcanaClock
003f6588   _CLK_disableEcap1Clock
003f6595   _CLK_disableEqep1Clock
003f65a2   _CLK_disableGpioInputClock
003f65af   _CLK_disableHrPwmClock
003f65bc   _CLK_disableI2cClock
003f65c9   _CLK_disableLinAClock
003f65d6   _CLK_disableOsc1
003f65e2   _CLK_disableOsc1HaltMode
003f65ee   _CLK_disableOsc2
003f65fa   _CLK_disableOsc2HaltMode
003f6606   _CLK_disablePwmClock
003f6617   _CLK_disableSciaClock
003f6624   _CLK_disableSpiaClock
003f6631   _CLK_disableSpibClock
003f663b   _CLK_disableTbClockSync
003f6648   _CLK_disableWatchDogHaltMode
003f6654   _CLK_enableAdcClock
003f6661   _CLK_enableClaClock
003f666e   _CLK_enableCompClock
003f667c   _CLK_enableCpuTimerClock
003f668a   _CLK_enableCrystalOsc
003f6696   _CLK_enableEcanaClock
003f66a3   _CLK_enableEqep1Clock
003f66b0   _CLK_enableEcap1Clock
003f66bd   _CLK_enableClkIn
003f66c9   _CLK_enableGpioInputClock
003f66d6   _CLK_enableHrPwmClock
003f66e3   _CLK_enableI2cClock
003f66f0   _CLK_enableLinAClock
003f66fd   _CLK_enableOsc1
003f6709   _CLK_enableOsc1HaltMode
003f6715   _CLK_enableOsc2
003f6721   _CLK_enableOsc2HaltMode
003f672d   _CLK_enablePwmClock
003f673d   _CLK_enableSciaClock
003f674a   _CLK_enableSpiaClock
003f6757   _CLK_enableSpibClock
003f6764   _CLK_enableTbClockSync
003f6771   _CLK_enableWatchDogHaltMode
003f677d   _CLK_init
003f678a   _CLK_setClkOutPreScaler
003f679a   _CLK_setLowSpdPreScaler
003f67a8   _CLK_setOscSrc
003f67b8   _CLK_setOsc2Src
003f67c8   _CLK_setTimer2PreScale
003f67d8   _CLK_setTimer2Src
003f67e8   _CLK_setWatchDogSrc
003f67f8   _GPIO_init
003f6805   _GPIO_setPullup
003f6841   _GPIO_setDirection
003f687d   _GPIO_setExtInt
003f6890   _GPIO_read
003f68bd   _GPIO_setHigh
003f68db   _GPIO_setLow
003f68f9   _GPIO_setMode
003f6964   _GPIO_toggle
003f6982   FS$$DIV
003f6a0a   _cos
003f6a6b   _sin
003f6ac3   _c_int00
003f6b09   __args_main
003f6b22   C$$EXIT
003f6b22   _abort
003f6b24   _exit
003f6b3b   __register_unlock
003f6b3f   __register_lock
003f6b43   __nop
003f6b4c   ___etext__
003f6b4c   etext
003f6c4c   _PieVectTableInit
003f6d4c   ___cinit__
003f6d4c   cinit
003f7ff6   code_start
ffffffff   ___binit__
ffffffff   ___c_args__
ffffffff   ___pinit__
ffffffff   binit
ffffffff   pinit

[363 symbols]
