******************************************************************************
             TMS320C2000 Linker Unix v6.2.7                    
******************************************************************************
>> Linked Sat Jul 14 10:46:13 2018

OUTPUT FILE NAME:   <motorsBetaC2.out>
ENTRY POINT SYMBOL: "_c_int00"  address: 003f62f1


MEMORY CONFIGURATION

         name            origin    length      used     unused   attr    fill
----------------------  --------  ---------  --------  --------  ----  --------
PAGE 0:
  RAML0                 00008000   00000800  00000000  00000800  RWIX
  RAML1                 00008800   00000400  00000000  00000400  RWIX
  OTP                   003d7800   00000400  00000000  00000400  RWIX
  FLASHH                003d8000   00004000  00000000  00004000  RWIX
  FLASHG                003dc000   00004000  00000000  00004000  RWIX
  FLASHF                003e0000   00004000  00000000  00004000  RWIX
  FLASHE                003e4000   00004000  00000000  00004000  RWIX
  FLASHD                003e8000   00004000  00000000  00004000  RWIX
  FLASHC                003ec000   00004000  00000000  00004000  RWIX
  FLASHA                003f4000   00003f80  00002757  00001829  RWIX
  CSM_RSVD              003f7f80   00000076  00000000  00000076  RWIX
  BEGIN                 003f7ff6   00000002  00000002  00000000  RWIX
  CSM_PWL_P0            003f7ff8   00000008  00000000  00000008  RWIX
  FPUTABLES             003fd860   000006a0  00000000  000006a0  RWIX
  IQTABLES              003fdf00   00000b50  00000000  00000b50  RWIX
  IQTABLES2             003fea50   0000008c  00000000  0000008c  RWIX
  IQTABLES3             003feadc   000000aa  00000000  000000aa  RWIX
  ROM                   003ff3b0   00000c10  00000000  00000c10  RWIX
  RESET                 003fffc0   00000002  00000000  00000002  RWIX
  VECTORS               003fffc2   0000003e  00000000  0000003e  RWIX

PAGE 1:
  BOOT_RSVD             00000000   00000050  00000000  00000050  RWIX
  RAMM0                 00000050   000003b0  00000300  000000b0  RWIX
  RAMM1                 00000400   00000400  00000000  00000400  RWIX
  RAML2                 00008c00   00000400  00000000  00000400  RWIX
  RAML3                 00009000   00001000  00000408  00000bf8  RWIX
  RAML4                 0000a000   00002000  00000000  00002000  RWIX
  RAML5                 0000c000   00002000  00000000  00002000  RWIX
  RAML6                 0000e000   00002000  00000000  00002000  RWIX
  RAML7                 00010000   00002000  00000000  00002000  RWIX
  RAML8                 00012000   00002000  00000000  00002000  RWIX
  USB_RAM               00040000   00000800  00000000  00000800  RWIX
  FLASHB                003f0000   00004000  00000000  00004000  RWIX


SECTION ALLOCATION MAP

 output                                  attributes/
section   page    origin      length       input sections
--------  ----  ----------  ----------   ----------------
.pinit     0    003f4000    00000000     UNINITIALIZED

ramfuncs   0    00008000    00000000     UNINITIALIZED

.text      0    003f4000    0000237a     
                  003f4000    000012ac     main.obj (.text)
                  003f52ac    00000cbe     main.obj (.text:retain)
                  003f5f6a    00000167     clk.obj (.text)
                  003f60d1    000000df     gpio.obj (.text)
                  003f61b0    00000088     rts2800_fpu32.lib : fs_div.obj (.text)
                  003f6238    00000061                       : cos.obj (.text)
                  003f6299    00000058                       : sin.obj (.text)
                  003f62f1    00000046                       : boot.obj (.text)
                  003f6337    00000019                       : args_main.obj (.text)
                  003f6350    00000019                       : exit.obj (.text)
                  003f6369    00000009                       : _lock.obj (.text)
                  003f6372    00000008     F2806x_CodeStartBranch.obj (.text)

.econst    0    003f637a    00000200     
                  003f637a    00000100     main.obj (.econst:.string:_CRC_TABLE)
                  003f647a    00000100     main.obj (.econst)

.cinit     0    003f657a    000001bd     
                  003f657a    000001a7     main.obj (.cinit)
                  003f6721    0000000a     rts2800_fpu32.lib : _lock.obj (.cinit)
                  003f672b    0000000a                       : exit.obj (.cinit)
                  003f6735    00000002     --HOLE-- [fill = 0]

.switch    0    003f6738    00000020     
                  003f6738    00000020     main.obj (.switch:_adcRead)

codestart 
*          0    003f7ff6    00000002     
                  003f7ff6    00000002     F2806x_CodeStartBranch.obj (codestart)

.reset     0    003fffc0    00000002     DSECT
                  003fffc0    00000002     rts2800_fpu32.lib : boot.obj (.reset)

vectors    0    003fffc2    00000000     DSECT

.stack     1    00000050    00000300     UNINITIALIZED
                  00000050    00000300     --HOLE--

.ebss      1    00009000    00000408     UNINITIALIZED
                  00009000    00000400     main.obj (.ebss)
                  00009400    00000004     rts2800_fpu32.lib : _lock.obj (.ebss)
                  00009404    00000004                       : exit.obj (.ebss)


GLOBAL DATA SYMBOLS: SORTED BY DATA PAGE

address     data page           name
--------    ----------------    ----
00000050       1 (00000040)     __stack

00009000     240 (00009000)     _SAAD_ST
00009001     240 (00009000)     _saadTestsPs
00009002     240 (00009000)     _SAAD_TEST_RES_BITS
00009003     240 (00009000)     _SAAD_TESTS_BITS
00009004     240 (00009000)     _SAAD_TEST_RES
00009005     240 (00009000)     _POSITION_BITS
00009006     240 (00009000)     _COMMAND_BYTE_BITS
00009007     240 (00009000)     _VELOCITY
00009008     240 (00009000)     _COMMAND_BYTE
00009009     240 (00009000)     _CTRLSUM_BITS
0000900a     240 (00009000)     _CTRLSUM
0000900b     240 (00009000)     _DATA
0000900c     240 (00009000)     _POSITION
0000900d     240 (00009000)     _DATA_BITS
0000900e     240 (00009000)     _VELOCITY_BITS
0000900f     240 (00009000)     _apsR
00009010     240 (00009000)     _lockDevEn
00009011     240 (00009000)     _sendDubSCI
00009012     240 (00009000)     _apsL
00009013     240 (00009000)     _sendSCI
00009014     240 (00009000)     _lockDevStepCount
00009015     240 (00009000)     _angArrCnt
00009016     240 (00009000)     _mode
00009017     240 (00009000)     _moveMode
00009018     240 (00009000)     _lockDevSend
00009019     240 (00009000)     _counter
0000901a     240 (00009000)     _sciFramePart
0000901b     240 (00009000)     _xData
0000901c     240 (00009000)     _delay
0000901d     240 (00009000)     _yData
0000901e     240 (00009000)     _setSci
0000901f     240 (00009000)     _testSciSend
00009020     240 (00009000)     _sciSendCnt
00009021     240 (00009000)     _saadTests
00009022     240 (00009000)     _SAAD_CTRL
00009023     240 (00009000)     _SAAD_CTRL_BITS
00009024     240 (00009000)     _sciCounter
00009025     240 (00009000)     _SAAD_ST_BITS
00009026     240 (00009000)     _alpha1
00009028     240 (00009000)     _alpha
0000902a     240 (00009000)     _speed
0000902c     240 (00009000)     _vel
0000902e     240 (00009000)     _acel
00009030     240 (00009000)     _SAAD_CTRL_ALL
00009032     240 (00009000)     _adcRegs
00009034     240 (00009000)     _adcResRegs
00009036     240 (00009000)     _mcbspData
00009038     240 (00009000)     _START_BIT_BITS
0000903a     240 (00009000)     _sysCtrlRegs
0000903c     240 (00009000)     _velCoef
0000903e     240 (00009000)     _time

00009040     241 (00009040)     _i
00009042     241 (00009040)     _j
00009044     241 (00009040)     _mode1cnt
00009046     241 (00009040)     _mode3cnt
00009048     241 (00009040)     _clkS
0000904a     241 (00009040)     _dt
0000904c     241 (00009040)     _timeUp
0000904e     241 (00009040)     _jj
00009050     241 (00009040)     _timer0cnt
00009052     241 (00009040)     _spiaRegs
00009054     241 (00009040)     _spiData
00009056     241 (00009040)     _CpuTimer2Regs
00009058     241 (00009040)     _xIntruptRegs
0000905a     241 (00009040)     _interrupSVectTable
0000905c     241 (00009040)     _CpuTimer1Regs
0000905e     241 (00009040)     _CpuTimer0Regs
00009060     241 (00009040)     _interrupS
00009062     241 (00009040)     _tempData1
00009064     241 (00009040)     _START_BIT
00009066     241 (00009040)     _mcbspRegs
00009068     241 (00009040)     _gpioS
0000906a     241 (00009040)     _sciaRegs
0000906c     241 (00009040)     _tempData2
0000906e     241 (00009040)     _flashRegs
00009070     241 (00009040)     _timer1cnt
00009072     241 (00009040)     _refD
00009076     241 (00009040)     _refQ
0000907a     241 (00009040)     _iTot

00009080     242 (00009080)     _pwmValues
00009084     242 (00009080)     _dq
0000908c     242 (00009080)     _alBe
00009094     242 (00009080)     _alBeI
0000909c     242 (00009080)     _dqP
000090a4     242 (00009080)     _saadFrameResive
000090ac     242 (00009080)     _saadFrameSend
000090b4     242 (00009080)     _angArr

000090c0     243 (000090c0)     _pwmHandle
000090cc     243 (000090c0)     _pwmRegS
000090d8     243 (000090c0)     _abcI
000090e4     243 (000090c0)     _abc

00009100     244 (00009100)     _adcRes

00009140     245 (00009140)     _motor1

00009180     246 (00009180)     _motor0

000091c0     247 (000091c0)     _spiModule

00009200     248 (00009200)     _pidVel

00009280     24a (00009280)     _pidD

00009300     24c (00009300)     _pidQ

00009380     24e (00009380)     _AMCconfArr

00009400     250 (00009400)     __unlock
00009402     250 (00009400)     __lock
00009404     250 (00009400)     ___TI_cleanup_ptr
00009406     250 (00009400)     ___TI_dtors_ptr

003f647a    fd91 (003f6440)     _PieVectTableInit


GLOBAL SYMBOLS: SORTED ALPHABETICALLY BY Name 

address    name
--------   ----
003f4000   .text
003f6350   C$$EXIT
003f61b0   FS$$DIV
003f5f60   _ADCINT1_ISR
003f5f56   _ADCINT2_ISR
003f5f4c   _ADCINT3_ISR
003f5f42   _ADCINT4_ISR
003f5f38   _ADCINT5_ISR
003f5f2e   _ADCINT6_ISR
003f5f24   _ADCINT7_ISR
003f5f1a   _ADCINT8_ISR
003f5f10   _ADCINT9_ISR
003f4ab7   _ADC_config
003f49d9   _AMCconf
00009380   _AMCconfArr
003f5f06   _CLA1_INT1_ISR
003f5efc   _CLA1_INT2_ISR
003f5ef2   _CLA1_INT3_ISR
003f5ee8   _CLA1_INT4_ISR
003f5ede   _CLA1_INT5_ISR
003f5ed4   _CLA1_INT6_ISR
003f5eca   _CLA1_INT7_ISR
003f5ec0   _CLA1_INT8_ISR
003f60ca   _CLK_disableAdcClock
003f60c3   _CLK_disableClaClock
003f60bd   _CLK_disableClkIn
003f60b9   _CLK_disableCompClock
003f60b2   _CLK_disableCpuTimerClock
003f60ac   _CLK_disableCrystalOsc
003f60a5   _CLK_disableEcanaClock
003f609e   _CLK_disableEcap1Clock
003f6097   _CLK_disableEqep1Clock
003f6090   _CLK_disableGpioInputClock
003f6089   _CLK_disableHrPwmClock
003f6082   _CLK_disableI2cClock
003f607b   _CLK_disableLinAClock
003f6075   _CLK_disableOsc1
003f606f   _CLK_disableOsc1HaltMode
003f6069   _CLK_disableOsc2
003f6063   _CLK_disableOsc2HaltMode
003f6059   _CLK_disablePwmClock
003f6052   _CLK_disableSciaClock
003f604b   _CLK_disableSpiaClock
003f6047   _CLK_disableSpibClock
003f6040   _CLK_disableTbClockSync
003f603a   _CLK_disableWatchDogHaltMode
003f6033   _CLK_enableAdcClock
003f602c   _CLK_enableClaClock
003f6026   _CLK_enableClkIn
003f6020   _CLK_enableCompClock
003f601a   _CLK_enableCpuTimerClock
003f6014   _CLK_enableCrystalOsc
003f600d   _CLK_enableEcanaClock
003f6006   _CLK_enableEcap1Clock
003f5fff   _CLK_enableEqep1Clock
003f5ff8   _CLK_enableGpioInputClock
003f5ff1   _CLK_enableHrPwmClock
003f5fea   _CLK_enableI2cClock
003f5fe3   _CLK_enableLinAClock
003f5fdd   _CLK_enableOsc1
003f5fd7   _CLK_enableOsc1HaltMode
003f5fd1   _CLK_enableOsc2
003f5fcb   _CLK_enableOsc2HaltMode
003f5fc2   _CLK_enablePwmClock
003f5fbb   _CLK_enableSciaClock
003f5fb4   _CLK_enableSpiaClock
003f5fad   _CLK_enableSpibClock
003f5fa6   _CLK_enableTbClockSync
003f5fa0   _CLK_enableWatchDogHaltMode
003f5f9a   _CLK_init
003f5f93   _CLK_setClkOutPreScaler
003f5f8d   _CLK_setLowSpdPreScaler
003f5f86   _CLK_setOsc2Src
003f5f7f   _CLK_setOscSrc
003f5f78   _CLK_setTimer2PreScale
003f5f71   _CLK_setTimer2Src
003f5f6a   _CLK_setWatchDogSrc
00009008   _COMMAND_BYTE
00009006   _COMMAND_BYTE_BITS
0000900a   _CTRLSUM
00009009   _CTRLSUM_BITS
003f4001   _ConfigCpuTimer0
003f4010   _ConfigCpuTimer1
003f401f   _ConfigCpuTimer2
0000905e   _CpuTimer0Regs
0000905c   _CpuTimer1Regs
00009056   _CpuTimer2Regs
0000900b   _DATA
003f5eb6   _DATALOG_ISR
0000900d   _DATA_BITS
003f5eac   _DINTCH1_ISR
003f5ea2   _DINTCH2_ISR
003f5e98   _DINTCH3_ISR
003f5e8e   _DINTCH4_ISR
003f5e84   _DINTCH5_ISR
003f5e7a   _DINTCH6_ISR
003f404a   _DisableDog
003f5e70   _ECAN0INTA_ISR
003f5e66   _ECAN1INTA_ISR
003f5e5c   _ECAP1_INT_ISR
003f5e52   _ECAP2_INT_ISR
003f5e48   _ECAP3_INT_ISR
003f5e3b   _EMPTY_ISR
003f5e31   _EMUINT_ISR
003f5e27   _EPWM1_INT_ISR
003f5e1d   _EPWM1_TZINT_ISR
003f5e13   _EPWM2_INT_ISR
003f5e09   _EPWM2_TZINT_ISR
003f5dff   _EPWM3_INT_ISR
003f5df5   _EPWM3_TZINT_ISR
003f5deb   _EPWM4_INT_ISR
003f5de1   _EPWM4_TZINT_ISR
003f5dd7   _EPWM5_INT_ISR
003f5dcd   _EPWM5_TZINT_ISR
003f5dc3   _EPWM6_INT_ISR
003f5db9   _EPWM6_TZINT_ISR
003f5daf   _EPWM7_INT_ISR
003f5da5   _EPWM7_TZINT_ISR
003f5d9b   _EPWM8_INT_ISR
003f5d91   _EPWM8_TZINT_ISR
003f5d87   _EQEP1_INT_ISR
003f5d7d   _EQEP2_INT_ISR
003f61aa   _GPIO_init
003f6184   _GPIO_read
003f6169   _GPIO_setDirection
003f615d   _GPIO_setExtInt
003f614a   _GPIO_setHigh
003f6137   _GPIO_setLow
003f60ff   _GPIO_setMode
003f60e4   _GPIO_setPullup
003f60d1   _GPIO_toggle
003f5d69   _GYRO_X_isr
003f5d5f   _HRCAP1_INT_ISR
003f5d55   _HRCAP2_INT_ISR
003f5d4b   _HRCAP3_INT_ISR
003f5d41   _HRCAP4_INT_ISR
003f5d37   _I2CINT1A_ISR
003f5d2d   _I2CINT2A_ISR
003f5d23   _ILLEGAL_ISR
003f5d19   _INT13_ISR
003f5d0f   _INT14_ISR
003f4063   _InitPll
003f5d05   _LUF_ISR
003f5cfb   _LVF_ISR
003f5cf1   _MRINTA_ISR
003f5ce7   _MXINTA_ISR
003f5cdd   _NMI_ISR
003f5cd3   _PIE_RESERVED
0000900c   _POSITION
00009005   _POSITION_BITS
003f647a   _PieVectTableInit
003f5cc9   _RTOSINT_ISR
00008000   _RamfuncsLoadEnd
00000000   _RamfuncsLoadSize
00008000   _RamfuncsLoadStart
00008000   _RamfuncsRunStart
00009022   _SAAD_CTRL
00009030   _SAAD_CTRL_ALL
00009023   _SAAD_CTRL_BITS
00009000   _SAAD_ST
00009025   _SAAD_ST_BITS
00009003   _SAAD_TESTS_BITS
00009004   _SAAD_TEST_RES
00009002   _SAAD_TEST_RES_BITS
003f5cbf   _SCIRXINTA_ISR
003f5cb5   _SCIRXINTB_ISR
003f5cab   _SCITXINTA_ISR
003f5ca1   _SCITXINTB_ISR
003f5c8d   _SCI_RX_isr
003f5c83   _SPIRXINTA_ISR
003f5c79   _SPIRXINTB_ISR
003f5c6f   _SPITXINTA_ISR
003f5c65   _SPITXINTB_ISR
003f510b   _SPI_RX_isr
00009064   _START_BIT
00009038   _START_BIT_BITS
003f52a2   _ServiceDog
003f5c5b   _TINT0_ISR
003f5c51   _USB0_INT_ISR
003f5c47   _USER10_ISR
003f5c3d   _USER11_ISR
003f5c33   _USER12_ISR
003f5c29   _USER1_ISR
003f5c1f   _USER2_ISR
003f5c15   _USER3_ISR
003f5c0b   _USER4_ISR
003f5c01   _USER5_ISR
003f5bf7   _USER6_ISR
003f5bed   _USER7_ISR
003f5be3   _USER8_ISR
003f5bd9   _USER9_ISR
00009007   _VELOCITY
0000900e   _VELOCITY_BITS
003f5bcf   _WAKEINT_ISR
003f5bc5   _XINT1_ISR
003f5bbb   _XINT2_ISR
003f5bb1   _XINT3_ISR
00000350   __STACK_END
00000300   __STACK_SIZE
00000001   __TI_args_main
00009404   ___TI_cleanup_ptr
00009406   ___TI_dtors_ptr
ffffffff   ___binit__
ffffffff   ___c_args__
003f657a   ___cinit__
003f637a   ___etext__
ffffffff   ___pinit__
003f4000   ___text__
003f6337   __args_main
00009402   __lock
003f6371   __nop
003f636d   __register_lock
003f6369   __register_unlock
00000050   __stack
00009400   __unlock
000090e4   _abc
000090d8   _abcI
003f6350   _abort
0000902e   _acel
003f4aae   _adcInit
003f4894   _adcRead
00009032   _adcRegs
00009100   _adcRes
00009034   _adcResRegs
003f5b80   _adc_X_ISR
0000908c   _alBe
00009094   _alBeI
00009028   _alpha
00009026   _alpha1
003f50ca   _alphaF
000090b4   _angArr
00009015   _angArrCnt
00009012   _apsL
0000900f   _apsR
003f62f1   _c_int00
003f523e   _calcPWM
003f5152   _calcSpeed
003f5187   _clarke
003f51b4   _clarkeInv
003f5235   _clkInit
00009048   _clkS
003f5223   _clkg_delay_loop
003f6238   _cos
00009019   _counter
003f577b   _cpu_timer0_isr
003f5342   _cpu_timer1_isr
003f52b6   _cpu_timer2_isr
003f50b2   _crc8DATA
003f509a   _crc8POS
003f5082   _crc8VEL
0000901c   _delay
003f5070   _delay_loop
003f5053   _disablePWM
00009084   _dq
0000909c   _dqP
0000904a   _dt
003f6352   _exit
003f49b2   _flashInit
0000906e   _flashRegs
003f49b8   _flashSetup
003f4c1c   _getMaxPWMVal
003f49d0   _gpioInit
00009068   _gpioS
003f4a57   _gyroVerifyL2G2IS
00009040   _i
0000907a   _iTot
00009060   _interrupS
003f503b   _interrupSDefVectTableInit
0000905a   _interrupSVectTable
003f4c31   _interrupsCpuSetup
003f497e   _interrupsCtrlInit
003f4972   _interrupsInit
003f4c27   _interruptSEnable
00009042   _j
0000904e   _jj
00009010   _lockDevEn
00009018   _lockDevSend
003f4c49   _lockDevStart
00009014   _lockDevStepCount
003f4c75   _main
003f48de   _makeTest
003f4821   _mcbspAddr
00009036   _mcbspData
00009066   _mcbspRegs
003f4825   _mcbspSetupSpi
003f4808   _mcbsp_read
003f47ff   _mcbsp_write
003f47f9   _mcbspaInit
003f47cf   _mcbspaSetup
00009016   _mode
00009044   _mode1cnt
00009046   _mode3cnt
00009180   _motor0
00009140   _motor1
00009017   _moveMode
003f4799   _park
003f4763   _parkInv
003f4762   _pidCalc
00009280   _pidD
00009300   _pidQ
00009200   _pidVel
003f40e4   _pid_reg3_calc
000090c0   _pwmHandle
000090cc   _pwmRegS
003f4745   _pwmSInit
003f45dc   _pwmSetupWTest
00009080   _pwmValues
00009072   _refD
00009076   _refQ
003f52ac   _rsvd_ISR
000090a4   _saadFrameResive
000090ac   _saadFrameSend
00009021   _saadTests
00009001   _saadTestsPs
00009024   _sciCounter
0000901a   _sciFramePart
00009020   _sciSendCnt
003f45d6   _sciaInit
003f45d1   _sciaRead
0000906a   _sciaRegs
003f45ab   _sciaSetup
003f45a5   _sciaWrite
00009011   _sendDubSCI
00009013   _sendSCI
003f4054   _setExtOsc
003f4599   _setIntOsc1
003f458d   _setIntOsc2
003f4564   _setPWMValues
003f4574   _setPWMValuesArr
0000901e   _setSci
003f40ad   _setUpPeripheralClocks
003f4558   _setXTALOsc
003f452c   _setupClks
003f42fb   _setupGPIOs
003f42ec   _setupGPIOsInterrupt
003f425c   _setupPeripheralClks
003f6299   _sin
0000902a   _speed
00009054   _spiData
003f424e   _spiDisableFF
003f420a   _spiGyroConfL2G2IS
003f417e   _spiGyroConfMAX
003f4178   _spiInit
000091c0   _spiModule
003f4169   _spiSetupFF
00009052   _spiaRegs
003f4166   _stopMotor
0000903a   _sysCtrlRegs
003f4160   _systemInit
003f4144   _systemSetup
00009062   _tempData1
0000906c   _tempData2
0000901f   _testSciSend
0000903e   _time
0000904c   _timeUp
00009050   _timer0cnt
00009070   _timer1cnt
003f403e   _timerInit
003f402e   _timerSConfig
003f4000   _usDelay
0000902c   _vel
0000903c   _velCoef
0000901b   _xData
00009058   _xIntruptRegs
0000901d   _yData
ffffffff   binit
003f657a   cinit
003f7ff6   code_start
003f637a   etext
ffffffff   pinit


GLOBAL SYMBOLS: SORTED BY Symbol Address 

address    name
--------   ----
00000000   _RamfuncsLoadSize
00000001   __TI_args_main
00000050   __stack
00000300   __STACK_SIZE
00000350   __STACK_END
00008000   _RamfuncsLoadEnd
00008000   _RamfuncsLoadStart
00008000   _RamfuncsRunStart
00009000   _SAAD_ST
00009001   _saadTestsPs
00009002   _SAAD_TEST_RES_BITS
00009003   _SAAD_TESTS_BITS
00009004   _SAAD_TEST_RES
00009005   _POSITION_BITS
00009006   _COMMAND_BYTE_BITS
00009007   _VELOCITY
00009008   _COMMAND_BYTE
00009009   _CTRLSUM_BITS
0000900a   _CTRLSUM
0000900b   _DATA
0000900c   _POSITION
0000900d   _DATA_BITS
0000900e   _VELOCITY_BITS
0000900f   _apsR
00009010   _lockDevEn
00009011   _sendDubSCI
00009012   _apsL
00009013   _sendSCI
00009014   _lockDevStepCount
00009015   _angArrCnt
00009016   _mode
00009017   _moveMode
00009018   _lockDevSend
00009019   _counter
0000901a   _sciFramePart
0000901b   _xData
0000901c   _delay
0000901d   _yData
0000901e   _setSci
0000901f   _testSciSend
00009020   _sciSendCnt
00009021   _saadTests
00009022   _SAAD_CTRL
00009023   _SAAD_CTRL_BITS
00009024   _sciCounter
00009025   _SAAD_ST_BITS
00009026   _alpha1
00009028   _alpha
0000902a   _speed
0000902c   _vel
0000902e   _acel
00009030   _SAAD_CTRL_ALL
00009032   _adcRegs
00009034   _adcResRegs
00009036   _mcbspData
00009038   _START_BIT_BITS
0000903a   _sysCtrlRegs
0000903c   _velCoef
0000903e   _time
00009040   _i
00009042   _j
00009044   _mode1cnt
00009046   _mode3cnt
00009048   _clkS
0000904a   _dt
0000904c   _timeUp
0000904e   _jj
00009050   _timer0cnt
00009052   _spiaRegs
00009054   _spiData
00009056   _CpuTimer2Regs
00009058   _xIntruptRegs
0000905a   _interrupSVectTable
0000905c   _CpuTimer1Regs
0000905e   _CpuTimer0Regs
00009060   _interrupS
00009062   _tempData1
00009064   _START_BIT
00009066   _mcbspRegs
00009068   _gpioS
0000906a   _sciaRegs
0000906c   _tempData2
0000906e   _flashRegs
00009070   _timer1cnt
00009072   _refD
00009076   _refQ
0000907a   _iTot
00009080   _pwmValues
00009084   _dq
0000908c   _alBe
00009094   _alBeI
0000909c   _dqP
000090a4   _saadFrameResive
000090ac   _saadFrameSend
000090b4   _angArr
000090c0   _pwmHandle
000090cc   _pwmRegS
000090d8   _abcI
000090e4   _abc
00009100   _adcRes
00009140   _motor1
00009180   _motor0
000091c0   _spiModule
00009200   _pidVel
00009280   _pidD
00009300   _pidQ
00009380   _AMCconfArr
00009400   __unlock
00009402   __lock
00009404   ___TI_cleanup_ptr
00009406   ___TI_dtors_ptr
003f4000   .text
003f4000   ___text__
003f4000   _usDelay
003f4001   _ConfigCpuTimer0
003f4010   _ConfigCpuTimer1
003f401f   _ConfigCpuTimer2
003f402e   _timerSConfig
003f403e   _timerInit
003f404a   _DisableDog
003f4054   _setExtOsc
003f4063   _InitPll
003f40ad   _setUpPeripheralClocks
003f40e4   _pid_reg3_calc
003f4144   _systemSetup
003f4160   _systemInit
003f4166   _stopMotor
003f4169   _spiSetupFF
003f4178   _spiInit
003f417e   _spiGyroConfMAX
003f420a   _spiGyroConfL2G2IS
003f424e   _spiDisableFF
003f425c   _setupPeripheralClks
003f42ec   _setupGPIOsInterrupt
003f42fb   _setupGPIOs
003f452c   _setupClks
003f4558   _setXTALOsc
003f4564   _setPWMValues
003f4574   _setPWMValuesArr
003f458d   _setIntOsc2
003f4599   _setIntOsc1
003f45a5   _sciaWrite
003f45ab   _sciaSetup
003f45d1   _sciaRead
003f45d6   _sciaInit
003f45dc   _pwmSetupWTest
003f4745   _pwmSInit
003f4762   _pidCalc
003f4763   _parkInv
003f4799   _park
003f47cf   _mcbspaSetup
003f47f9   _mcbspaInit
003f47ff   _mcbsp_write
003f4808   _mcbsp_read
003f4821   _mcbspAddr
003f4825   _mcbspSetupSpi
003f4894   _adcRead
003f48de   _makeTest
003f4972   _interrupsInit
003f497e   _interrupsCtrlInit
003f49b2   _flashInit
003f49b8   _flashSetup
003f49d0   _gpioInit
003f49d9   _AMCconf
003f4a57   _gyroVerifyL2G2IS
003f4aae   _adcInit
003f4ab7   _ADC_config
003f4c1c   _getMaxPWMVal
003f4c27   _interruptSEnable
003f4c31   _interrupsCpuSetup
003f4c49   _lockDevStart
003f4c75   _main
003f503b   _interrupSDefVectTableInit
003f5053   _disablePWM
003f5070   _delay_loop
003f5082   _crc8VEL
003f509a   _crc8POS
003f50b2   _crc8DATA
003f50ca   _alphaF
003f510b   _SPI_RX_isr
003f5152   _calcSpeed
003f5187   _clarke
003f51b4   _clarkeInv
003f5223   _clkg_delay_loop
003f5235   _clkInit
003f523e   _calcPWM
003f52a2   _ServiceDog
003f52ac   _rsvd_ISR
003f52b6   _cpu_timer2_isr
003f5342   _cpu_timer1_isr
003f577b   _cpu_timer0_isr
003f5b80   _adc_X_ISR
003f5bb1   _XINT3_ISR
003f5bbb   _XINT2_ISR
003f5bc5   _XINT1_ISR
003f5bcf   _WAKEINT_ISR
003f5bd9   _USER9_ISR
003f5be3   _USER8_ISR
003f5bed   _USER7_ISR
003f5bf7   _USER6_ISR
003f5c01   _USER5_ISR
003f5c0b   _USER4_ISR
003f5c15   _USER3_ISR
003f5c1f   _USER2_ISR
003f5c29   _USER1_ISR
003f5c33   _USER12_ISR
003f5c3d   _USER11_ISR
003f5c47   _USER10_ISR
003f5c51   _USB0_INT_ISR
003f5c5b   _TINT0_ISR
003f5c65   _SPITXINTB_ISR
003f5c6f   _SPITXINTA_ISR
003f5c79   _SPIRXINTB_ISR
003f5c83   _SPIRXINTA_ISR
003f5c8d   _SCI_RX_isr
003f5ca1   _SCITXINTB_ISR
003f5cab   _SCITXINTA_ISR
003f5cb5   _SCIRXINTB_ISR
003f5cbf   _SCIRXINTA_ISR
003f5cc9   _RTOSINT_ISR
003f5cd3   _PIE_RESERVED
003f5cdd   _NMI_ISR
003f5ce7   _MXINTA_ISR
003f5cf1   _MRINTA_ISR
003f5cfb   _LVF_ISR
003f5d05   _LUF_ISR
003f5d0f   _INT14_ISR
003f5d19   _INT13_ISR
003f5d23   _ILLEGAL_ISR
003f5d2d   _I2CINT2A_ISR
003f5d37   _I2CINT1A_ISR
003f5d41   _HRCAP4_INT_ISR
003f5d4b   _HRCAP3_INT_ISR
003f5d55   _HRCAP2_INT_ISR
003f5d5f   _HRCAP1_INT_ISR
003f5d69   _GYRO_X_isr
003f5d7d   _EQEP2_INT_ISR
003f5d87   _EQEP1_INT_ISR
003f5d91   _EPWM8_TZINT_ISR
003f5d9b   _EPWM8_INT_ISR
003f5da5   _EPWM7_TZINT_ISR
003f5daf   _EPWM7_INT_ISR
003f5db9   _EPWM6_TZINT_ISR
003f5dc3   _EPWM6_INT_ISR
003f5dcd   _EPWM5_TZINT_ISR
003f5dd7   _EPWM5_INT_ISR
003f5de1   _EPWM4_TZINT_ISR
003f5deb   _EPWM4_INT_ISR
003f5df5   _EPWM3_TZINT_ISR
003f5dff   _EPWM3_INT_ISR
003f5e09   _EPWM2_TZINT_ISR
003f5e13   _EPWM2_INT_ISR
003f5e1d   _EPWM1_TZINT_ISR
003f5e27   _EPWM1_INT_ISR
003f5e31   _EMUINT_ISR
003f5e3b   _EMPTY_ISR
003f5e48   _ECAP3_INT_ISR
003f5e52   _ECAP2_INT_ISR
003f5e5c   _ECAP1_INT_ISR
003f5e66   _ECAN1INTA_ISR
003f5e70   _ECAN0INTA_ISR
003f5e7a   _DINTCH6_ISR
003f5e84   _DINTCH5_ISR
003f5e8e   _DINTCH4_ISR
003f5e98   _DINTCH3_ISR
003f5ea2   _DINTCH2_ISR
003f5eac   _DINTCH1_ISR
003f5eb6   _DATALOG_ISR
003f5ec0   _CLA1_INT8_ISR
003f5eca   _CLA1_INT7_ISR
003f5ed4   _CLA1_INT6_ISR
003f5ede   _CLA1_INT5_ISR
003f5ee8   _CLA1_INT4_ISR
003f5ef2   _CLA1_INT3_ISR
003f5efc   _CLA1_INT2_ISR
003f5f06   _CLA1_INT1_ISR
003f5f10   _ADCINT9_ISR
003f5f1a   _ADCINT8_ISR
003f5f24   _ADCINT7_ISR
003f5f2e   _ADCINT6_ISR
003f5f38   _ADCINT5_ISR
003f5f42   _ADCINT4_ISR
003f5f4c   _ADCINT3_ISR
003f5f56   _ADCINT2_ISR
003f5f60   _ADCINT1_ISR
003f5f6a   _CLK_setWatchDogSrc
003f5f71   _CLK_setTimer2Src
003f5f78   _CLK_setTimer2PreScale
003f5f7f   _CLK_setOscSrc
003f5f86   _CLK_setOsc2Src
003f5f8d   _CLK_setLowSpdPreScaler
003f5f93   _CLK_setClkOutPreScaler
003f5f9a   _CLK_init
003f5fa0   _CLK_enableWatchDogHaltMode
003f5fa6   _CLK_enableTbClockSync
003f5fad   _CLK_enableSpibClock
003f5fb4   _CLK_enableSpiaClock
003f5fbb   _CLK_enableSciaClock
003f5fc2   _CLK_enablePwmClock
003f5fcb   _CLK_enableOsc2HaltMode
003f5fd1   _CLK_enableOsc2
003f5fd7   _CLK_enableOsc1HaltMode
003f5fdd   _CLK_enableOsc1
003f5fe3   _CLK_enableLinAClock
003f5fea   _CLK_enableI2cClock
003f5ff1   _CLK_enableHrPwmClock
003f5ff8   _CLK_enableGpioInputClock
003f5fff   _CLK_enableEqep1Clock
003f6006   _CLK_enableEcap1Clock
003f600d   _CLK_enableEcanaClock
003f6014   _CLK_enableCrystalOsc
003f601a   _CLK_enableCpuTimerClock
003f6020   _CLK_enableCompClock
003f6026   _CLK_enableClkIn
003f602c   _CLK_enableClaClock
003f6033   _CLK_enableAdcClock
003f603a   _CLK_disableWatchDogHaltMode
003f6040   _CLK_disableTbClockSync
003f6047   _CLK_disableSpibClock
003f604b   _CLK_disableSpiaClock
003f6052   _CLK_disableSciaClock
003f6059   _CLK_disablePwmClock
003f6063   _CLK_disableOsc2HaltMode
003f6069   _CLK_disableOsc2
003f606f   _CLK_disableOsc1HaltMode
003f6075   _CLK_disableOsc1
003f607b   _CLK_disableLinAClock
003f6082   _CLK_disableI2cClock
003f6089   _CLK_disableHrPwmClock
003f6090   _CLK_disableGpioInputClock
003f6097   _CLK_disableEqep1Clock
003f609e   _CLK_disableEcap1Clock
003f60a5   _CLK_disableEcanaClock
003f60ac   _CLK_disableCrystalOsc
003f60b2   _CLK_disableCpuTimerClock
003f60b9   _CLK_disableCompClock
003f60bd   _CLK_disableClkIn
003f60c3   _CLK_disableClaClock
003f60ca   _CLK_disableAdcClock
003f60d1   _GPIO_toggle
003f60e4   _GPIO_setPullup
003f60ff   _GPIO_setMode
003f6137   _GPIO_setLow
003f614a   _GPIO_setHigh
003f615d   _GPIO_setExtInt
003f6169   _GPIO_setDirection
003f6184   _GPIO_read
003f61aa   _GPIO_init
003f61b0   FS$$DIV
003f6238   _cos
003f6299   _sin
003f62f1   _c_int00
003f6337   __args_main
003f6350   C$$EXIT
003f6350   _abort
003f6352   _exit
003f6369   __register_unlock
003f636d   __register_lock
003f6371   __nop
003f637a   ___etext__
003f637a   etext
003f647a   _PieVectTableInit
003f657a   ___cinit__
003f657a   cinit
003f7ff6   code_start
ffffffff   ___binit__
ffffffff   ___c_args__
ffffffff   ___pinit__
ffffffff   binit
ffffffff   pinit

[370 symbols]
