******************************************************************************
             TMS320C2000 Linker Unix v6.2.7                    
******************************************************************************
>> Linked Sat Jul 14 10:46:03 2018

OUTPUT FILE NAME:   <motorsBetaC2.out>
ENTRY POINT SYMBOL: "_c_int00"  address: 003f64b8


MEMORY CONFIGURATION

         name            origin    length      used     unused   attr    fill
----------------------  --------  ---------  --------  --------  ----  --------
PAGE 0:
  RAML0                 00008000   00000800  00000000  00000800  RWIX
  RAML1                 00008800   00000400  00000000  00000400  RWIX
  OTP                   003d7800   00000400  00000000  00000400  RWIX
  FLASHH                003d8000   00004000  00000000  00004000  RWIX
  FLASHG                003dc000   00004000  00000000  00004000  RWIX
  FLASHF                003e0000   00004000  00000000  00004000  RWIX
  FLASHE                003e4000   00004000  00000000  00004000  RWIX
  FLASHD                003e8000   00004000  00000000  00004000  RWIX
  FLASHC                003ec000   00004000  00000000  00004000  RWIX
  FLASHA                003f4000   00003f80  0000291e  00001662  RWIX
  CSM_RSVD              003f7f80   00000076  00000000  00000076  RWIX
  BEGIN                 003f7ff6   00000002  00000002  00000000  RWIX
  CSM_PWL_P0            003f7ff8   00000008  00000000  00000008  RWIX
  FPUTABLES             003fd860   000006a0  00000000  000006a0  RWIX
  IQTABLES              003fdf00   00000b50  00000000  00000b50  RWIX
  IQTABLES2             003fea50   0000008c  00000000  0000008c  RWIX
  IQTABLES3             003feadc   000000aa  00000000  000000aa  RWIX
  ROM                   003ff3b0   00000c10  00000000  00000c10  RWIX
  RESET                 003fffc0   00000002  00000000  00000002  RWIX
  VECTORS               003fffc2   0000003e  00000000  0000003e  RWIX

PAGE 1:
  BOOT_RSVD             00000000   00000050  00000000  00000050  RWIX
  RAMM0                 00000050   000003b0  00000300  000000b0  RWIX
  RAMM1                 00000400   00000400  00000000  00000400  RWIX
  RAML2                 00008c00   00000400  00000000  00000400  RWIX
  RAML3                 00009000   00001000  00000408  00000bf8  RWIX
  RAML4                 0000a000   00002000  00000000  00002000  RWIX
  RAML5                 0000c000   00002000  00000000  00002000  RWIX
  RAML6                 0000e000   00002000  00000000  00002000  RWIX
  RAML7                 00010000   00002000  00000000  00002000  RWIX
  RAML8                 00012000   00002000  00000000  00002000  RWIX
  USB_RAM               00040000   00000800  00000000  00000800  RWIX
  FLASHB                003f0000   00004000  00000000  00004000  RWIX


SECTION ALLOCATION MAP

 output                                  attributes/
section   page    origin      length       input sections
--------  ----  ----------  ----------   ----------------
.pinit     0    003f4000    00000000     UNINITIALIZED

ramfuncs   0    00008000    00000000     UNINITIALIZED

.text      0    003f4000    00002541     
                  003f4000    00001350     main.obj (.text)
                  003f5350    00000db1     main.obj (.text:retain)
                  003f6101    00000167     clk.obj (.text)
                  003f6268    0000010f     gpio.obj (.text)
                  003f6377    00000088     rts2800_fpu32.lib : fs_div.obj (.text)
                  003f63ff    00000061                       : cos.obj (.text)
                  003f6460    00000058                       : sin.obj (.text)
                  003f64b8    00000046                       : boot.obj (.text)
                  003f64fe    00000019                       : args_main.obj (.text)
                  003f6517    00000019                       : exit.obj (.text)
                  003f6530    00000009                       : _lock.obj (.text)
                  003f6539    00000008     F2806x_CodeStartBranch.obj (.text)

.econst    0    003f6542    00000200     
                  003f6542    00000100     main.obj (.econst:.string:_CRC_TABLE)
                  003f6642    00000100     main.obj (.econst)

.cinit     0    003f6742    000001bd     
                  003f6742    000001a7     main.obj (.cinit)
                  003f68e9    0000000a     rts2800_fpu32.lib : _lock.obj (.cinit)
                  003f68f3    0000000a                       : exit.obj (.cinit)
                  003f68fd    00000002     --HOLE-- [fill = 0]

.switch    0    003f6900    00000020     
                  003f6900    00000020     main.obj (.switch:_adcRead)

codestart 
*          0    003f7ff6    00000002     
                  003f7ff6    00000002     F2806x_CodeStartBranch.obj (codestart)

.reset     0    003fffc0    00000002     DSECT
                  003fffc0    00000002     rts2800_fpu32.lib : boot.obj (.reset)

vectors    0    003fffc2    00000000     DSECT

.stack     1    00000050    00000300     UNINITIALIZED
                  00000050    00000300     --HOLE--

.ebss      1    00009000    00000408     UNINITIALIZED
                  00009000    00000400     main.obj (.ebss)
                  00009400    00000004     rts2800_fpu32.lib : _lock.obj (.ebss)
                  00009404    00000004                       : exit.obj (.ebss)


GLOBAL DATA SYMBOLS: SORTED BY DATA PAGE

address     data page           name
--------    ----------------    ----
00000050       1 (00000040)     __stack

00009000     240 (00009000)     _SAAD_ST
00009001     240 (00009000)     _saadTestsPs
00009002     240 (00009000)     _SAAD_TEST_RES_BITS
00009003     240 (00009000)     _SAAD_TESTS_BITS
00009004     240 (00009000)     _SAAD_TEST_RES
00009005     240 (00009000)     _POSITION_BITS
00009006     240 (00009000)     _COMMAND_BYTE_BITS
00009007     240 (00009000)     _VELOCITY
00009008     240 (00009000)     _COMMAND_BYTE
00009009     240 (00009000)     _CTRLSUM_BITS
0000900a     240 (00009000)     _CTRLSUM
0000900b     240 (00009000)     _DATA
0000900c     240 (00009000)     _POSITION
0000900d     240 (00009000)     _DATA_BITS
0000900e     240 (00009000)     _VELOCITY_BITS
0000900f     240 (00009000)     _apsR
00009010     240 (00009000)     _lockDevEn
00009011     240 (00009000)     _sendDubSCI
00009012     240 (00009000)     _apsL
00009013     240 (00009000)     _sendSCI
00009014     240 (00009000)     _lockDevStepCount
00009015     240 (00009000)     _angArrCnt
00009016     240 (00009000)     _mode
00009017     240 (00009000)     _moveMode
00009018     240 (00009000)     _lockDevSend
00009019     240 (00009000)     _counter
0000901a     240 (00009000)     _sciFramePart
0000901b     240 (00009000)     _xData
0000901c     240 (00009000)     _delay
0000901d     240 (00009000)     _yData
0000901e     240 (00009000)     _setSci
0000901f     240 (00009000)     _testSciSend
00009020     240 (00009000)     _sciSendCnt
00009021     240 (00009000)     _saadTests
00009022     240 (00009000)     _SAAD_CTRL
00009023     240 (00009000)     _SAAD_CTRL_BITS
00009024     240 (00009000)     _sciCounter
00009025     240 (00009000)     _SAAD_ST_BITS
00009026     240 (00009000)     _alpha1
00009028     240 (00009000)     _alpha
0000902a     240 (00009000)     _speed
0000902c     240 (00009000)     _vel
0000902e     240 (00009000)     _acel
00009030     240 (00009000)     _SAAD_CTRL_ALL
00009032     240 (00009000)     _adcRegs
00009034     240 (00009000)     _adcResRegs
00009036     240 (00009000)     _mcbspData
00009038     240 (00009000)     _START_BIT_BITS
0000903a     240 (00009000)     _sysCtrlRegs
0000903c     240 (00009000)     _velCoef
0000903e     240 (00009000)     _time

00009040     241 (00009040)     _i
00009042     241 (00009040)     _j
00009044     241 (00009040)     _mode1cnt
00009046     241 (00009040)     _mode3cnt
00009048     241 (00009040)     _clkS
0000904a     241 (00009040)     _dt
0000904c     241 (00009040)     _timeUp
0000904e     241 (00009040)     _jj
00009050     241 (00009040)     _timer0cnt
00009052     241 (00009040)     _spiaRegs
00009054     241 (00009040)     _spiData
00009056     241 (00009040)     _CpuTimer2Regs
00009058     241 (00009040)     _xIntruptRegs
0000905a     241 (00009040)     _interrupSVectTable
0000905c     241 (00009040)     _CpuTimer1Regs
0000905e     241 (00009040)     _CpuTimer0Regs
00009060     241 (00009040)     _interrupS
00009062     241 (00009040)     _tempData1
00009064     241 (00009040)     _START_BIT
00009066     241 (00009040)     _mcbspRegs
00009068     241 (00009040)     _gpioS
0000906a     241 (00009040)     _sciaRegs
0000906c     241 (00009040)     _tempData2
0000906e     241 (00009040)     _flashRegs
00009070     241 (00009040)     _timer1cnt
00009072     241 (00009040)     _refD
00009076     241 (00009040)     _refQ
0000907a     241 (00009040)     _iTot

00009080     242 (00009080)     _pwmValues
00009084     242 (00009080)     _dq
0000908c     242 (00009080)     _alBe
00009094     242 (00009080)     _alBeI
0000909c     242 (00009080)     _dqP
000090a4     242 (00009080)     _saadFrameResive
000090ac     242 (00009080)     _saadFrameSend
000090b4     242 (00009080)     _angArr

000090c0     243 (000090c0)     _pwmHandle
000090cc     243 (000090c0)     _pwmRegS
000090d8     243 (000090c0)     _abcI
000090e4     243 (000090c0)     _abc

00009100     244 (00009100)     _adcRes

00009140     245 (00009140)     _motor1

00009180     246 (00009180)     _motor0

000091c0     247 (000091c0)     _spiModule

00009200     248 (00009200)     _pidVel

00009280     24a (00009280)     _pidD

00009300     24c (00009300)     _pidQ

00009380     24e (00009380)     _AMCconfArr

00009400     250 (00009400)     __unlock
00009402     250 (00009400)     __lock
00009404     250 (00009400)     ___TI_cleanup_ptr
00009406     250 (00009400)     ___TI_dtors_ptr

003f6642    fd99 (003f6640)     _PieVectTableInit


GLOBAL SYMBOLS: SORTED ALPHABETICALLY BY Name 

address    name
--------   ----
003f4000   .text
003f6517   C$$EXIT
003f6377   FS$$DIV
003f540e   _ADCINT1_ISR
003f5418   _ADCINT2_ISR
003f5620   _ADCINT3_ISR
003f562a   _ADCINT4_ISR
003f5634   _ADCINT5_ISR
003f563e   _ADCINT6_ISR
003f5648   _ADCINT7_ISR
003f5652   _ADCINT8_ISR
003f5436   _ADCINT9_ISR
003f4366   _ADC_config
003f46da   _AMCconf
00009380   _AMCconfArr
003f565c   _CLA1_INT1_ISR
003f5666   _CLA1_INT2_ISR
003f5670   _CLA1_INT3_ISR
003f567a   _CLA1_INT4_ISR
003f5684   _CLA1_INT5_ISR
003f568e   _CLA1_INT6_ISR
003f5698   _CLA1_INT7_ISR
003f56a2   _CLA1_INT8_ISR
003f6101   _CLK_disableAdcClock
003f6108   _CLK_disableClaClock
003f610f   _CLK_disableClkIn
003f6115   _CLK_disableCompClock
003f6119   _CLK_disableCpuTimerClock
003f6120   _CLK_disableCrystalOsc
003f6126   _CLK_disableEcanaClock
003f612d   _CLK_disableEcap1Clock
003f6134   _CLK_disableEqep1Clock
003f613b   _CLK_disableGpioInputClock
003f6142   _CLK_disableHrPwmClock
003f6149   _CLK_disableI2cClock
003f6150   _CLK_disableLinAClock
003f6157   _CLK_disableOsc1
003f615d   _CLK_disableOsc1HaltMode
003f6163   _CLK_disableOsc2
003f6169   _CLK_disableOsc2HaltMode
003f616f   _CLK_disablePwmClock
003f6179   _CLK_disableSciaClock
003f6180   _CLK_disableSpiaClock
003f6187   _CLK_disableSpibClock
003f618b   _CLK_disableTbClockSync
003f6192   _CLK_disableWatchDogHaltMode
003f6198   _CLK_enableAdcClock
003f619f   _CLK_enableClaClock
003f61cd   _CLK_enableClkIn
003f61a6   _CLK_enableCompClock
003f61ac   _CLK_enableCpuTimerClock
003f61b2   _CLK_enableCrystalOsc
003f61b8   _CLK_enableEcanaClock
003f61c6   _CLK_enableEcap1Clock
003f61bf   _CLK_enableEqep1Clock
003f61d3   _CLK_enableGpioInputClock
003f61da   _CLK_enableHrPwmClock
003f61e1   _CLK_enableI2cClock
003f61e8   _CLK_enableLinAClock
003f61ef   _CLK_enableOsc1
003f61f5   _CLK_enableOsc1HaltMode
003f61fb   _CLK_enableOsc2
003f6201   _CLK_enableOsc2HaltMode
003f6207   _CLK_enablePwmClock
003f6210   _CLK_enableSciaClock
003f6217   _CLK_enableSpiaClock
003f621e   _CLK_enableSpibClock
003f6225   _CLK_enableTbClockSync
003f622c   _CLK_enableWatchDogHaltMode
003f6232   _CLK_init
003f6238   _CLK_setClkOutPreScaler
003f623f   _CLK_setLowSpdPreScaler
003f624c   _CLK_setOsc2Src
003f6245   _CLK_setOscSrc
003f6253   _CLK_setTimer2PreScale
003f625a   _CLK_setTimer2Src
003f6261   _CLK_setWatchDogSrc
00009008   _COMMAND_BYTE
00009006   _COMMAND_BYTE_BITS
0000900a   _CTRLSUM
00009009   _CTRLSUM_BITS
003f49df   _ConfigCpuTimer0
003f49ee   _ConfigCpuTimer1
003f49fd   _ConfigCpuTimer2
0000905e   _CpuTimer0Regs
0000905c   _CpuTimer1Regs
00009056   _CpuTimer2Regs
0000900b   _DATA
003f5364   _DATALOG_ISR
0000900d   _DATA_BITS
003f5594   _DINTCH1_ISR
003f559e   _DINTCH2_ISR
003f55a8   _DINTCH3_ISR
003f55b2   _DINTCH4_ISR
003f55bc   _DINTCH5_ISR
003f55c6   _DINTCH6_ISR
003f429b   _DisableDog
003f560c   _ECAN0INTA_ISR
003f5616   _ECAN1INTA_ISR
003f54f4   _ECAP1_INT_ISR
003f54fe   _ECAP2_INT_ISR
003f5508   _ECAP3_INT_ISR
003f56ca   _EMPTY_ISR
003f5378   _EMUINT_ISR
003f54a4   _EPWM1_INT_ISR
003f5454   _EPWM1_TZINT_ISR
003f54ae   _EPWM2_INT_ISR
003f545e   _EPWM2_TZINT_ISR
003f54b8   _EPWM3_INT_ISR
003f5468   _EPWM3_TZINT_ISR
003f54c2   _EPWM4_INT_ISR
003f5472   _EPWM4_TZINT_ISR
003f54cc   _EPWM5_INT_ISR
003f547c   _EPWM5_TZINT_ISR
003f54d6   _EPWM6_INT_ISR
003f5486   _EPWM6_TZINT_ISR
003f54e0   _EPWM7_INT_ISR
003f5490   _EPWM7_TZINT_ISR
003f54ea   _EPWM8_INT_ISR
003f549a   _EPWM8_TZINT_ISR
003f5526   _EQEP1_INT_ISR
003f5530   _EQEP2_INT_ISR
003f6268   _GPIO_init
003f62c4   _GPIO_read
003f6293   _GPIO_setDirection
003f62b8   _GPIO_setExtInt
003f62ea   _GPIO_setHigh
003f62ff   _GPIO_setLow
003f6314   _GPIO_setMode
003f626e   _GPIO_setPullup
003f6362   _GPIO_toggle
003f60d4   _GYRO_X_isr
003f5512   _HRCAP1_INT_ISR
003f551c   _HRCAP2_INT_ISR
003f553a   _HRCAP3_INT_ISR
003f5544   _HRCAP4_INT_ISR
003f55d0   _I2CINT1A_ISR
003f55da   _I2CINT2A_ISR
003f538c   _ILLEGAL_ISR
003f5350   _INT13_ISR
003f535a   _INT14_ISR
003f42a5   _InitPll
003f56c0   _LUF_ISR
003f56b6   _LVF_ISR
003f5580   _MRINTA_ISR
003f558a   _MXINTA_ISR
003f5382   _NMI_ISR
003f56d7   _PIE_RESERVED
0000900c   _POSITION
00009005   _POSITION_BITS
003f6642   _PieVectTableInit
003f536e   _RTOSINT_ISR
00008000   _RamfuncsLoadEnd
00000000   _RamfuncsLoadSize
00008000   _RamfuncsLoadStart
00008000   _RamfuncsRunStart
00009022   _SAAD_CTRL
00009030   _SAAD_CTRL_ALL
00009023   _SAAD_CTRL_BITS
00009000   _SAAD_ST
00009025   _SAAD_ST_BITS
00009003   _SAAD_TESTS_BITS
00009004   _SAAD_TEST_RES
00009002   _SAAD_TEST_RES_BITS
003f55e4   _SCIRXINTA_ISR
003f55f8   _SCIRXINTB_ISR
003f55ee   _SCITXINTA_ISR
003f5602   _SCITXINTB_ISR
003f60c0   _SCI_RX_isr
003f5558   _SPIRXINTA_ISR
003f556c   _SPIRXINTB_ISR
003f5562   _SPITXINTA_ISR
003f5576   _SPITXINTB_ISR
003f5276   _SPI_RX_isr
00009064   _START_BIT
00009038   _START_BIT_BITS
003f4291   _ServiceDog
003f5440   _TINT0_ISR
003f554e   _USB0_INT_ISR
003f53f0   _USER10_ISR
003f53fa   _USER11_ISR
003f5404   _USER12_ISR
003f5396   _USER1_ISR
003f53a0   _USER2_ISR
003f53aa   _USER3_ISR
003f53b4   _USER4_ISR
003f53be   _USER5_ISR
003f53c8   _USER6_ISR
003f53d2   _USER7_ISR
003f53dc   _USER8_ISR
003f53e6   _USER9_ISR
00009007   _VELOCITY
0000900e   _VELOCITY_BITS
003f544a   _WAKEINT_ISR
003f5422   _XINT1_ISR
003f542c   _XINT2_ISR
003f56ac   _XINT3_ISR
00000350   __STACK_END
00000300   __STACK_SIZE
00000001   __TI_args_main
00009404   ___TI_cleanup_ptr
00009406   ___TI_dtors_ptr
ffffffff   ___binit__
ffffffff   ___c_args__
003f6742   ___cinit__
003f6541   ___etext__
ffffffff   ___pinit__
003f4000   ___text__
003f64fe   __args_main
00009402   __lock
003f6538   __nop
003f6534   __register_lock
003f6530   __register_unlock
00000050   __stack
00009400   __unlock
000090e4   _abc
000090d8   _abcI
003f6517   _abort
0000902e   _acel
003f435d   _adcInit
003f44dc   _adcRead
00009032   _adcRegs
00009100   _adcRes
00009034   _adcResRegs
003f60e8   _adc_X_ISR
0000908c   _alBe
00009094   _alBeI
00009028   _alpha
00009026   _alpha1
003f4eb7   _alphaF
000090b4   _angArr
00009015   _angArrCnt
00009012   _apsL
0000900f   _apsR
003f64b8   _c_int00
003f4c25   _calcPWM
003f531d   _calcSpeed
003f4d15   _clarke
003f4dae   _clarkeInv
003f4542   _clkInit
00009048   _clkS
003f4619   _clkg_delay_loop
003f63ff   _cos
00009019   _counter
003f56eb   _cpu_timer0_isr
003f5b83   _cpu_timer1_isr
003f5af9   _cpu_timer2_isr
003f4c0d   _crc8DATA
003f4bdd   _crc8POS
003f4bf5   _crc8VEL
0000901c   _delay
003f4607   _delay_loop
003f4b9c   _disablePWM
00009084   _dq
0000909c   _dqP
0000904a   _dt
003f6519   _exit
003f424a   _flashInit
0000906e   _flashRegs
003f4250   _flashSetup
003f4bd2   _getMaxPWMVal
003f4001   _gpioInit
00009068   _gpioS
003f478d   _gyroVerifyL2G2IS
00009040   _i
0000907a   _iTot
00009060   _interrupS
003f49a8   _interrupSDefVectTableInit
0000905a   _interrupSVectTable
003f4989   _interrupsCpuSetup
003f4949   _interrupsCtrlInit
003f493d   _interrupsInit
003f497e   _interruptSEnable
00009042   _j
0000904e   _jj
00009010   _lockDevEn
00009018   _lockDevSend
003f52bd   _lockDevStart
00009014   _lockDevStepCount
003f4ef8   _main
003f4e20   _makeTest
003f46d6   _mcbspAddr
00009036   _mcbspData
00009066   _mcbspRegs
003f4666   _mcbspSetupSpi
003f46b6   _mcbsp_read
003f46a8   _mcbsp_write
003f462b   _mcbspaInit
003f4631   _mcbspaSetup
00009016   _mode
00009044   _mode1cnt
00009046   _mode3cnt
00009180   _motor0
00009140   _motor1
00009017   _moveMode
003f4d42   _park
003f4d78   _parkInv
003f4c8e   _pidCalc
00009280   _pidD
00009300   _pidQ
00009200   _pidVel
003f4c8f   _pid_reg3_calc
000090c0   _pwmHandle
000090cc   _pwmRegS
003f4a0c   _pwmSInit
003f4a27   _pwmSetupWTest
00009080   _pwmValues
00009072   _refD
00009076   _refQ
003f56e1   _rsvd_ISR
000090a4   _saadFrameResive
000090ac   _saadFrameSend
00009021   _saadTests
00009001   _saadTestsPs
00009024   _sciCounter
0000901a   _sciFramePart
00009020   _sciSendCnt
003f4901   _sciaInit
003f4932   _sciaRead
0000906a   _sciaRegs
003f4907   _sciaSetup
003f4937   _sciaWrite
00009011   _sendDubSCI
00009013   _sendSCI
003f434d   _setExtOsc
003f4329   _setIntOsc1
003f4335   _setIntOsc2
003f4b8c   _setPWMValues
003f4bb5   _setPWMValuesArr
0000901e   _setSci
003f42f1   _setUpPeripheralClocks
003f4341   _setXTALOsc
003f454b   _setupClks
003f400a   _setupGPIOs
003f423b   _setupGPIOsInterrupt
003f4577   _setupPeripheralClks
003f6460   _sin
0000902a   _speed
00009054   _spiData
003f477f   _spiDisableFF
003f48b0   _spiGyroConfL2G2IS
003f47ff   _spiGyroConfMAX
003f476a   _spiInit
000091c0   _spiModule
003f4770   _spiSetupFF
00009052   _spiaRegs
003f4c8b   _stopMotor
0000903a   _sysCtrlRegs
003f426d   _systemInit
003f4273   _systemSetup
00009062   _tempData1
0000906c   _tempData2
0000901f   _testSciSend
0000903e   _time
0000904c   _timeUp
00009050   _timer0cnt
00009070   _timer1cnt
003f49c1   _timerInit
003f49cd   _timerSConfig
003f4000   _usDelay
0000902c   _vel
0000903c   _velCoef
0000901b   _xData
00009058   _xIntruptRegs
0000901d   _yData
ffffffff   binit
003f6742   cinit
003f7ff6   code_start
003f6541   etext
ffffffff   pinit


GLOBAL SYMBOLS: SORTED BY Symbol Address 

address    name
--------   ----
00000000   _RamfuncsLoadSize
00000001   __TI_args_main
00000050   __stack
00000300   __STACK_SIZE
00000350   __STACK_END
00008000   _RamfuncsLoadEnd
00008000   _RamfuncsLoadStart
00008000   _RamfuncsRunStart
00009000   _SAAD_ST
00009001   _saadTestsPs
00009002   _SAAD_TEST_RES_BITS
00009003   _SAAD_TESTS_BITS
00009004   _SAAD_TEST_RES
00009005   _POSITION_BITS
00009006   _COMMAND_BYTE_BITS
00009007   _VELOCITY
00009008   _COMMAND_BYTE
00009009   _CTRLSUM_BITS
0000900a   _CTRLSUM
0000900b   _DATA
0000900c   _POSITION
0000900d   _DATA_BITS
0000900e   _VELOCITY_BITS
0000900f   _apsR
00009010   _lockDevEn
00009011   _sendDubSCI
00009012   _apsL
00009013   _sendSCI
00009014   _lockDevStepCount
00009015   _angArrCnt
00009016   _mode
00009017   _moveMode
00009018   _lockDevSend
00009019   _counter
0000901a   _sciFramePart
0000901b   _xData
0000901c   _delay
0000901d   _yData
0000901e   _setSci
0000901f   _testSciSend
00009020   _sciSendCnt
00009021   _saadTests
00009022   _SAAD_CTRL
00009023   _SAAD_CTRL_BITS
00009024   _sciCounter
00009025   _SAAD_ST_BITS
00009026   _alpha1
00009028   _alpha
0000902a   _speed
0000902c   _vel
0000902e   _acel
00009030   _SAAD_CTRL_ALL
00009032   _adcRegs
00009034   _adcResRegs
00009036   _mcbspData
00009038   _START_BIT_BITS
0000903a   _sysCtrlRegs
0000903c   _velCoef
0000903e   _time
00009040   _i
00009042   _j
00009044   _mode1cnt
00009046   _mode3cnt
00009048   _clkS
0000904a   _dt
0000904c   _timeUp
0000904e   _jj
00009050   _timer0cnt
00009052   _spiaRegs
00009054   _spiData
00009056   _CpuTimer2Regs
00009058   _xIntruptRegs
0000905a   _interrupSVectTable
0000905c   _CpuTimer1Regs
0000905e   _CpuTimer0Regs
00009060   _interrupS
00009062   _tempData1
00009064   _START_BIT
00009066   _mcbspRegs
00009068   _gpioS
0000906a   _sciaRegs
0000906c   _tempData2
0000906e   _flashRegs
00009070   _timer1cnt
00009072   _refD
00009076   _refQ
0000907a   _iTot
00009080   _pwmValues
00009084   _dq
0000908c   _alBe
00009094   _alBeI
0000909c   _dqP
000090a4   _saadFrameResive
000090ac   _saadFrameSend
000090b4   _angArr
000090c0   _pwmHandle
000090cc   _pwmRegS
000090d8   _abcI
000090e4   _abc
00009100   _adcRes
00009140   _motor1
00009180   _motor0
000091c0   _spiModule
00009200   _pidVel
00009280   _pidD
00009300   _pidQ
00009380   _AMCconfArr
00009400   __unlock
00009402   __lock
00009404   ___TI_cleanup_ptr
00009406   ___TI_dtors_ptr
003f4000   .text
003f4000   ___text__
003f4000   _usDelay
003f4001   _gpioInit
003f400a   _setupGPIOs
003f423b   _setupGPIOsInterrupt
003f424a   _flashInit
003f4250   _flashSetup
003f426d   _systemInit
003f4273   _systemSetup
003f4291   _ServiceDog
003f429b   _DisableDog
003f42a5   _InitPll
003f42f1   _setUpPeripheralClocks
003f4329   _setIntOsc1
003f4335   _setIntOsc2
003f4341   _setXTALOsc
003f434d   _setExtOsc
003f435d   _adcInit
003f4366   _ADC_config
003f44dc   _adcRead
003f4542   _clkInit
003f454b   _setupClks
003f4577   _setupPeripheralClks
003f4607   _delay_loop
003f4619   _clkg_delay_loop
003f462b   _mcbspaInit
003f4631   _mcbspaSetup
003f4666   _mcbspSetupSpi
003f46a8   _mcbsp_write
003f46b6   _mcbsp_read
003f46d6   _mcbspAddr
003f46da   _AMCconf
003f476a   _spiInit
003f4770   _spiSetupFF
003f477f   _spiDisableFF
003f478d   _gyroVerifyL2G2IS
003f47ff   _spiGyroConfMAX
003f48b0   _spiGyroConfL2G2IS
003f4901   _sciaInit
003f4907   _sciaSetup
003f4932   _sciaRead
003f4937   _sciaWrite
003f493d   _interrupsInit
003f4949   _interrupsCtrlInit
003f497e   _interruptSEnable
003f4989   _interrupsCpuSetup
003f49a8   _interrupSDefVectTableInit
003f49c1   _timerInit
003f49cd   _timerSConfig
003f49df   _ConfigCpuTimer0
003f49ee   _ConfigCpuTimer1
003f49fd   _ConfigCpuTimer2
003f4a0c   _pwmSInit
003f4a27   _pwmSetupWTest
003f4b8c   _setPWMValues
003f4b9c   _disablePWM
003f4bb5   _setPWMValuesArr
003f4bd2   _getMaxPWMVal
003f4bdd   _crc8POS
003f4bf5   _crc8VEL
003f4c0d   _crc8DATA
003f4c25   _calcPWM
003f4c8b   _stopMotor
003f4c8e   _pidCalc
003f4c8f   _pid_reg3_calc
003f4d15   _clarke
003f4d42   _park
003f4d78   _parkInv
003f4dae   _clarkeInv
003f4e20   _makeTest
003f4eb7   _alphaF
003f4ef8   _main
003f5276   _SPI_RX_isr
003f52bd   _lockDevStart
003f531d   _calcSpeed
003f5350   _INT13_ISR
003f535a   _INT14_ISR
003f5364   _DATALOG_ISR
003f536e   _RTOSINT_ISR
003f5378   _EMUINT_ISR
003f5382   _NMI_ISR
003f538c   _ILLEGAL_ISR
003f5396   _USER1_ISR
003f53a0   _USER2_ISR
003f53aa   _USER3_ISR
003f53b4   _USER4_ISR
003f53be   _USER5_ISR
003f53c8   _USER6_ISR
003f53d2   _USER7_ISR
003f53dc   _USER8_ISR
003f53e6   _USER9_ISR
003f53f0   _USER10_ISR
003f53fa   _USER11_ISR
003f5404   _USER12_ISR
003f540e   _ADCINT1_ISR
003f5418   _ADCINT2_ISR
003f5422   _XINT1_ISR
003f542c   _XINT2_ISR
003f5436   _ADCINT9_ISR
003f5440   _TINT0_ISR
003f544a   _WAKEINT_ISR
003f5454   _EPWM1_TZINT_ISR
003f545e   _EPWM2_TZINT_ISR
003f5468   _EPWM3_TZINT_ISR
003f5472   _EPWM4_TZINT_ISR
003f547c   _EPWM5_TZINT_ISR
003f5486   _EPWM6_TZINT_ISR
003f5490   _EPWM7_TZINT_ISR
003f549a   _EPWM8_TZINT_ISR
003f54a4   _EPWM1_INT_ISR
003f54ae   _EPWM2_INT_ISR
003f54b8   _EPWM3_INT_ISR
003f54c2   _EPWM4_INT_ISR
003f54cc   _EPWM5_INT_ISR
003f54d6   _EPWM6_INT_ISR
003f54e0   _EPWM7_INT_ISR
003f54ea   _EPWM8_INT_ISR
003f54f4   _ECAP1_INT_ISR
003f54fe   _ECAP2_INT_ISR
003f5508   _ECAP3_INT_ISR
003f5512   _HRCAP1_INT_ISR
003f551c   _HRCAP2_INT_ISR
003f5526   _EQEP1_INT_ISR
003f5530   _EQEP2_INT_ISR
003f553a   _HRCAP3_INT_ISR
003f5544   _HRCAP4_INT_ISR
003f554e   _USB0_INT_ISR
003f5558   _SPIRXINTA_ISR
003f5562   _SPITXINTA_ISR
003f556c   _SPIRXINTB_ISR
003f5576   _SPITXINTB_ISR
003f5580   _MRINTA_ISR
003f558a   _MXINTA_ISR
003f5594   _DINTCH1_ISR
003f559e   _DINTCH2_ISR
003f55a8   _DINTCH3_ISR
003f55b2   _DINTCH4_ISR
003f55bc   _DINTCH5_ISR
003f55c6   _DINTCH6_ISR
003f55d0   _I2CINT1A_ISR
003f55da   _I2CINT2A_ISR
003f55e4   _SCIRXINTA_ISR
003f55ee   _SCITXINTA_ISR
003f55f8   _SCIRXINTB_ISR
003f5602   _SCITXINTB_ISR
003f560c   _ECAN0INTA_ISR
003f5616   _ECAN1INTA_ISR
003f5620   _ADCINT3_ISR
003f562a   _ADCINT4_ISR
003f5634   _ADCINT5_ISR
003f563e   _ADCINT6_ISR
003f5648   _ADCINT7_ISR
003f5652   _ADCINT8_ISR
003f565c   _CLA1_INT1_ISR
003f5666   _CLA1_INT2_ISR
003f5670   _CLA1_INT3_ISR
003f567a   _CLA1_INT4_ISR
003f5684   _CLA1_INT5_ISR
003f568e   _CLA1_INT6_ISR
003f5698   _CLA1_INT7_ISR
003f56a2   _CLA1_INT8_ISR
003f56ac   _XINT3_ISR
003f56b6   _LVF_ISR
003f56c0   _LUF_ISR
003f56ca   _EMPTY_ISR
003f56d7   _PIE_RESERVED
003f56e1   _rsvd_ISR
003f56eb   _cpu_timer0_isr
003f5af9   _cpu_timer2_isr
003f5b83   _cpu_timer1_isr
003f60c0   _SCI_RX_isr
003f60d4   _GYRO_X_isr
003f60e8   _adc_X_ISR
003f6101   _CLK_disableAdcClock
003f6108   _CLK_disableClaClock
003f610f   _CLK_disableClkIn
003f6115   _CLK_disableCompClock
003f6119   _CLK_disableCpuTimerClock
003f6120   _CLK_disableCrystalOsc
003f6126   _CLK_disableEcanaClock
003f612d   _CLK_disableEcap1Clock
003f6134   _CLK_disableEqep1Clock
003f613b   _CLK_disableGpioInputClock
003f6142   _CLK_disableHrPwmClock
003f6149   _CLK_disableI2cClock
003f6150   _CLK_disableLinAClock
003f6157   _CLK_disableOsc1
003f615d   _CLK_disableOsc1HaltMode
003f6163   _CLK_disableOsc2
003f6169   _CLK_disableOsc2HaltMode
003f616f   _CLK_disablePwmClock
003f6179   _CLK_disableSciaClock
003f6180   _CLK_disableSpiaClock
003f6187   _CLK_disableSpibClock
003f618b   _CLK_disableTbClockSync
003f6192   _CLK_disableWatchDogHaltMode
003f6198   _CLK_enableAdcClock
003f619f   _CLK_enableClaClock
003f61a6   _CLK_enableCompClock
003f61ac   _CLK_enableCpuTimerClock
003f61b2   _CLK_enableCrystalOsc
003f61b8   _CLK_enableEcanaClock
003f61bf   _CLK_enableEqep1Clock
003f61c6   _CLK_enableEcap1Clock
003f61cd   _CLK_enableClkIn
003f61d3   _CLK_enableGpioInputClock
003f61da   _CLK_enableHrPwmClock
003f61e1   _CLK_enableI2cClock
003f61e8   _CLK_enableLinAClock
003f61ef   _CLK_enableOsc1
003f61f5   _CLK_enableOsc1HaltMode
003f61fb   _CLK_enableOsc2
003f6201   _CLK_enableOsc2HaltMode
003f6207   _CLK_enablePwmClock
003f6210   _CLK_enableSciaClock
003f6217   _CLK_enableSpiaClock
003f621e   _CLK_enableSpibClock
003f6225   _CLK_enableTbClockSync
003f622c   _CLK_enableWatchDogHaltMode
003f6232   _CLK_init
003f6238   _CLK_setClkOutPreScaler
003f623f   _CLK_setLowSpdPreScaler
003f6245   _CLK_setOscSrc
003f624c   _CLK_setOsc2Src
003f6253   _CLK_setTimer2PreScale
003f625a   _CLK_setTimer2Src
003f6261   _CLK_setWatchDogSrc
003f6268   _GPIO_init
003f626e   _GPIO_setPullup
003f6293   _GPIO_setDirection
003f62b8   _GPIO_setExtInt
003f62c4   _GPIO_read
003f62ea   _GPIO_setHigh
003f62ff   _GPIO_setLow
003f6314   _GPIO_setMode
003f6362   _GPIO_toggle
003f6377   FS$$DIV
003f63ff   _cos
003f6460   _sin
003f64b8   _c_int00
003f64fe   __args_main
003f6517   C$$EXIT
003f6517   _abort
003f6519   _exit
003f6530   __register_unlock
003f6534   __register_lock
003f6538   __nop
003f6541   ___etext__
003f6541   etext
003f6642   _PieVectTableInit
003f6742   ___cinit__
003f6742   cinit
003f7ff6   code_start
ffffffff   ___binit__
ffffffff   ___c_args__
ffffffff   ___pinit__
ffffffff   binit
ffffffff   pinit

[370 symbols]
